162.158.192.17 - - [23/May/2016:11:47:13 -0400] "GET /challenges/ HTTP/1.1" 200 16726 "http://game.cryptoctf.com/challenges/" "Mozilla/5.0 (Windows NT 10.0; WOW64; rv:46.0) Gecko/20100101 Firefox/46.0"
162.158.192.17 - - [23/May/2016:11:47:17 -0400] "GET /scoreboard/ HTTP/1.1" 200 13964 "http://game.cryptoctf.com/challenges/" "Mozilla/5.0 (Windows NT 10.0; WOW64; rv:46.0) Gecko/20100101 Firefox/46.0"
173.245.52.90 - - [23/May/2016:11:47:32 -0400] "GET /scoreboard/ HTTP/1.1" 200 13905 "http://game.cryptoctf.com/challenges/" "Mozilla/5.0 (iPhone; CPU iPhone OS 9_2 like Mac OS X) AppleWebKit/601.1.46 (KHTML, like Gecko) Version/9.0 Mobile/13C75 Safari/601.1"
162.158.192.17 - - [23/May/2016:11:47:50 -0400] "GET /challenges/ HTTP/1.1" 200 16726 "http://game.cryptoctf.com/scoreboard/" "Mozilla/5.0 (Windows NT 10.0; WOW64; rv:46.0) Gecko/20100101 Firefox/46.0"
173.245.52.90 - - [23/May/2016:11:48:17 -0400] "GET / HTTP/1.1" 302 231 "-" "Mozilla/5.0 (Windows NT 6.3; WOW64) AppleWebKit/537.36 (KHTML, like Gecko) Chrome/50.0.2661.102 Safari/537.36"
173.245.52.90 - - [23/May/2016:11:48:17 -0400] "GET /scoreboard/ HTTP/1.1" 200 13962 "-" "Mozilla/5.0 (Windows NT 6.3; WOW64) AppleWebKit/537.36 (KHTML, like Gecko) Chrome/50.0.2661.102 Safari/537.36"
173.245.52.91 - - [23/May/2016:11:48:19 -0400] "GET /favicon.ico HTTP/1.1" 404 209 "http://game.cryptoctf.com/scoreboard/" "Mozilla/5.0 (Windows NT 6.3; WOW64) AppleWebKit/537.36 (KHTML, like Gecko) Chrome/50.0.2661.102 Safari/537.36"
162.158.184.65 - - [23/May/2016:11:48:20 -0400] "GET / HTTP/1.1" 200 3597 "-" "Mozilla/5.0 (Macintosh; Intel Mac OS X 10_11_2) AppleWebKit/537.36 (KHTML, like Gecko) Chrome/50.0.2661.102 Safari/537.36"
108.162.238.227 - - [23/May/2016:11:48:20 -0400] "GET /favicon.ico HTTP/1.1" 404 208 "http://cryptoctf.com/" "Mozilla/5.0 (Macintosh; Intel Mac OS X 10_11_2) AppleWebKit/537.36 (KHTML, like Gecko) Chrome/50.0.2661.102 Safari/537.36"
108.162.238.231 - - [23/May/2016:11:48:22 -0400] "GET /login/ HTTP/1.1" 200 1505 "http://cryptoctf.com/" "Mozilla/5.0 (Macintosh; Intel Mac OS X 10_11_2) AppleWebKit/537.36 (KHTML, like Gecko) Chrome/50.0.2661.102 Safari/537.36"
108.162.238.231 - - [23/May/2016:11:48:24 -0400] "GET /team/ HTTP/1.1" 200 3639 "http://game.cryptoctf.com/login/" "Mozilla/5.0 (Macintosh; Intel Mac OS X 10_11_2) AppleWebKit/537.36 (KHTML, like Gecko) Chrome/50.0.2661.102 Safari/537.36"
108.162.238.231 - - [23/May/2016:11:48:30 -0400] "GET /scoreboard/ HTTP/1.1" 200 13969 "http://game.cryptoctf.com/team/" "Mozilla/5.0 (Macintosh; Intel Mac OS X 10_11_2) AppleWebKit/537.36 (KHTML, like Gecko) Chrome/50.0.2661.102 Safari/537.36"
173.245.52.90 - - [23/May/2016:11:48:31 -0400] "GET /challenges/ HTTP/1.1" 200 17018 "http://game.cryptoctf.com/scoreboard/" "Mozilla/5.0 (Windows NT 6.3; WOW64) AppleWebKit/537.36 (KHTML, like Gecko) Chrome/50.0.2661.102 Safari/537.36"
108.162.238.231 - - [23/May/2016:11:48:36 -0400] "GET /challenges/ HTTP/1.1" 200 16885 "http://game.cryptoctf.com/scoreboard/" "Mozilla/5.0 (Macintosh; Intel Mac OS X 10_11_2) AppleWebKit/537.36 (KHTML, like Gecko) Chrome/50.0.2661.102 Safari/537.36"
162.158.184.65 - - [23/May/2016:11:48:49 -0400] "GET /static/log_rules_2571b3d0c0cc307bf1acbddded64ab87893c6b6922a3f66317da4abec33e4e73.txt HTTP/1.1" 200 339 "http://game.cryptoctf.com/challenges/" "Mozilla/5.0 (Macintosh; Intel Mac OS X 10_11_2) AppleWebKit/537.36 (KHTML, like Gecko) Chrome/50.0.2661.102 Safari/537.36"
173.245.52.90 - - [23/May/2016:11:49:40 -0400] "GET /team/ HTTP/1.1" 302 221 "-" "Mozilla/5.0 (iPhone; CPU iPhone OS 9_2 like Mac OS X) AppleWebKit/601.1.46 (KHTML, like Gecko) Version/9.0 Mobile/13C75 Safari/601.1"
173.245.52.90 - - [23/May/2016:11:49:40 -0400] "GET /login/ HTTP/1.1" 200 1489 "-" "Mozilla/5.0 (iPhone; CPU iPhone OS 9_2 like Mac OS X) AppleWebKit/601.1.46 (KHTML, like Gecko) Version/9.0 Mobile/13C75 Safari/601.1"
108.162.221.150 - - [23/May/2016:11:49:59 -0400] "GET /static/primey_rsa_455d2faa8de089762f1925239ac943dc3039f80254c10f1ee5231fdce7bb9646 HTTP/1.1" 200 1714 "http://game.cryptoctf.com/challenges/" "Mozilla/5.0 (X11; Linux x86_64; rv:43.0) Gecko/20100101 Firefox/43.0 Iceweasel/43.0.4"
173.245.52.90 - - [23/May/2016:11:50:03 -0400] "POST /login/ HTTP/1.1" 302 219 "http://game.cryptoctf.com/login/" "Mozilla/5.0 (iPhone; CPU iPhone OS 9_2 like Mac OS X) AppleWebKit/601.1.46 (KHTML, like Gecko) Version/9.0 Mobile/13C75 Safari/601.1"
173.245.52.90 - - [23/May/2016:11:50:03 -0400] "GET /team/ HTTP/1.1" 200 4745 "http://game.cryptoctf.com/login/" "Mozilla/5.0 (iPhone; CPU iPhone OS 9_2 like Mac OS X) AppleWebKit/601.1.46 (KHTML, like Gecko) Version/9.0 Mobile/13C75 Safari/601.1"
173.245.56.153 - - [23/May/2016:11:50:05 -0400] "GET /favicon.ico HTTP/1.1" 404 233 "http://game.cryptoctf.com/challenges/" "Mozilla/5.0 (Linux; Android 6.0; LG-H810 Build/MRA58K) AppleWebKit/537.36 (KHTML, like Gecko) Chrome/50.0.2661.89 Mobile Safari/537.36"
108.162.221.150 - - [23/May/2016:11:50:12 -0400] "GET /static/maaaaaath_94163e1cf28981d473c6412aba80ed2a0457144096930aa8a4f99efbf5ab7f1b.txt HTTP/1.1" 200 630889 "http://game.cryptoctf.com/challenges/" "Mozilla/5.0 (X11; Linux x86_64; rv:43.0) Gecko/20100101 Firefox/43.0 Iceweasel/43.0.4"
108.162.221.209 - - [23/May/2016:11:50:12 -0400] "GET /favicon.ico HTTP/1.1" 404 151 "-" "Mozilla/5.0 (X11; Linux x86_64; rv:43.0) Gecko/20100101 Firefox/43.0 Iceweasel/43.0.4"
108.162.221.150 - - [23/May/2016:11:50:42 -0400] "GET /static/psychic2_e968e3955fdb8371d2db3fbe1f427e2c5bda32da51a16b99066fb436343fcb28.zip HTTP/1.1" 200 1617127 "-" "Wget/1.17.1 (linux-gnu)"
162.158.184.65 - - [23/May/2016:11:51:18 -0400] "GET /static/dizzy_b2ba7479cded95ec59e5543a0e47da9b5835d5dce69a92869d92f69a2303e9dd.txt HTTP/1.1" 200 289 "http://game.cryptoctf.com/challenges/" "Mozilla/5.0 (Macintosh; Intel Mac OS X 10_11_2) AppleWebKit/537.36 (KHTML, like Gecko) Chrome/50.0.2661.102 Safari/537.36"
162.158.184.65 - - [23/May/2016:11:51:32 -0400] "GET /static/repetitions_5de862df34a49cb2291480d121a1c9f71f4866f77b2f843c741e6df1ea5296e7.txt HTTP/1.1" 200 180 "http://game.cryptoctf.com/challenges/" "Mozilla/5.0 (Macintosh; Intel Mac OS X 10_11_3) AppleWebKit/537.36 (KHTML, like Gecko) Chrome/50.0.2661.102 Safari/537.36"
162.158.184.65 - - [23/May/2016:11:51:48 -0400] "GET /static/log_rules_2571b3d0c0cc307bf1acbddded64ab87893c6b6922a3f66317da4abec33e4e73.txt HTTP/1.1" 200 339 "http://game.cryptoctf.com/challenges/" "Mozilla/5.0 (Macintosh; Intel Mac OS X 10_11_3) AppleWebKit/537.36 (KHTML, like Gecko) Chrome/45.0.2454.85 Safari/537.36"
162.158.184.65 - - [23/May/2016:11:51:58 -0400] "GET /static/OTP_564d224c2293e89e2464aba11fe10b5e4d7e2f35be69aa006efe266518f788f3.java HTTP/1.1" 200 1676 "http://game.cryptoctf.com/challenges/" "Mozilla/5.0 (Macintosh; Intel Mac OS X 10_11_3) AppleWebKit/537.36 (KHTML, like Gecko) Chrome/50.0.2661.102 Safari/537.36"
108.162.221.176 - - [23/May/2016:11:52:19 -0400] "GET / HTTP/1.1" 200 9907 "-" "Mozilla/5.0 (Macintosh; Intel Mac OS X 10_11_4) AppleWebKit/537.36 (KHTML, like Gecko) Chrome/50.0.2661.102 Safari/537.36"
108.162.221.150 - - [23/May/2016:11:52:25 -0400] "GET / HTTP/1.1" 302 231 "-" "Mozilla/5.0 (Macintosh; Intel Mac OS X 10_11_4) AppleWebKit/537.36 (KHTML, like Gecko) Chrome/50.0.2661.102 Safari/537.36"
108.162.221.150 - - [23/May/2016:11:52:26 -0400] "GET /scoreboard/ HTTP/1.1" 200 65876 "-" "Mozilla/5.0 (Macintosh; Intel Mac OS X 10_11_4) AppleWebKit/537.36 (KHTML, like Gecko) Chrome/50.0.2661.102 Safari/537.36"
108.162.221.148 - - [23/May/2016:11:52:28 -0400] "GET /favicon.ico HTTP/1.1" 404 233 "http://game.cryptoctf.com/scoreboard/" "Mozilla/5.0 (Macintosh; Intel Mac OS X 10_11_4) AppleWebKit/537.36 (KHTML, like Gecko) Chrome/50.0.2661.102 Safari/537.36"
162.158.57.179 - - [23/May/2016:11:52:34 -0400] "GET /favicon.ico HTTP/1.1" 404 209 "http://game.cryptoctf.com/scoreboard/" "Mozilla/5.0 (Linux; Android 6.0.1; A0001 Build/MMB29X) AppleWebKit/537.36 (KHTML, like Gecko) Chrome/50.0.2661.89 Mobile Safari/537.36"
108.162.221.150 - - [23/May/2016:11:52:52 -0400] "GET /login/ HTTP/1.1" 200 4959 "http://game.cryptoctf.com/scoreboard/" "Mozilla/5.0 (Macintosh; Intel Mac OS X 10_11_4) AppleWebKit/537.36 (KHTML, like Gecko) Chrome/50.0.2661.102 Safari/537.36"
108.162.221.150 - - [23/May/2016:11:52:55 -0400] "POST /login/ HTTP/1.1" 302 219 "http://game.cryptoctf.com/login/" "Mozilla/5.0 (Macintosh; Intel Mac OS X 10_11_4) AppleWebKit/537.36 (KHTML, like Gecko) Chrome/50.0.2661.102 Safari/537.36"
108.162.221.150 - - [23/May/2016:11:52:55 -0400] "GET /team/ HTTP/1.1" 200 20167 "http://game.cryptoctf.com/login/" "Mozilla/5.0 (Macintosh; Intel Mac OS X 10_11_4) AppleWebKit/537.36 (KHTML, like Gecko) Chrome/50.0.2661.102 Safari/537.36"
108.162.221.150 - - [23/May/2016:11:52:58 -0400] "GET /challenges/ HTTP/1.1" 200 109066 "http://game.cryptoctf.com/team/" "Mozilla/5.0 (Macintosh; Intel Mac OS X 10_11_4) AppleWebKit/537.36 (KHTML, like Gecko) Chrome/50.0.2661.102 Safari/537.36"
173.245.52.175 - - [23/May/2016:11:53:33 -0400] "GET /static/alltexthaystack_8bb2bd553f9da7d3ca06dce6faf61de5f3ba38043a505736c1d95889f8ea263d.txt HTTP/1.1" 200 15036222 "-" "Wget/1.15 (linux-gnu)"
108.162.221.176 - - [23/May/2016:11:53:46 -0400] "GET /static/secure_data_7500314f2b1386d495d610436a5ad8c2a405ef8f05856222df1fea664b5a6054 HTTP/1.1" 200 746 "http://game.cryptoctf.com/challenges/" "Mozilla/5.0 (Macintosh; Intel Mac OS X 10_11_4) AppleWebKit/537.36 (KHTML, like Gecko) Chrome/50.0.2661.102 Safari/537.36"
108.162.221.150 - - [23/May/2016:11:54:44 -0400] "GET /challenges/55/solves/ HTTP/1.1" 200 4346 "http://game.cryptoctf.com/challenges/" "Mozilla/5.0 (Macintosh; Intel Mac OS X 10_11_4) AppleWebKit/537.36 (KHTML, like Gecko) Chrome/50.0.2661.102 Safari/537.36"
162.158.91.15 - - [23/May/2016:11:54:53 -0400] "POST /api/submit/32.json HTTP/1.1" 200 44 "http://game.cryptoctf.com/challenges/" "Mozilla/5.0 (Windows NT 6.3; Win64; x64; rv:49.0) Gecko/20100101 Firefox/49.0"
162.158.91.15 - - [23/May/2016:11:54:56 -0400] "POST /api/submit/32.json HTTP/1.1" 200 44 "http://game.cryptoctf.com/challenges/" "Mozilla/5.0 (Windows NT 6.3; Win64; x64; rv:49.0) Gecko/20100101 Firefox/49.0"
162.158.91.15 - - [23/May/2016:11:55:09 -0400] "POST /api/submit/32.json HTTP/1.1" 200 44 "http://game.cryptoctf.com/challenges/" "Mozilla/5.0 (Windows NT 6.3; Win64; x64; rv:49.0) Gecko/20100101 Firefox/49.0"
162.158.91.15 - - [23/May/2016:11:55:14 -0400] "POST /api/submit/32.json HTTP/1.1" 200 44 "http://game.cryptoctf.com/challenges/" "Mozilla/5.0 (Windows NT 6.3; Win64; x64; rv:49.0) Gecko/20100101 Firefox/49.0"
108.162.219.105 - - [23/May/2016:11:55:17 -0400] "GET / HTTP/1.1" 304 0 "-" "Mozilla/5.0 (X11; Ubuntu; Linux x86_64; rv:45.0) Gecko/20100101 Firefox/45.0"
108.162.219.87 - - [23/May/2016:11:55:18 -0400] "GET /favicon.ico HTTP/1.1" 404 177 "-" "Mozilla/5.0 (X11; Ubuntu; Linux x86_64; rv:45.0) Gecko/20100101 Firefox/45.0"
173.245.52.83 - - [23/May/2016:11:55:24 -0400] "GET /login/ HTTP/1.1" 200 4959 "http://cryptoctf.com/" "Mozilla/5.0 (X11; Ubuntu; Linux x86_64; rv:45.0) Gecko/20100101 Firefox/45.0"
108.162.219.98 - - [23/May/2016:11:55:25 -0400] "GET /static/logo.png HTTP/1.1" 304 0 "http://game.cryptoctf.com/static/cryptoctf.css" "Mozilla/5.0 (X11; Ubuntu; Linux x86_64; rv:45.0) Gecko/20100101 Firefox/45.0"
173.245.52.128 - - [23/May/2016:11:55:25 -0400] "GET /favicon.ico HTTP/1.1" 404 233 "-" "Mozilla/5.0 (X11; Ubuntu; Linux x86_64; rv:45.0) Gecko/20100101 Firefox/45.0"
162.158.184.119 - - [23/May/2016:11:55:35 -0400] "GET /scoreboard/ HTTP/1.1" 200 13968 "http://game.cryptoctf.com/challenges/" "Mozilla/5.0 (Windows NT 6.1; WOW64) AppleWebKit/537.36 (KHTML, like Gecko) Chrome/50.0.2661.102 Safari/537.36"
162.158.184.119 - - [23/May/2016:11:55:42 -0400] "GET /scoreboard/ HTTP/1.1" 200 13968 "http://game.cryptoctf.com/scoreboard/" "Mozilla/5.0 (Windows NT 6.1; WOW64) AppleWebKit/537.36 (KHTML, like Gecko) Chrome/50.0.2661.102 Safari/537.36"
162.158.91.63 - - [23/May/2016:11:55:46 -0400] "GET /challenges/ HTTP/1.1" 200 16882 "http://game.cryptoctf.com/scoreboard/" "Mozilla/5.0 (Windows NT 6.1; WOW64; rv:46.0) Gecko/20100101 Firefox/46.0"
162.158.184.119 - - [23/May/2016:11:55:46 -0400] "GET /logout/ HTTP/1.1" 302 209 "http://game.cryptoctf.com/scoreboard/" "Mozilla/5.0 (Windows NT 6.1; WOW64) AppleWebKit/537.36 (KHTML, like Gecko) Chrome/50.0.2661.102 Safari/537.36"
162.158.184.119 - - [23/May/2016:11:55:46 -0400] "GET / HTTP/1.1" 302 231 "http://game.cryptoctf.com/scoreboard/" "Mozilla/5.0 (Windows NT 6.1; WOW64) AppleWebKit/537.36 (KHTML, like Gecko) Chrome/50.0.2661.102 Safari/537.36"
162.158.184.119 - - [23/May/2016:11:55:46 -0400] "GET /scoreboard/ HTTP/1.1" 200 13962 "http://game.cryptoctf.com/scoreboard/" "Mozilla/5.0 (Windows NT 6.1; WOW64) AppleWebKit/537.36 (KHTML, like Gecko) Chrome/50.0.2661.102 Safari/537.36"
173.245.52.168 - - [23/May/2016:11:55:49 -0400] "POST /login/ HTTP/1.1" 302 219 "http://game.cryptoctf.com/login/" "Mozilla/5.0 (X11; Ubuntu; Linux x86_64; rv:45.0) Gecko/20100101 Firefox/45.0"
173.245.52.168 - - [23/May/2016:11:55:49 -0400] "GET /team/ HTTP/1.1" 200 19912 "http://game.cryptoctf.com/login/" "Mozilla/5.0 (X11; Ubuntu; Linux x86_64; rv:45.0) Gecko/20100101 Firefox/45.0"
108.162.238.228 - - [23/May/2016:11:55:56 -0400] "GET / HTTP/1.1" 200 3597 "-" "Mozilla/5.0 (Windows NT 6.1; WOW64) AppleWebKit/537.36 (KHTML, like Gecko) Chrome/50.0.2661.102 Safari/537.36"
162.158.91.15 - - [23/May/2016:11:55:57 -0400] "GET / HTTP/1.1" 302 231 "http://game.cryptoctf.com/" "Mozilla/5.0 (Windows NT 6.3; Win64; x64; rv:49.0) Gecko/20100101 Firefox/49.0"
162.158.91.15 - - [23/May/2016:11:55:58 -0400] "GET /scoreboard/ HTTP/1.1" 200 13970 "http://game.cryptoctf.com/" "Mozilla/5.0 (Windows NT 6.3; Win64; x64; rv:49.0) Gecko/20100101 Firefox/49.0"
173.245.52.168 - - [23/May/2016:11:56:03 -0400] "GET /challenges/ HTTP/1.1" 200 109573 "http://game.cryptoctf.com/team/" "Mozilla/5.0 (X11; Ubuntu; Linux x86_64; rv:45.0) Gecko/20100101 Firefox/45.0"
173.245.52.168 - - [23/May/2016:11:56:09 -0400] "GET /scoreboard/ HTTP/1.1" 200 66035 "http://game.cryptoctf.com/challenges/" "Mozilla/5.0 (X11; Ubuntu; Linux x86_64; rv:45.0) Gecko/20100101 Firefox/45.0"
162.158.91.63 - - [23/May/2016:11:56:21 -0400] "POST /api/submit/32.json HTTP/1.1" 200 44 "http://game.cryptoctf.com/challenges/" "Mozilla/5.0 (Windows NT 6.1; WOW64; rv:46.0) Gecko/20100101 Firefox/46.0"
108.162.215.112 - - [23/May/2016:11:57:59 -0400] "GET / HTTP/1.1" 304 0 "-" "Mozilla/5.0 (Windows NT 6.1; WOW64) AppleWebKit/537.36 (KHTML, like Gecko) Chrome/50.0.2661.102 Safari/537.36"
162.158.57.83 - - [23/May/2016:11:57:59 -0400] "GET /assets/css/main.css HTTP/1.1" 304 0 "http://cryptoctf.com/" "Mozilla/5.0 (Windows NT 6.1; WOW64) AppleWebKit/537.36 (KHTML, like Gecko) Chrome/50.0.2661.102 Safari/537.36"
108.162.215.107 - - [23/May/2016:11:57:59 -0400] "GET /assets/js/util.js HTTP/1.1" 304 0 "http://cryptoctf.com/" "Mozilla/5.0 (Windows NT 6.1; WOW64) AppleWebKit/537.36 (KHTML, like Gecko) Chrome/50.0.2661.102 Safari/537.36"
108.162.215.169 - - [23/May/2016:11:57:59 -0400] "GET /assets/js/jquery.min.js HTTP/1.1" 304 0 "http://cryptoctf.com/" "Mozilla/5.0 (Windows NT 6.1; WOW64) AppleWebKit/537.36 (KHTML, like Gecko) Chrome/50.0.2661.102 Safari/537.36"
162.158.56.89 - - [23/May/2016:11:57:59 -0400] "GET /assets/js/jquery.scrolly.min.js HTTP/1.1" 304 0 "http://cryptoctf.com/" "Mozilla/5.0 (Windows NT 6.1; WOW64) AppleWebKit/537.36 (KHTML, like Gecko) Chrome/50.0.2661.102 Safari/537.36"
108.162.215.110 - - [23/May/2016:11:57:59 -0400] "GET /assets/js/jquery.scrollex.min.js HTTP/1.1" 304 0 "http://cryptoctf.com/" "Mozilla/5.0 (Windows NT 6.1; WOW64) AppleWebKit/537.36 (KHTML, like Gecko) Chrome/50.0.2661.102 Safari/537.36"
108.162.215.202 - - [23/May/2016:11:57:59 -0400] "GET /assets/js/skel.min.js HTTP/1.1" 304 0 "http://cryptoctf.com/" "Mozilla/5.0 (Windows NT 6.1; WOW64) AppleWebKit/537.36 (KHTML, like Gecko) Chrome/50.0.2661.102 Safari/537.36"
162.158.56.95 - - [23/May/2016:11:58:00 -0400] "GET /assets/js/main.js HTTP/1.1" 304 0 "http://cryptoctf.com/" "Mozilla/5.0 (Windows NT 6.1; WOW64) AppleWebKit/537.36 (KHTML, like Gecko) Chrome/50.0.2661.102 Safari/537.36"
162.158.56.203 - - [23/May/2016:11:58:00 -0400] "GET /assets/css/font-awesome.min.css HTTP/1.1" 304 0 "http://cryptoctf.com/" "Mozilla/5.0 (Windows NT 6.1; WOW64) AppleWebKit/537.36 (KHTML, like Gecko) Chrome/50.0.2661.102 Safari/537.36"
108.162.215.109 - - [23/May/2016:11:58:00 -0400] "GET /assets/css/images/intro.svg HTTP/1.1" 304 0 "http://cryptoctf.com/assets/css/main.css" "Mozilla/5.0 (Windows NT 6.1; WOW64) AppleWebKit/537.36 (KHTML, like Gecko) Chrome/50.0.2661.102 Safari/537.36"
162.158.57.11 - - [23/May/2016:11:58:00 -0400] "GET /assets/fonts/fontawesome-webfont.woff2?v=4.4.0 HTTP/1.1" 304 0 "http://cryptoctf.com/assets/css/font-awesome.min.css" "Mozilla/5.0 (Windows NT 6.1; WOW64) AppleWebKit/537.36 (KHTML, like Gecko) Chrome/50.0.2661.102 Safari/537.36"
162.158.57.53 - - [23/May/2016:11:58:00 -0400] "GET /favicon.ico HTTP/1.1" 404 208 "http://cryptoctf.com/" "Mozilla/5.0 (Windows NT 6.1; WOW64) AppleWebKit/537.36 (KHTML, like Gecko) Chrome/50.0.2661.102 Safari/537.36"
162.158.57.101 - - [23/May/2016:11:58:04 -0400] "GET /login/ HTTP/1.1" 200 1441 "http://cryptoctf.com/" "Mozilla/5.0 (Windows NT 6.1; WOW64) AppleWebKit/537.36 (KHTML, like Gecko) Chrome/50.0.2661.102 Safari/537.36"
108.162.215.250 - - [23/May/2016:11:58:04 -0400] "GET /static/logo.png HTTP/1.1" 304 0 "http://game.cryptoctf.com/static/cryptoctf.css" "Mozilla/5.0 (Windows NT 6.1; WOW64) AppleWebKit/537.36 (KHTML, like Gecko) Chrome/50.0.2661.102 Safari/537.36"
162.158.57.179 - - [23/May/2016:11:58:04 -0400] "GET /favicon.ico HTTP/1.1" 404 209 "http://game.cryptoctf.com/login/" "Mozilla/5.0 (Windows NT 6.1; WOW64) AppleWebKit/537.36 (KHTML, like Gecko) Chrome/50.0.2661.102 Safari/537.36"
162.158.57.101 - - [23/May/2016:11:58:24 -0400] "POST /login/ HTTP/1.1" 200 1493 "http://game.cryptoctf.com/login/" "Mozilla/5.0 (Windows NT 6.1; WOW64) AppleWebKit/537.36 (KHTML, like Gecko) Chrome/50.0.2661.102 Safari/537.36"
162.158.91.63 - - [23/May/2016:11:58:26 -0400] "POST /api/submit/32.json HTTP/1.1" 200 44 "http://game.cryptoctf.com/challenges/" "Mozilla/5.0 (Windows NT 6.1; WOW64; rv:46.0) Gecko/20100101 Firefox/46.0"
162.158.57.101 - - [23/May/2016:11:58:28 -0400] "POST /login/ HTTP/1.1" 302 219 "http://game.cryptoctf.com/login/" "Mozilla/5.0 (Windows NT 6.1; WOW64) AppleWebKit/537.36 (KHTML, like Gecko) Chrome/50.0.2661.102 Safari/537.36"
162.158.57.101 - - [23/May/2016:11:58:29 -0400] "GET /team/ HTTP/1.1" 200 3444 "http://game.cryptoctf.com/login/" "Mozilla/5.0 (Windows NT 6.1; WOW64) AppleWebKit/537.36 (KHTML, like Gecko) Chrome/50.0.2661.102 Safari/537.36"
162.158.57.101 - - [23/May/2016:11:58:33 -0400] "GET /challenges/ HTTP/1.1" 200 16995 "http://game.cryptoctf.com/team/" "Mozilla/5.0 (Windows NT 6.1; WOW64) AppleWebKit/537.36 (KHTML, like Gecko) Chrome/50.0.2661.102 Safari/537.36"
162.158.57.101 - - [23/May/2016:11:58:35 -0400] "GET /scoreboard/ HTTP/1.1" 200 13991 "http://game.cryptoctf.com/challenges/" "Mozilla/5.0 (Windows NT 6.1; WOW64) AppleWebKit/537.36 (KHTML, like Gecko) Chrome/50.0.2661.102 Safari/537.36"
108.162.221.175 - - [23/May/2016:11:58:48 -0400] "GET /challenges/ HTTP/1.1" 200 16994 "http://game.cryptoctf.com/team/" "Mozilla/5.0 (Macintosh; Intel Mac OS X 10_11_2) AppleWebKit/537.36 (KHTML, like Gecko) Chrome/50.0.2661.102 Safari/537.36"
108.162.221.148 - - [23/May/2016:11:58:49 -0400] "GET /favicon.ico HTTP/1.1" 404 209 "http://game.cryptoctf.com/challenges/" "Mozilla/5.0 (Macintosh; Intel Mac OS X 10_11_2) AppleWebKit/537.36 (KHTML, like Gecko) Chrome/50.0.2661.102 Safari/537.36"
108.162.215.112 - - [23/May/2016:11:59:21 -0400] "GET /static/log_rules_2571b3d0c0cc307bf1acbddded64ab87893c6b6922a3f66317da4abec33e4e73.txt HTTP/1.1" 200 339 "http://game.cryptoctf.com/challenges/" "Mozilla/5.0 (Windows NT 6.1; WOW64) AppleWebKit/537.36 (KHTML, like Gecko) Chrome/50.0.2661.102 Safari/537.36"
162.158.91.63 - - [23/May/2016:11:59:22 -0400] "POST /api/submit/32.json HTTP/1.1" 200 44 "http://game.cryptoctf.com/challenges/" "Mozilla/5.0 (Windows NT 6.1; WOW64; rv:46.0) Gecko/20100101 Firefox/46.0"
173.245.52.174 - - [23/May/2016:11:59:25 -0400] "GET /challenges/ HTTP/1.1" 200 16861 "http://game.cryptoctf.com/scoreboard/" "Mozilla/5.0 (Windows NT 6.3; Win64; x64) AppleWebKit/537.36 (KHTML, like Gecko) Chrome/50.0.2661.102 Safari/537.36"
108.162.229.83 - - [23/May/2016:11:59:47 -0400] "GET /static/pulitzer_winner_835c6f0c9b8ab6ea66f969c6b2cf9336ba63a2bbfbb0561d51ea75f1a9f4bc3c.txt HTTP/1.1" 200 962 "http://game.cryptoctf.com/challenges/" "Mozilla/5.0 (Windows NT 10.0; WOW64; rv:46.0) Gecko/20100101 Firefox/46.0"
108.162.215.112 - - [23/May/2016:11:59:48 -0400] "GET / HTTP/1.1" 304 0 "-" "Mozilla/5.0 (Windows NT 6.1; WOW64) AppleWebKit/537.36 (KHTML, like Gecko) Chrome/50.0.2661.102 Safari/537.36"
162.158.57.101 - - [23/May/2016:11:59:51 -0400] "GET / HTTP/1.1" 302 231 "http://cryptoctf.com/" "Mozilla/5.0 (Windows NT 6.1; WOW64) AppleWebKit/537.36 (KHTML, like Gecko) Chrome/50.0.2661.102 Safari/537.36"
162.158.57.101 - - [23/May/2016:11:59:51 -0400] "GET /scoreboard/ HTTP/1.1" 200 13922 "http://cryptoctf.com/" "Mozilla/5.0 (Windows NT 6.1; WOW64) AppleWebKit/537.36 (KHTML, like Gecko) Chrome/50.0.2661.102 Safari/537.36"
162.158.57.101 - - [23/May/2016:11:59:54 -0400] "GET /login/ HTTP/1.1" 200 1437 "http://game.cryptoctf.com/scoreboard/" "Mozilla/5.0 (Windows NT 6.1; WOW64) AppleWebKit/537.36 (KHTML, like Gecko) Chrome/50.0.2661.102 Safari/537.36"
173.245.50.171 - - [23/May/2016:11:59:55 -0400] "GET /static/log_rules_2571b3d0c0cc307bf1acbddded64ab87893c6b6922a3f66317da4abec33e4e73.txt HTTP/1.1" 200 339 "http://game.cryptoctf.com/challenges/" "Mozilla/5.0 (Macintosh; Intel Mac OS X 10_11_2) AppleWebKit/537.36 (KHTML, like Gecko) Chrome/50.0.2661.102 Safari/537.36"
162.158.57.101 - - [23/May/2016:11:59:59 -0400] "POST /login/ HTTP/1.1" 302 219 "http://game.cryptoctf.com/login/" "Mozilla/5.0 (Windows NT 6.1; WOW64) AppleWebKit/537.36 (KHTML, like Gecko) Chrome/50.0.2661.102 Safari/537.36"
162.158.57.101 - - [23/May/2016:11:59:59 -0400] "GET /team/ HTTP/1.1" 200 3498 "http://game.cryptoctf.com/login/" "Mozilla/5.0 (Windows NT 6.1; WOW64) AppleWebKit/537.36 (KHTML, like Gecko) Chrome/50.0.2661.102 Safari/537.36"
162.158.57.101 - - [23/May/2016:12:00:06 -0400] "GET /team/ HTTP/1.1" 200 3465 "http://game.cryptoctf.com/team/" "Mozilla/5.0 (Windows NT 6.1; WOW64) AppleWebKit/537.36 (KHTML, like Gecko) Chrome/50.0.2661.102 Safari/537.36"
108.162.215.112 - - [23/May/2016:12:00:08 -0400] "GET / HTTP/1.1" 200 3597 "-" "Mozilla/5.0 (Windows NT 6.1; WOW64) AppleWebKit/537.36 (KHTML, like Gecko) Chrome/50.0.2661.94 Safari/537.36"
162.158.57.101 - - [23/May/2016:12:00:10 -0400] "GET /scoreboard/ HTTP/1.1" 200 13988 "http://game.cryptoctf.com/team/" "Mozilla/5.0 (Windows NT 6.1; WOW64) AppleWebKit/537.36 (KHTML, like Gecko) Chrome/50.0.2661.102 Safari/537.36"
162.158.57.101 - - [23/May/2016:12:00:12 -0400] "GET / HTTP/1.1" 302 231 "http://cryptoctf.com/" "Mozilla/5.0 (Windows NT 6.1; WOW64) AppleWebKit/537.36 (KHTML, like Gecko) Chrome/50.0.2661.94 Safari/537.36"
162.158.57.101 - - [23/May/2016:12:00:12 -0400] "GET /scoreboard/ HTTP/1.1" 200 13921 "http://cryptoctf.com/" "Mozilla/5.0 (Windows NT 6.1; WOW64) AppleWebKit/537.36 (KHTML, like Gecko) Chrome/50.0.2661.94 Safari/537.36"
162.158.57.101 - - [23/May/2016:12:00:21 -0400] "GET /login/ HTTP/1.1" 200 1441 "http://game.cryptoctf.com/scoreboard/" "Mozilla/5.0 (Windows NT 6.1; WOW64) AppleWebKit/537.36 (KHTML, like Gecko) Chrome/50.0.2661.94 Safari/537.36"
162.158.57.101 - - [23/May/2016:12:00:38 -0400] "POST /api/submit/10.json HTTP/1.1" 200 44 "http://game.cryptoctf.com/challenges/" "Mozilla/5.0 (Windows NT 6.1; WOW64) AppleWebKit/537.36 (KHTML, like Gecko) Chrome/50.0.2661.102 Safari/537.36"
108.162.215.112 - - [23/May/2016:12:01:03 -0400] "GET /static/baby_haystack_3388b3788d3890ab5dd47e55da66a0c7f05923ca8fc3f97908bd6a5286c8c011 HTTP/1.1" 200 49981369 "http://game.cryptoctf.com/challenges/" "Mozilla/5.0 (Windows NT 6.1; WOW64) AppleWebKit/537.36 (KHTML, like Gecko) Chrome/50.0.2661.102 Safari/537.36"
108.162.215.112 - - [23/May/2016:12:01:07 -0400] "GET /static/baby_haystack_3388b3788d3890ab5dd47e55da66a0c7f05923ca8fc3f97908bd6a5286c8c011 HTTP/1.1" 206 1 "http://game.cryptoctf.com/challenges/" "Mozilla/5.0 (Windows NT 6.1; WOW64) AppleWebKit/537.36 (KHTML, like Gecko) Chrome/50.0.2661.102 Safari/537.36"
162.158.57.101 - - [23/May/2016:12:01:07 -0400] "POST /login/ HTTP/1.1" 302 219 "http://game.cryptoctf.com/login/" "Mozilla/5.0 (Windows NT 6.1; WOW64) AppleWebKit/537.36 (KHTML, like Gecko) Chrome/50.0.2661.94 Safari/537.36"
162.158.57.101 - - [23/May/2016:12:01:07 -0400] "GET /team/ HTTP/1.1" 200 3499 "http://game.cryptoctf.com/login/" "Mozilla/5.0 (Windows NT 6.1; WOW64) AppleWebKit/537.36 (KHTML, like Gecko) Chrome/50.0.2661.94 Safari/537.36"
162.158.57.101 - - [23/May/2016:12:01:14 -0400] "GET /challenges/ HTTP/1.1" 200 16983 "http://game.cryptoctf.com/team/" "Mozilla/5.0 (Windows NT 6.1; WOW64) AppleWebKit/537.36 (KHTML, like Gecko) Chrome/50.0.2661.94 Safari/537.36"
162.158.57.101 - - [23/May/2016:12:01:17 -0400] "GET /challenges/ HTTP/1.1" 200 16982 "http://game.cryptoctf.com/scoreboard/" "Mozilla/5.0 (Windows NT 6.1; WOW64) AppleWebKit/537.36 (KHTML, like Gecko) Chrome/50.0.2661.102 Safari/537.36"
108.162.215.112 - - [23/May/2016:12:01:24 -0400] "GET /static/log_rules_2571b3d0c0cc307bf1acbddded64ab87893c6b6922a3f66317da4abec33e4e73.txt HTTP/1.1" 200 339 "http://game.cryptoctf.com/challenges/" "Mozilla/5.0 (Windows NT 6.1; WOW64) AppleWebKit/537.36 (KHTML, like Gecko) Chrome/50.0.2661.102 Safari/537.36"
108.162.215.112 - - [23/May/2016:12:01:25 -0400] "GET /static/baby_haystack_3388b3788d3890ab5dd47e55da66a0c7f05923ca8fc3f97908bd6a5286c8c011 HTTP/1.1" 206 224802507 "http://game.cryptoctf.com/challenges/" "Mozilla/5.0 (Windows NT 6.1; WOW64) AppleWebKit/537.36 (KHTML, like Gecko) Chrome/50.0.2661.102 Safari/537.36"
108.162.221.157 - - [23/May/2016:12:01:26 -0400] "GET /login/ HTTP/1.1" 200 1442 "http://cryptoctf.com/" "Mozilla/5.0 (Windows NT 6.1) AppleWebKit/537.36 (KHTML, like Gecko) Chrome/50.0.2661.94 Safari/537.36"
162.158.57.101 - - [23/May/2016:12:01:29 -0400] "GET /scoreboard/ HTTP/1.1" 200 13970 "http://game.cryptoctf.com/challenges/" "Mozilla/5.0 (Windows NT 6.1; WOW64) AppleWebKit/537.36 (KHTML, like Gecko) Chrome/50.0.2661.94 Safari/537.36"
108.162.215.112 - - [23/May/2016:12:01:36 -0400] "GET / HTTP/1.1" 200 3597 "https://www.google.com/" "Mozilla/5.0 (Windows NT 6.1; WOW64) AppleWebKit/537.36 (KHTML, like Gecko) Chrome/50.0.2661.102 Safari/537.36"
108.162.215.199 - - [23/May/2016:12:01:38 -0400] "GET /challenges/ HTTP/1.1" 200 16722 "-" "Mozilla/5.0 (Windows NT 10.0; WOW64) AppleWebKit/537.36 (KHTML, like Gecko) Chrome/50.0.2661.102 Safari/537.36"
108.162.215.159 - - [23/May/2016:12:01:38 -0400] "GET /static/magiceye_7960265f84be69da342595b2e4cbefa179ade22b63a19fe11995f206eee5bb7f.png HTTP/1.1" 200 186994 "http://game.cryptoctf.com/challenges/" "Mozilla/5.0 (Windows NT 6.1; WOW64) AppleWebKit/537.36 (KHTML, like Gecko) Chrome/50.0.2661.102 Safari/537.36"
162.158.57.101 - - [23/May/2016:12:02:07 -0400] "GET /login/ HTTP/1.1" 200 1437 "http://cryptoctf.com/" "Mozilla/5.0 (Windows NT 6.1; WOW64) AppleWebKit/537.36 (KHTML, like Gecko) Chrome/50.0.2661.102 Safari/537.36"
162.158.57.101 - - [23/May/2016:12:02:13 -0400] "POST /login/ HTTP/1.1" 302 219 "http://game.cryptoctf.com/login/" "Mozilla/5.0 (Windows NT 6.1; WOW64) AppleWebKit/537.36 (KHTML, like Gecko) Chrome/50.0.2661.102 Safari/537.36"
162.158.57.101 - - [23/May/2016:12:02:13 -0400] "GET /team/ HTTP/1.1" 200 3113 "http://game.cryptoctf.com/login/" "Mozilla/5.0 (Windows NT 6.1; WOW64) AppleWebKit/537.36 (KHTML, like Gecko) Chrome/50.0.2661.102 Safari/537.36"
162.158.57.101 - - [23/May/2016:12:02:15 -0400] "GET /challenges/ HTTP/1.1" 200 16983 "http://game.cryptoctf.com/scoreboard/" "Mozilla/5.0 (Windows NT 6.1; WOW64) AppleWebKit/537.36 (KHTML, like Gecko) Chrome/50.0.2661.94 Safari/537.36"
108.162.215.186 - - [23/May/2016:12:02:21 -0400] "GET /static/flag_12fa4a43d2a6bac53415e7681b91a4e3e2de3fa072919492c0d545e5fd4f6198.jpg HTTP/1.1" 200 122003 "http://game.cryptoctf.com/challenges/" "Mozilla/5.0 (Windows NT 6.1; WOW64) AppleWebKit/537.36 (KHTML, like Gecko) Chrome/50.0.2661.102 Safari/537.36"
108.162.221.157 - - [23/May/2016:12:02:25 -0400] "POST /login/ HTTP/1.1" 200 1495 "http://game.cryptoctf.com/login/" "Mozilla/5.0 (Windows NT 6.1) AppleWebKit/537.36 (KHTML, like Gecko) Chrome/50.0.2661.94 Safari/537.36"
162.158.57.101 - - [23/May/2016:12:02:26 -0400] "GET /challenges/ HTTP/1.1" 200 17033 "http://game.cryptoctf.com/team/" "Mozilla/5.0 (Windows NT 6.1; WOW64) AppleWebKit/537.36 (KHTML, like Gecko) Chrome/50.0.2661.102 Safari/537.36"
108.162.221.157 - - [23/May/2016:12:02:29 -0400] "GET / HTTP/1.1" 302 231 "-" "Mozilla/5.0 (Windows NT 6.1) AppleWebKit/537.36 (KHTML, like Gecko) Chrome/50.0.2661.102 Safari/537.36"
108.162.221.157 - - [23/May/2016:12:02:30 -0400] "GET /scoreboard/ HTTP/1.1" 200 13904 "-" "Mozilla/5.0 (Windows NT 6.1) AppleWebKit/537.36 (KHTML, like Gecko) Chrome/50.0.2661.102 Safari/537.36"
108.162.221.157 - - [23/May/2016:12:02:30 -0400] "POST /login/ HTTP/1.1" 200 1495 "http://game.cryptoctf.com/login/" "Mozilla/5.0 (Windows NT 6.1) AppleWebKit/537.36 (KHTML, like Gecko) Chrome/50.0.2661.94 Safari/537.36"
108.162.215.112 - - [23/May/2016:12:02:35 -0400] "GET /static/so_many_ff10c8108aa4b470a0da0d0b268a92166020bbb9d6c569faf1baf5f5cb7ff3ee HTTP/1.1" 200 1243 "http://game.cryptoctf.com/challenges/" "Mozilla/5.0 (Windows NT 6.1; WOW64) AppleWebKit/537.36 (KHTML, like Gecko) Chrome/50.0.2661.102 Safari/537.36"
162.158.184.59 - - [23/May/2016:12:02:36 -0400] "GET /admin/ HTTP/1.1" 302 241 "-" "Mozilla/5.0 (Windows NT 10.0; WOW64) AppleWebKit/537.36 (KHTML, like Gecko) Chrome/50.0.2661.102 Safari/537.36"
162.158.184.59 - - [23/May/2016:12:02:37 -0400] "GET /admin/dashboard/ HTTP/1.1" 200 125876 "-" "Mozilla/5.0 (Windows NT 10.0; WOW64) AppleWebKit/537.36 (KHTML, like Gecko) Chrome/50.0.2661.102 Safari/537.36"
162.158.56.149 - - [23/May/2016:12:02:38 -0400] "GET /static/tactile_6e842dd6b31d07531ecb453892929268a0f42480d798a64fa9c740439068e645.png HTTP/1.1" 200 4108 "http://game.cryptoctf.com/challenges/" "Mozilla/5.0 (Windows NT 6.1; WOW64) AppleWebKit/537.36 (KHTML, like Gecko) Chrome/50.0.2661.94 Safari/537.36"
108.162.221.157 - - [23/May/2016:12:02:41 -0400] "GET /register/ HTTP/1.1" 200 1868 "http://game.cryptoctf.com/scoreboard/" "Mozilla/5.0 (Windows NT 6.1) AppleWebKit/537.36 (KHTML, like Gecko) Chrome/50.0.2661.102 Safari/537.36"
162.158.184.59 - - [23/May/2016:12:02:42 -0400] "GET /admin/team/1/ HTTP/1.1" 200 4374 "http://game.cryptoctf.com/admin/dashboard/" "Mozilla/5.0 (Windows NT 10.0; WOW64) AppleWebKit/537.36 (KHTML, like Gecko) Chrome/50.0.2661.102 Safari/537.36"
162.158.184.59 - - [23/May/2016:12:02:43 -0400] "GET /admin/team/1/xnxcli8kj5m5odlk4et5lxzsir53lf8ihjrewbrmqv0575fen6uwinc02xbyoiok/impersonate/ HTTP/1.1" 302 231 "http://game.cryptoctf.com/admin/team/1/" "Mozilla/5.0 (Windows NT 10.0; WOW64) AppleWebKit/537.36 (KHTML, like Gecko) Chrome/50.0.2661.102 Safari/537.36"
162.158.184.59 - - [23/May/2016:12:02:44 -0400] "GET /scoreboard/ HTTP/1.1" 200 66319 "http://game.cryptoctf.com/admin/team/1/" "Mozilla/5.0 (Windows NT 10.0; WOW64) AppleWebKit/537.36 (KHTML, like Gecko) Chrome/50.0.2661.102 Safari/537.36"
108.162.221.157 - - [23/May/2016:12:02:47 -0400] "GET /login/ HTTP/1.1" 200 1438 "http://game.cryptoctf.com/register/" "Mozilla/5.0 (Windows NT 6.1) AppleWebKit/537.36 (KHTML, like Gecko) Chrome/50.0.2661.102 Safari/537.36"
108.162.215.112 - - [23/May/2016:12:03:06 -0400] "GET /static/yellow_submarine_cc2b1310ec86a98e6bf883d40fb1130a293e83c0d3c06d6fc903034e1be2a65a.txt HTTP/1.1" 200 226 "http://game.cryptoctf.com/challenges/" "Mozilla/5.0 (Windows NT 6.1; WOW64) AppleWebKit/537.36 (KHTML, like Gecko) Chrome/50.0.2661.102 Safari/537.36"
162.158.104.35 - - [23/May/2016:12:03:10 -0400] "GET / HTTP/1.1" 200 3597 "-" "Mozilla/5.0 (X11; Linux x86_64) AppleWebKit/537.36 (KHTML, like Gecko) Chrome/49.0.2623.75 Safari/537.36 Google Favicon"
108.162.245.36 - - [23/May/2016:12:03:10 -0400] "GET /favicon.ico HTTP/1.1" 404 208 "-" "Mozilla/5.0 (X11; Linux x86_64) AppleWebKit/537.36 (KHTML, like Gecko) Chrome/49.0.2623.75 Safari/537.36 Google Favicon"
108.162.238.205 - - [23/May/2016:12:03:19 -0400] "POST /api/submit/52.json HTTP/1.1" 200 44 "http://game.cryptoctf.com/challenges/" "Mozilla/5.0 (Windows NT 6.1; WOW64) AppleWebKit/537.36 (KHTML, like Gecko) Chrome/50.0.2661.102 Safari/537.36"
173.245.52.90 - - [23/May/2016:12:03:21 -0400] "GET /static/dizzy_b2ba7479cded95ec59e5543a0e47da9b5835d5dce69a92869d92f69a2303e9dd.txt HTTP/1.1" 200 289 "http://game.cryptoctf.com/challenges/" "Mozilla/5.0 (X11; Linux x86_64; rv:48.0) Gecko/20100101 Firefox/48.0"
108.162.221.175 - - [23/May/2016:12:03:41 -0400] "POST /api/submit/3.json HTTP/1.1" 200 34 "http://game.cryptoctf.com/challenges/" "Mozilla/5.0 (Macintosh; Intel Mac OS X 10_11_2) AppleWebKit/537.36 (KHTML, like Gecko) Chrome/50.0.2661.102 Safari/537.36"
108.162.215.112 - - [23/May/2016:12:03:44 -0400] "GET /static/blind_dc4f0beed887f29f597d6466aae4128440bffc80fe0c37064a531936479e2c71.zip HTTP/1.1" 200 501523 "http://game.cryptoctf.com/challenges/" "Mozilla/5.0 (Windows NT 6.1; WOW64) AppleWebKit/537.36 (KHTML, like Gecko) Chrome/50.0.2661.94 Safari/537.36"
108.162.215.112 - - [23/May/2016:12:04:03 -0400] "GET /static/pulitzer_winner_835c6f0c9b8ab6ea66f969c6b2cf9336ba63a2bbfbb0561d51ea75f1a9f4bc3c.txt HTTP/1.1" 200 962 "http://game.cryptoctf.com/challenges/" "Mozilla/5.0 (Windows NT 6.1; WOW64) AppleWebKit/537.36 (KHTML, like Gecko) Chrome/50.0.2661.102 Safari/537.36"
108.162.221.157 - - [23/May/2016:12:04:41 -0400] "POST /login/ HTTP/1.1" 200 1492 "http://game.cryptoctf.com/login/" "Mozilla/5.0 (Windows NT 6.1) AppleWebKit/537.36 (KHTML, like Gecko) Chrome/50.0.2661.102 Safari/537.36"
108.162.221.157 - - [23/May/2016:12:04:57 -0400] "POST /login/ HTTP/1.1" 302 219 "http://game.cryptoctf.com/login/" "Mozilla/5.0 (Windows NT 6.1) AppleWebKit/537.36 (KHTML, like Gecko) Chrome/50.0.2661.102 Safari/537.36"
108.162.221.157 - - [23/May/2016:12:04:57 -0400] "GET /team/ HTTP/1.1" 200 3299 "http://game.cryptoctf.com/login/" "Mozilla/5.0 (Windows NT 6.1) AppleWebKit/537.36 (KHTML, like Gecko) Chrome/50.0.2661.102 Safari/537.36"
173.245.50.171 - - [23/May/2016:12:05:02 -0400] "GET /static/plotz_c2bbd73dae7dc799761f7ad186a5d80de6290219207a38a53748646dfe3cd8c2.txt HTTP/1.1" 200 4405 "http://game.cryptoctf.com/challenges/" "Mozilla/5.0 (Macintosh; Intel Mac OS X 10_11_2) AppleWebKit/537.36 (KHTML, like Gecko) Chrome/50.0.2661.102 Safari/537.36"
162.158.57.53 - - [23/May/2016:12:05:04 -0400] "GET /favicon.ico HTTP/1.1" 404 208 "http://cryptoctf.com/" "Mozilla/5.0 (Windows NT 6.1; WOW64) AppleWebKit/537.36 (KHTML, like Gecko) Chrome/50.0.2661.102 Safari/537.36"
162.158.57.101 - - [23/May/2016:12:05:05 -0400] "GET /login/ HTTP/1.1" 200 1438 "http://cryptoctf.com/" "Mozilla/5.0 (Windows NT 6.1; WOW64) AppleWebKit/537.36 (KHTML, like Gecko) Chrome/50.0.2661.102 Safari/537.36"
162.158.57.179 - - [23/May/2016:12:05:06 -0400] "GET /favicon.ico HTTP/1.1" 404 209 "http://game.cryptoctf.com/login/" "Mozilla/5.0 (Windows NT 6.1; WOW64) AppleWebKit/537.36 (KHTML, like Gecko) Chrome/50.0.2661.102 Safari/537.36"
108.162.221.157 - - [23/May/2016:12:05:07 -0400] "GET /challenges/ HTTP/1.1" 200 16996 "http://game.cryptoctf.com/team/" "Mozilla/5.0 (Windows NT 6.1) AppleWebKit/537.36 (KHTML, like Gecko) Chrome/50.0.2661.102 Safari/537.36"
173.245.52.90 - - [23/May/2016:12:05:08 -0400] "GET /challenges/ HTTP/1.1" 200 16165 "http://game.cryptoctf.com/team/" "Mozilla/5.0 (iPhone; CPU iPhone OS 9_2 like Mac OS X) AppleWebKit/601.1.46 (KHTML, like Gecko) Version/9.0 Mobile/13C75 Safari/601.1"
162.158.57.101 - - [23/May/2016:12:05:09 -0400] "POST /login/ HTTP/1.1" 302 219 "http://game.cryptoctf.com/login/" "Mozilla/5.0 (Windows NT 6.1; WOW64) AppleWebKit/537.36 (KHTML, like Gecko) Chrome/50.0.2661.102 Safari/537.36"
162.158.57.101 - - [23/May/2016:12:05:09 -0400] "GET /team/ HTTP/1.1" 200 3442 "http://game.cryptoctf.com/login/" "Mozilla/5.0 (Windows NT 6.1; WOW64) AppleWebKit/537.36 (KHTML, like Gecko) Chrome/50.0.2661.102 Safari/537.36"
173.245.50.162 - - [23/May/2016:12:05:11 -0400] "GET /static/log_rules_2571b3d0c0cc307bf1acbddded64ab87893c6b6922a3f66317da4abec33e4e73.txt HTTP/1.1" 200 339 "http://game.cryptoctf.com/challenges/" "Mozilla/5.0 (Windows NT 6.1) AppleWebKit/537.36 (KHTML, like Gecko) Chrome/50.0.2661.102 Safari/537.36"
108.162.221.209 - - [23/May/2016:12:05:11 -0400] "GET /favicon.ico HTTP/1.1" 404 208 "http://cryptoctf.com/static/log_rules_2571b3d0c0cc307bf1acbddded64ab87893c6b6922a3f66317da4abec33e4e73.txt" "Mozilla/5.0 (Windows NT 6.1) AppleWebKit/537.36 (KHTML, like Gecko) Chrome/50.0.2661.102 Safari/537.36"
162.158.57.101 - - [23/May/2016:12:05:11 -0400] "GET /challenges/ HTTP/1.1" 200 16981 "http://game.cryptoctf.com/team/" "Mozilla/5.0 (Windows NT 6.1; WOW64) AppleWebKit/537.36 (KHTML, like Gecko) Chrome/50.0.2661.102 Safari/537.36"
108.162.221.157 - - [23/May/2016:12:05:13 -0400] "POST /login/ HTTP/1.1" 302 219 "http://game.cryptoctf.com/login/" "Mozilla/5.0 (Windows NT 6.1) AppleWebKit/537.36 (KHTML, like Gecko) Chrome/50.0.2661.94 Safari/537.36"
108.162.221.157 - - [23/May/2016:12:05:13 -0400] "GET /team/ HTTP/1.1" 200 3300 "http://game.cryptoctf.com/login/" "Mozilla/5.0 (Windows NT 6.1) AppleWebKit/537.36 (KHTML, like Gecko) Chrome/50.0.2661.94 Safari/537.36"
162.158.57.101 - - [23/May/2016:12:05:16 -0400] "POST /api/submit/47.json HTTP/1.1" 200 34 "http://game.cryptoctf.com/challenges/" "Mozilla/5.0 (Windows NT 6.1; WOW64) AppleWebKit/537.36 (KHTML, like Gecko) Chrome/50.0.2661.102 Safari/537.36"
108.162.215.112 - - [23/May/2016:12:05:17 -0400] "GET /static/repetitions_5de862df34a49cb2291480d121a1c9f71f4866f77b2f843c741e6df1ea5296e7.txt HTTP/1.1" 200 180 "http://game.cryptoctf.com/challenges/" "Mozilla/5.0 (Windows NT 6.1; WOW64) AppleWebKit/537.36 (KHTML, like Gecko) Chrome/50.0.2661.94 Safari/537.36"
162.158.57.101 - - [23/May/2016:12:05:20 -0400] "GET /scoreboard/ HTTP/1.1" 200 13971 "http://game.cryptoctf.com/challenges/" "Mozilla/5.0 (Windows NT 6.1; WOW64) AppleWebKit/537.36 (KHTML, like Gecko) Chrome/50.0.2661.102 Safari/537.36"
199.27.128.189 - - [23/May/2016:12:05:39 -0400] "GET /static/blind_dc4f0beed887f29f597d6466aae4128440bffc80fe0c37064a531936479e2c71.zip HTTP/1.1" 200 501523 "-" "Mozilla/4.0 (compatible; MSIE 8.0; Windows NT 5.1; Trident/4.0)"
108.162.215.112 - - [23/May/2016:12:05:46 -0400] "GET /static/alltexthaystack_8bb2bd553f9da7d3ca06dce6faf61de5f3ba38043a505736c1d95889f8ea263d.txt HTTP/1.1" 200 15036222 "http://game.cryptoctf.com/challenges/" "Mozilla/5.0 (Windows NT 6.1; WOW64) AppleWebKit/537.36 (KHTML, like Gecko) Chrome/50.0.2661.94 Safari/537.36"
108.162.221.157 - - [23/May/2016:12:05:47 -0400] "GET /challenges/ HTTP/1.1" 200 16996 "http://game.cryptoctf.com/team/" "Mozilla/5.0 (Windows NT 6.1) AppleWebKit/537.36 (KHTML, like Gecko) Chrome/50.0.2661.94 Safari/537.36"
108.162.221.157 - - [23/May/2016:12:05:57 -0400] "GET /challenges/10/solves/ HTTP/1.1" 200 2589 "http://game.cryptoctf.com/challenges/" "Mozilla/5.0 (Windows NT 6.1) AppleWebKit/537.36 (KHTML, like Gecko) Chrome/50.0.2661.102 Safari/537.36"
108.162.215.112 - - [23/May/2016:12:06:01 -0400] "GET /static/so_many_ff10c8108aa4b470a0da0d0b268a92166020bbb9d6c569faf1baf5f5cb7ff3ee HTTP/1.1" 200 1243 "http://game.cryptoctf.com/challenges/" "Mozilla/5.0 (Windows NT 6.1; WOW64) AppleWebKit/537.36 (KHTML, like Gecko) Chrome/50.0.2661.102 Safari/537.36"
173.245.50.162 - - [23/May/2016:12:06:09 -0400] "GET /static/log_rules_2571b3d0c0cc307bf1acbddded64ab87893c6b6922a3f66317da4abec33e4e73.txt HTTP/1.1" 200 339 "http://game.cryptoctf.com/challenges/" "Mozilla/5.0 (Windows NT 6.1) AppleWebKit/537.36 (KHTML, like Gecko) Chrome/50.0.2661.94 Safari/537.36"
173.245.50.162 - - [23/May/2016:12:06:24 -0400] "GET /static/yellow_submarine_cc2b1310ec86a98e6bf883d40fb1130a293e83c0d3c06d6fc903034e1be2a65a.txt HTTP/1.1" 200 226 "http://game.cryptoctf.com/challenges/" "Mozilla/5.0 (Windows NT 6.1) AppleWebKit/537.36 (KHTML, like Gecko) Chrome/50.0.2661.102 Safari/537.36"
108.162.215.112 - - [23/May/2016:12:06:30 -0400] "GET /static/tap_tap_039bb5ce8897044031dc62876d7b39e8b573654fdb0a274b18ad5877654bc52a.txt HTTP/1.1" 200 119 "http://game.cryptoctf.com/challenges/" "Mozilla/5.0 (Windows NT 6.1; WOW64) AppleWebKit/537.36 (KHTML, like Gecko) Chrome/50.0.2661.102 Safari/537.36"
108.162.215.112 - - [23/May/2016:12:06:35 -0400] "GET /static/baby_haystack_3388b3788d3890ab5dd47e55da66a0c7f05923ca8fc3f97908bd6a5286c8c011 HTTP/1.1" 200 224804589 "http://game.cryptoctf.com/challenges/" "Mozilla/5.0 (Windows NT 6.1; WOW64) AppleWebKit/537.36 (KHTML, like Gecko) Chrome/50.0.2661.102 Safari/537.36"
162.158.56.47 - - [23/May/2016:12:06:50 -0400] "GET /static/lines_0233ba4e44205071cd51b50e92126082f256a191efbe91f25507df181b4c8ed8.png HTTP/1.1" 200 1485 "http://game.cryptoctf.com/challenges/" "Mozilla/5.0 (Windows NT 6.1; WOW64) AppleWebKit/537.36 (KHTML, like Gecko) Chrome/50.0.2661.102 Safari/537.36"
162.158.91.15 - - [23/May/2016:12:06:54 -0400] "GET /challenges/ HTTP/1.1" 200 16875 "http://game.cryptoctf.com/team/" "Mozilla/5.0 (Windows NT 6.3; Win64; x64; rv:49.0) Gecko/20100101 Firefox/49.0"
162.158.91.15 - - [23/May/2016:12:06:54 -0400] "GET / HTTP/1.1" 302 231 "http://game.cryptoctf.com/" "Mozilla/5.0 (Windows NT 6.3; Win64; x64; rv:49.0) Gecko/20100101 Firefox/49.0"
162.158.91.15 - - [23/May/2016:12:06:55 -0400] "GET /scoreboard/ HTTP/1.1" 200 13973 "http://game.cryptoctf.com/" "Mozilla/5.0 (Windows NT 6.3; Win64; x64; rv:49.0) Gecko/20100101 Firefox/49.0"
108.162.221.206 - - [23/May/2016:12:06:57 -0400] "GET / HTTP/1.1" 200 3597 "https://www.google.com/" "Mozilla/5.0 (Windows NT 6.1; WOW64) AppleWebKit/537.36 (KHTML, like Gecko) Chrome/50.0.2661.102 Safari/537.36"
173.245.52.83 - - [23/May/2016:12:07:05 -0400] "GET /static/bad_fc54e063baafc26e4e571ce12d5741cb13e480aaefb61604a48cf0f1de53a1af.jpg HTTP/1.1" 200 1423559 "-" "Wget/1.15 (linux-gnu)"
108.162.215.112 - - [23/May/2016:12:07:11 -0400] "GET /static/flag_439531431927152ff51511d82b07f2ada2d2d164bf415acc6e96cd8ae2f80a6c.zip HTTP/1.1" 200 3887678 "http://game.cryptoctf.com/challenges/" "Mozilla/5.0 (Windows NT 6.1; WOW64) AppleWebKit/537.36 (KHTML, like Gecko) Chrome/50.0.2661.102 Safari/537.36"
162.158.57.101 - - [23/May/2016:12:07:13 -0400] "GET /challenges/20/solves/ HTTP/1.1" 200 4258 "http://game.cryptoctf.com/challenges/" "Mozilla/5.0 (Windows NT 6.1; WOW64) AppleWebKit/537.36 (KHTML, like Gecko) Chrome/50.0.2661.102 Safari/537.36"
108.162.221.175 - - [23/May/2016:12:07:14 -0400] "POST /api/submit/49.json HTTP/1.1" 200 44 "http://game.cryptoctf.com/challenges/" "Mozilla/5.0 (Macintosh; Intel Mac OS X 10_11_2) AppleWebKit/537.36 (KHTML, like Gecko) Chrome/45.0.2454.99 Safari/537.36"
162.158.57.101 - - [23/May/2016:12:07:20 -0400] "GET /team/ HTTP/1.1" 200 3079 "http://game.cryptoctf.com/challenges/" "Mozilla/5.0 (Windows NT 6.1; WOW64) AppleWebKit/537.36 (KHTML, like Gecko) Chrome/50.0.2661.102 Safari/537.36"
162.158.57.101 - - [23/May/2016:12:07:22 -0400] "GET /challenges/ HTTP/1.1" 200 17039 "http://game.cryptoctf.com/team/" "Mozilla/5.0 (Windows NT 6.1; WOW64) AppleWebKit/537.36 (KHTML, like Gecko) Chrome/50.0.2661.102 Safari/537.36"
162.158.57.101 - - [23/May/2016:12:07:23 -0400] "GET /tickets/ HTTP/1.1" 200 1213 "http://game.cryptoctf.com/challenges/" "Mozilla/5.0 (Windows NT 6.1; WOW64) AppleWebKit/537.36 (KHTML, like Gecko) Chrome/50.0.2661.102 Safari/537.36"
162.158.57.101 - - [23/May/2016:12:07:27 -0400] "GET /team/ HTTP/1.1" 200 3079 "http://game.cryptoctf.com/tickets/" "Mozilla/5.0 (Windows NT 6.1; WOW64) AppleWebKit/537.36 (KHTML, like Gecko) Chrome/50.0.2661.102 Safari/537.36"
162.158.184.59 - - [23/May/2016:12:07:29 -0400] "GET /scoreboard/ HTTP/1.1" 200 66319 "http://game.cryptoctf.com/admin/team/1/" "Mozilla/5.0 (Windows NT 10.0; WOW64) AppleWebKit/537.36 (KHTML, like Gecko) Chrome/50.0.2661.102 Safari/537.36"
162.158.57.101 - - [23/May/2016:12:07:31 -0400] "GET /scoreboard/ HTTP/1.1" 200 13951 "http://game.cryptoctf.com/team/" "Mozilla/5.0 (Windows NT 6.1; WOW64) AppleWebKit/537.36 (KHTML, like Gecko) Chrome/50.0.2661.102 Safari/537.36"
162.158.91.15 - - [23/May/2016:12:07:32 -0400] "POST /api/submit/32.json HTTP/1.1" 200 44 "http://game.cryptoctf.com/challenges/" "Mozilla/5.0 (Windows NT 6.3; Win64; x64; rv:49.0) Gecko/20100101 Firefox/49.0"
162.158.91.15 - - [23/May/2016:12:07:40 -0400] "POST /api/submit/32.json HTTP/1.1" 200 44 "http://game.cryptoctf.com/challenges/" "Mozilla/5.0 (Windows NT 6.3; Win64; x64; rv:49.0) Gecko/20100101 Firefox/49.0"
162.158.91.15 - - [23/May/2016:12:07:43 -0400] "POST /api/submit/32.json HTTP/1.1" 200 44 "http://game.cryptoctf.com/challenges/" "Mozilla/5.0 (Windows NT 6.3; Win64; x64; rv:49.0) Gecko/20100101 Firefox/49.0"
108.162.219.135 - - [23/May/2016:12:07:49 -0400] "GET / HTTP/1.1" 304 0 "-" "Mozilla/5.0 (X11; Ubuntu; Linux x86_64; rv:41.0) Gecko/20100101 Firefox/41.0"
173.245.52.166 - - [23/May/2016:12:07:49 -0400] "GET /assets/fonts/fontawesome-webfont.woff2?v=4.4.0 HTTP/1.1" 304 0 "http://cryptoctf.com/assets/css/font-awesome.min.css" "Mozilla/5.0 (X11; Ubuntu; Linux x86_64; rv:41.0) Gecko/20100101 Firefox/41.0"
108.162.219.87 - - [23/May/2016:12:07:49 -0400] "GET /favicon.ico HTTP/1.1" 404 151 "-" "Mozilla/5.0 (X11; Ubuntu; Linux x86_64; rv:41.0) Gecko/20100101 Firefox/41.0"
162.158.57.101 - - [23/May/2016:12:07:51 -0400] "GET /logout/ HTTP/1.1" 302 209 "http://game.cryptoctf.com/scoreboard/" "Mozilla/5.0 (Windows NT 6.1; WOW64) AppleWebKit/537.36 (KHTML, like Gecko) Chrome/50.0.2661.102 Safari/537.36"
162.158.57.101 - - [23/May/2016:12:07:51 -0400] "GET / HTTP/1.1" 302 231 "http://game.cryptoctf.com/scoreboard/" "Mozilla/5.0 (Windows NT 6.1; WOW64) AppleWebKit/537.36 (KHTML, like Gecko) Chrome/50.0.2661.102 Safari/537.36"
162.158.57.101 - - [23/May/2016:12:07:51 -0400] "GET /scoreboard/ HTTP/1.1" 200 13951 "http://game.cryptoctf.com/scoreboard/" "Mozilla/5.0 (Windows NT 6.1; WOW64) AppleWebKit/537.36 (KHTML, like Gecko) Chrome/50.0.2661.102 Safari/537.36"
162.158.57.101 - - [23/May/2016:12:08:17 -0400] "GET /login/ HTTP/1.1" 200 1440 "http://cryptoctf.com/" "Mozilla/5.0 (Windows NT 6.1; WOW64) AppleWebKit/537.36 (KHTML, like Gecko) Chrome/50.0.2661.102 Safari/537.36"
162.158.57.101 - - [23/May/2016:12:08:21 -0400] "POST /login/ HTTP/1.1" 200 1493 "http://game.cryptoctf.com/login/" "Mozilla/5.0 (Windows NT 6.1; WOW64) AppleWebKit/537.36 (KHTML, like Gecko) Chrome/50.0.2661.102 Safari/537.36"
162.158.57.101 - - [23/May/2016:12:08:27 -0400] "POST /login/ HTTP/1.1" 302 219 "http://game.cryptoctf.com/login/" "Mozilla/5.0 (Windows NT 6.1; WOW64) AppleWebKit/537.36 (KHTML, like Gecko) Chrome/50.0.2661.102 Safari/537.36"
162.158.57.101 - - [23/May/2016:12:08:28 -0400] "GET /team/ HTTP/1.1" 200 3492 "http://game.cryptoctf.com/login/" "Mozilla/5.0 (Windows NT 6.1; WOW64) AppleWebKit/537.36 (KHTML, like Gecko) Chrome/50.0.2661.102 Safari/537.36"
162.158.184.59 - - [23/May/2016:12:08:30 -0400] "GET /challenges/ HTTP/1.1" 200 131616 "http://game.cryptoctf.com/scoreboard/" "Mozilla/5.0 (Windows NT 10.0; WOW64) AppleWebKit/537.36 (KHTML, like Gecko) Chrome/50.0.2661.102 Safari/537.36"
162.158.91.63 - - [23/May/2016:12:08:35 -0400] "POST /api/submit/32.json HTTP/1.1" 200 44 "http://game.cryptoctf.com/challenges/" "Mozilla/5.0 (Windows NT 6.1; WOW64; rv:46.0) Gecko/20100101 Firefox/46.0"
162.158.57.101 - - [23/May/2016:12:08:35 -0400] "GET /challenges/ HTTP/1.1" 200 16986 "http://game.cryptoctf.com/team/" "Mozilla/5.0 (Windows NT 6.1; WOW64) AppleWebKit/537.36 (KHTML, like Gecko) Chrome/50.0.2661.102 Safari/537.36"
173.245.54.188 - - [23/May/2016:12:08:40 -0400] "GET /static/flag_439531431927152ff51511d82b07f2ada2d2d164bf415acc6e96cd8ae2f80a6c.zip HTTP/1.1" 200 3887678 "-" "Mozilla/4.0 (compatible; MSIE 8.0; Windows NT 5.1; Trident/4.0)"
162.158.56.77 - - [23/May/2016:12:08:40 -0400] "GET /static/melody_80b06ad0df39427167bc384be628cda6ddc140444e4e9c409d1c17f3e09685b1.pdf HTTP/1.1" 200 116069 "http://game.cryptoctf.com/challenges/" "Mozilla/5.0 (Windows NT 6.1; WOW64) AppleWebKit/537.36 (KHTML, like Gecko) Chrome/50.0.2661.102 Safari/537.36"
173.245.50.171 - - [23/May/2016:12:08:47 -0400] "GET /static/encrypted_4c3fa442c5bc370b33fe6a0adf0226f1dc7f6e1a13a520de5eb7c1d5f5053da3.dat HTTP/1.1" 200 1658 "http://game.cryptoctf.com/challenges/" "Mozilla/5.0 (Macintosh; Intel Mac OS X 10_11_4) AppleWebKit/601.5.17 (KHTML, like Gecko) Version/9.1 Safari/601.5.17"
173.245.50.171 - - [23/May/2016:12:09:06 -0400] "GET /static/psychic3_4ba3830feaededaa4f08fa7d476ff317fa3175aa8d9acf9d02bc81a75ef4808d.zip HTTP/1.1" 200 12017 "http://game.cryptoctf.com/challenges/" "Mozilla/5.0 (Macintosh; Intel Mac OS X 10_11_4) AppleWebKit/601.5.17 (KHTML, like Gecko) Version/9.1 Safari/601.5.17"
162.158.56.137 - - [23/May/2016:12:09:13 -0400] "GET /static/pixels_75cbe4530f8fb8f92d8d4f6bf2e831ebbbfe15d9156c1a3faa5f3df51bccddb2.png HTTP/1.1" 200 45300 "http://game.cryptoctf.com/challenges/" "Mozilla/5.0 (Windows NT 6.1; WOW64) AppleWebKit/537.36 (KHTML, like Gecko) Chrome/50.0.2661.102 Safari/537.36"
108.162.221.206 - - [23/May/2016:12:09:15 -0400] "GET / HTTP/1.1" 200 3597 "-" "Mozilla/5.0 (Windows NT 6.1; WOW64) AppleWebKit/537.36 (KHTML, like Gecko) Chrome/50.0.2661.102 Safari/537.36"
