108.162.221.175 - - [23/May/2016:10:18:09 -0400] "POST /team/ HTTP/1.1" 302 219 "http://game.cryptoctf.com/team/" "Mozilla/5.0 (Macintosh; Intel Mac OS X 10_11_3) AppleWebKit/537.36 (KHTML, like Gecko) Chrome/50.0.2661.102 Safari/537.36"
108.162.221.175 - - [23/May/2016:10:18:09 -0400] "GET /team/ HTTP/1.1" 200 3312 "http://game.cryptoctf.com/team/" "Mozilla/5.0 (Macintosh; Intel Mac OS X 10_11_3) AppleWebKit/537.36 (KHTML, like Gecko) Chrome/50.0.2661.102 Safari/537.36"
173.245.50.171 - - [23/May/2016:10:18:11 -0400] "GET /static/super_secure_db4e55ceadfd12d67ce68f98bafb25b9a3e8692d7289bb1b11a90f0033dfea8f.txt HTTP/1.1" 200 97 "http://game.cryptoctf.com/challenges/" "Mozilla/5.0 (Macintosh; Intel Mac OS X 10_11_2) AppleWebKit/537.36 (KHTML, like Gecko) Chrome/50.0.2661.102 Safari/537.36"
108.162.221.175 - - [23/May/2016:10:18:13 -0400] "GET /challenges/ HTTP/1.1" 200 16979 "http://game.cryptoctf.com/team/" "Mozilla/5.0 (Macintosh; Intel Mac OS X 10_11_3) AppleWebKit/537.36 (KHTML, like Gecko) Chrome/50.0.2661.102 Safari/537.36"
108.162.221.103 - - [23/May/2016:10:18:38 -0400] "GET /static/pixels_75cbe4530f8fb8f92d8d4f6bf2e831ebbbfe15d9156c1a3faa5f3df51bccddb2.png HTTP/1.1" 200 45300 "http://game.cryptoctf.com/challenges/" "Mozilla/5.0 (Macintosh; Intel Mac OS X 10_11_3) AppleWebKit/537.36 (KHTML, like Gecko) Chrome/45.0.2454.85 Safari/537.36"
108.162.238.232 - - [23/May/2016:10:18:39 -0400] "GET /static/blind_dc4f0beed887f29f597d6466aae4128440bffc80fe0c37064a531936479e2c71.zip HTTP/1.1" 200 501523 "http://game.cryptoctf.com/challenges/" "Mozilla/5.0 (Windows NT 10.0; Win64; x64) AppleWebKit/537.36 (KHTML, like Gecko) Chrome/52.0.2739.0 Safari/537.36"
173.245.50.171 - - [23/May/2016:10:18:40 -0400] "GET /static/so_many_ff10c8108aa4b470a0da0d0b268a92166020bbb9d6c569faf1baf5f5cb7ff3ee HTTP/1.1" 200 1243 "http://game.cryptoctf.com/challenges/" "Mozilla/5.0 (Macintosh; Intel Mac OS X 10_11_2) AppleWebKit/537.36 (KHTML, like Gecko) Chrome/50.0.2661.102 Safari/537.36"
162.158.104.191 - - [23/May/2016:10:18:46 -0400] "GET /scoreboard/ HTTP/1.1" 200 13917 "http://game.cryptoctf.com/challenges/" "Mozilla/5.0 (Windows NT 10.0; WOW64) AppleWebKit/537.36 (KHTML, like Gecko) Chrome/50.0.2661.102 Safari/537.36"
162.158.104.65 - - [23/May/2016:10:18:46 -0400] "GET /static/api.js HTTP/1.1" 304 0 "http://game.cryptoctf.com/scoreboard/" "Mozilla/5.0 (Windows NT 10.0; WOW64) AppleWebKit/537.36 (KHTML, like Gecko) Chrome/50.0.2661.102 Safari/537.36"
162.158.104.215 - - [23/May/2016:10:18:46 -0400] "GET /static/logo.png HTTP/1.1" 304 0 "http://game.cryptoctf.com/static/cryptoctf.css" "Mozilla/5.0 (Windows NT 10.0; WOW64) AppleWebKit/537.36 (KHTML, like Gecko) Chrome/50.0.2661.102 Safari/537.36"
162.158.104.71 - - [23/May/2016:10:18:47 -0400] "GET /favicon.ico HTTP/1.1" 404 209 "http://game.cryptoctf.com/scoreboard/" "Mozilla/5.0 (Windows NT 10.0; WOW64) AppleWebKit/537.36 (KHTML, like Gecko) Chrome/50.0.2661.102 Safari/537.36"
108.162.221.175 - - [23/May/2016:10:18:57 -0400] "GET /challenges/ HTTP/1.1" 302 221 "-" "Mozilla/5.0 (Macintosh; Intel Mac OS X 10_11_2) AppleWebKit/537.36 (KHTML, like Gecko) Chrome/50.0.2661.102 Safari/537.36"
108.162.221.175 - - [23/May/2016:10:18:57 -0400] "GET /login/ HTTP/1.1" 200 1441 "-" "Mozilla/5.0 (Macintosh; Intel Mac OS X 10_11_2) AppleWebKit/537.36 (KHTML, like Gecko) Chrome/50.0.2661.102 Safari/537.36"
173.245.50.171 - - [23/May/2016:10:19:01 -0400] "GET /static/super_secure_db4e55ceadfd12d67ce68f98bafb25b9a3e8692d7289bb1b11a90f0033dfea8f.txt HTTP/1.1" 200 97 "http://game.cryptoctf.com/challenges/" "Mozilla/5.0 (Macintosh; Intel Mac OS X 10_11_3) AppleWebKit/537.36 (KHTML, like Gecko) Chrome/50.0.2661.102 Safari/537.36"
108.162.221.175 - - [23/May/2016:10:19:07 -0400] "GET /challenges/11/solves/ HTTP/1.1" 200 4650 "http://game.cryptoctf.com/challenges/" "Mozilla/5.0 (Macintosh; Intel Mac OS X 10_11_2) AppleWebKit/537.36 (KHTML, like Gecko) Chrome/50.0.2661.102 Safari/537.36"
108.162.221.175 - - [23/May/2016:10:19:13 -0400] "GET /challenges/ HTTP/1.1" 200 16978 "http://game.cryptoctf.com/scoreboard/" "Mozilla/5.0 (Macintosh; Intel Mac OS X 10_11_2) AppleWebKit/537.36 (KHTML, like Gecko) Chrome/50.0.2661.102 Safari/537.36"
173.245.50.171 - - [23/May/2016:10:19:40 -0400] "GET /static/txt_5820330758569b4bc5cf536cff7ea0c14b1877d5628b62cd0bd246a9649257b6.txt HTTP/1.1" 200 31 "http://game.cryptoctf.com/challenges/" "Mozilla/5.0 (Macintosh; Intel Mac OS X 10_11_2) AppleWebKit/537.36 (KHTML, like Gecko) Chrome/50.0.2661.102 Safari/537.36"
108.162.221.175 - - [23/May/2016:10:19:50 -0400] "GET /challenges/ HTTP/1.1" 200 16864 "http://game.cryptoctf.com/login/" "Mozilla/5.0 (Macintosh; Intel Mac OS X 10_11_2) AppleWebKit/537.36 (KHTML, like Gecko) Chrome/50.0.2661.102 Safari/537.36"
173.245.50.171 - - [23/May/2016:10:19:50 -0400] "GET /static/txt_5820330758569b4bc5cf536cff7ea0c14b1877d5628b62cd0bd246a9649257b6.txt HTTP/1.1" 200 31 "http://game.cryptoctf.com/challenges/" "Mozilla/5.0 (Macintosh; Intel Mac OS X 10_11_2) AppleWebKit/537.36 (KHTML, like Gecko) Chrome/50.0.2661.102 Safari/537.36"
173.245.50.171 - - [23/May/2016:10:19:50 -0400] "GET /static/log_rules_2571b3d0c0cc307bf1acbddded64ab87893c6b6922a3f66317da4abec33e4e73.txt HTTP/1.1" 200 339 "http://game.cryptoctf.com/challenges/" "Mozilla/5.0 (Macintosh; Intel Mac OS X 10_11_2) AppleWebKit/537.36 (KHTML, like Gecko) Chrome/50.0.2661.102 Safari/537.36"
108.162.221.175 - - [23/May/2016:10:19:51 -0400] "GET /challenges/10/solves/ HTTP/1.1" 200 2595 "http://game.cryptoctf.com/challenges/" "Mozilla/5.0 (Macintosh; Intel Mac OS X 10_11_4) AppleWebKit/537.36 (KHTML, like Gecko) Chrome/50.0.2661.102 Safari/537.36"
108.162.221.206 - - [23/May/2016:10:19:53 -0400] "GET /static/magiceye_7960265f84be69da342595b2e4cbefa179ade22b63a19fe11995f206eee5bb7f.png HTTP/1.1" 200 186994 "http://game.cryptoctf.com/challenges/" "Mozilla/5.0 (Macintosh; Intel Mac OS X 10_11_2) AppleWebKit/537.36 (KHTML, like Gecko) Chrome/50.0.2661.102 Safari/537.36"
173.245.50.171 - - [23/May/2016:10:20:32 -0400] "GET /static/jumbled_up_8c47efe3c24498a179b66f54f01d14c843e6a6d35c745bcad8b9203f69be1bdf.txt HTTP/1.1" 200 112 "http://game.cryptoctf.com/challenges/" "Mozilla/5.0 (Macintosh; Intel Mac OS X 10_11_2) AppleWebKit/537.36 (KHTML, like Gecko) Chrome/50.0.2661.102 Safari/537.36"
108.162.221.175 - - [23/May/2016:10:20:41 -0400] "POST /api/submit/14.json HTTP/1.1" 200 34 "http://game.cryptoctf.com/challenges/" "Mozilla/5.0 (Macintosh; Intel Mac OS X 10_11_2) AppleWebKit/537.36 (KHTML, like Gecko) Chrome/50.0.2661.102 Safari/537.36"
108.162.221.175 - - [23/May/2016:10:20:51 -0400] "POST /api/submit/25.json HTTP/1.1" 200 64 "http://game.cryptoctf.com/challenges/" "Mozilla/5.0 (Macintosh; Intel Mac OS X 10_11_2) AppleWebKit/537.36 (KHTML, like Gecko) Chrome/50.0.2661.102 Safari/537.36"
173.245.50.171 - - [23/May/2016:10:21:05 -0400] "GET /static/super_secure_db4e55ceadfd12d67ce68f98bafb25b9a3e8692d7289bb1b11a90f0033dfea8f.txt HTTP/1.1" 200 97 "http://game.cryptoctf.com/challenges/" "Mozilla/5.0 (Macintosh; Intel Mac OS X 10_11_2) AppleWebKit/537.36 (KHTML, like Gecko) Chrome/50.0.2661.102 Safari/537.36"
173.245.50.171 - - [23/May/2016:10:21:07 -0400] "GET /static/threefold_a3866e928709a0c758541779639c345dafaacc47c64426356b7a7e45ce0f4169 HTTP/1.1" 200 92274688 "http://game.cryptoctf.com/challenges/" "Mozilla/5.0 (Macintosh; Intel Mac OS X 10_11_2) AppleWebKit/537.36 (KHTML, like Gecko) Chrome/50.0.2661.102 Safari/537.36"
108.162.221.175 - - [23/May/2016:10:21:08 -0400] "POST /api/submit/3.json HTTP/1.1" 200 44 "http://game.cryptoctf.com/challenges/" "Mozilla/5.0 (Macintosh; Intel Mac OS X 10_11_2) AppleWebKit/537.36 (KHTML, like Gecko) Chrome/50.0.2661.102 Safari/537.36"
108.162.221.175 - - [23/May/2016:10:21:13 -0400] "POST /api/submit/3.json HTTP/1.1" 200 44 "http://game.cryptoctf.com/challenges/" "Mozilla/5.0 (Macintosh; Intel Mac OS X 10_11_2) AppleWebKit/537.36 (KHTML, like Gecko) Chrome/50.0.2661.102 Safari/537.36"
173.245.50.171 - - [23/May/2016:10:21:20 -0400] "GET /static/so_many_ff10c8108aa4b470a0da0d0b268a92166020bbb9d6c569faf1baf5f5cb7ff3ee HTTP/1.1" 200 1243 "http://game.cryptoctf.com/challenges/" "Mozilla/5.0 (Macintosh; Intel Mac OS X 10_11_3) AppleWebKit/537.36 (KHTML, like Gecko) Chrome/50.0.2661.102 Safari/537.36"
108.162.221.175 - - [23/May/2016:10:21:26 -0400] "GET /challenges/ HTTP/1.1" 200 16860 "http://game.cryptoctf.com/login/" "Mozilla/5.0 (Macintosh; Intel Mac OS X 10_11_2) AppleWebKit/537.36 (KHTML, like Gecko) Chrome/50.0.2661.102 Safari/537.36"
108.162.221.175 - - [23/May/2016:10:21:31 -0400] "GET /challenges/ HTTP/1.1" 200 16860 "http://game.cryptoctf.com/team/" "Mozilla/5.0 (Macintosh; Intel Mac OS X 10_11_2) AppleWebKit/537.36 (KHTML, like Gecko) Chrome/50.0.2661.102 Safari/537.36"
141.101.66.143 - - [23/May/2016:10:21:41 -0400] "GET /team/ HTTP/1.1" 200 3170 "-" "Mozilla/5.0 (Macintosh; Intel Mac OS X 10.9; rv:46.0) Gecko/20100101 Firefox/46.0"
108.162.221.175 - - [23/May/2016:10:21:45 -0400] "POST /login/ HTTP/1.1" 302 219 "http://game.cryptoctf.com/login/" "Mozilla/5.0 (Macintosh; Intel Mac OS X 10_11_2) AppleWebKit/537.36 (KHTML, like Gecko) Chrome/50.0.2661.102 Safari/537.36"
108.162.221.175 - - [23/May/2016:10:21:45 -0400] "GET /team/ HTTP/1.1" 200 3675 "http://game.cryptoctf.com/login/" "Mozilla/5.0 (Macintosh; Intel Mac OS X 10_11_2) AppleWebKit/537.36 (KHTML, like Gecko) Chrome/50.0.2661.102 Safari/537.36"
108.162.221.175 - - [23/May/2016:10:21:45 -0400] "GET /challenges/15/solves/ HTTP/1.1" 200 6739 "http://game.cryptoctf.com/challenges/" "Mozilla/5.0 (Macintosh; Intel Mac OS X 10_11_2) AppleWebKit/537.36 (KHTML, like Gecko) Chrome/50.0.2661.102 Safari/537.36"
141.101.66.143 - - [23/May/2016:10:21:49 -0400] "GET /challenges/ HTTP/1.1" 200 16972 "http://game.cryptoctf.com/team/" "Mozilla/5.0 (Macintosh; Intel Mac OS X 10.9; rv:46.0) Gecko/20100101 Firefox/46.0"
162.158.211.172 - - [23/May/2016:10:22:05 -0400] "GET /scoreboard/ HTTP/1.1" 200 13892 "http://game.cryptoctf.com/team/" "Mozilla/5.0 (Windows NT 10.0; Win64; x64; rv:46.0) Gecko/20100101 Firefox/46.0"
108.162.229.128 - - [23/May/2016:10:22:07 -0400] "GET /static/so_many_ff10c8108aa4b470a0da0d0b268a92166020bbb9d6c569faf1baf5f5cb7ff3ee HTTP/1.1" 200 1243 "http://game.cryptoctf.com/challenges/" "Mozilla/5.0 (Macintosh; Intel Mac OS X 10.9; rv:46.0) Gecko/20100101 Firefox/46.0"
162.158.211.172 - - [23/May/2016:10:22:11 -0400] "GET /scoreboard/ HTTP/1.1" 200 13892 "http://game.cryptoctf.com/team/" "Mozilla/5.0 (Windows NT 10.0; Win64; x64; rv:46.0) Gecko/20100101 Firefox/46.0"
173.245.50.171 - - [23/May/2016:10:22:20 -0400] "GET /static/plotz_c2bbd73dae7dc799761f7ad186a5d80de6290219207a38a53748646dfe3cd8c2.txt HTTP/1.1" 200 4405 "http://game.cryptoctf.com/challenges/" "Mozilla/5.0 (Macintosh; Intel Mac OS X 10_11_2) AppleWebKit/537.36 (KHTML, like Gecko) Chrome/50.0.2661.102 Safari/537.36"
162.158.211.172 - - [23/May/2016:10:22:39 -0400] "GET /scoreboard/ HTTP/1.1" 200 13892 "http://game.cryptoctf.com/scoreboard/" "Mozilla/5.0 (Windows NT 10.0; Win64; x64; rv:46.0) Gecko/20100101 Firefox/46.0"
173.245.50.171 - - [23/May/2016:10:22:47 -0400] "GET / HTTP/1.1" 200 3597 "https://www.google.com/" "Mozilla/5.0 (Macintosh; Intel Mac OS X 10_11_2) AppleWebKit/601.3.9 (KHTML, like Gecko) Version/9.0.2 Safari/601.3.9"
108.162.221.152 - - [23/May/2016:10:22:47 -0400] "GET /assets/fonts/fontawesome-webfont.woff?v=4.4.0 HTTP/1.1" 304 0 "http://cryptoctf.com/" "Mozilla/5.0 (Macintosh; Intel Mac OS X 10_11_2) AppleWebKit/601.3.9 (KHTML, like Gecko) Version/9.0.2 Safari/601.3.9"
108.162.221.209 - - [23/May/2016:10:22:48 -0400] "GET /favicon.ico HTTP/1.1" 404 151 "http://cryptoctf.com/" "Mozilla/5.0 (Macintosh; Intel Mac OS X 10_11_2) AppleWebKit/601.3.9 (KHTML, like Gecko) Version/9.0.2 Safari/601.3.9"
162.158.211.172 - - [23/May/2016:10:22:49 -0400] "GET /challenges/ HTTP/1.1" 200 16846 "http://game.cryptoctf.com/scoreboard/" "Mozilla/5.0 (Windows NT 10.0; Win64; x64; rv:46.0) Gecko/20100101 Firefox/46.0"
108.162.221.175 - - [23/May/2016:10:22:51 -0400] "GET /login/ HTTP/1.1" 200 1441 "http://cryptoctf.com/" "Mozilla/5.0 (Macintosh; Intel Mac OS X 10_11_2) AppleWebKit/601.3.9 (KHTML, like Gecko) Version/9.0.2 Safari/601.3.9"
108.162.221.148 - - [23/May/2016:10:22:52 -0400] "GET /favicon.ico HTTP/1.1" 404 209 "http://game.cryptoctf.com/login/" "Mozilla/5.0 (Macintosh; Intel Mac OS X 10_11_2) AppleWebKit/601.3.9 (KHTML, like Gecko) Version/9.0.2 Safari/601.3.9"
108.162.221.175 - - [23/May/2016:10:22:55 -0400] "GET /register HTTP/1.1" 301 269 "http://game.cryptoctf.com/login/" "Mozilla/5.0 (Macintosh; Intel Mac OS X 10_11_2) AppleWebKit/601.3.9 (KHTML, like Gecko) Version/9.0.2 Safari/601.3.9"
108.162.221.175 - - [23/May/2016:10:22:55 -0400] "GET /register/ HTTP/1.1" 200 1871 "http://game.cryptoctf.com/login/" "Mozilla/5.0 (Macintosh; Intel Mac OS X 10_11_2) AppleWebKit/601.3.9 (KHTML, like Gecko) Version/9.0.2 Safari/601.3.9"
173.245.52.90 - - [23/May/2016:10:22:59 -0400] "GET /challenges/ HTTP/1.1" 302 221 "http://game.cryptoctf.com/team/" "Mozilla/5.0 (iPhone; CPU iPhone OS 9_3_2 like Mac OS X) AppleWebKit/601.1 (KHTML, like Gecko) CriOS/50.0.2661.95 Mobile/13F69 Safari/601.1.46"
173.245.52.90 - - [23/May/2016:10:22:59 -0400] "GET /login/ HTTP/1.1" 200 1440 "http://game.cryptoctf.com/team/" "Mozilla/5.0 (iPhone; CPU iPhone OS 9_3_2 like Mac OS X) AppleWebKit/601.1 (KHTML, like Gecko) CriOS/50.0.2661.95 Mobile/13F69 Safari/601.1.46"
173.245.52.91 - - [23/May/2016:10:23:00 -0400] "GET /favicon.ico HTTP/1.1" 404 209 "-" "Mozilla/5.0 (iPhone; CPU iPhone OS 9_3_2 like Mac OS X) AppleWebKit/601.1 (KHTML, like Gecko) CriOS/50.0.2661.95 Mobile/13F69 Safari/601.1.46"
173.245.52.90 - - [23/May/2016:10:23:00 -0400] "GET /login/ HTTP/1.1" 200 1440 "http://game.cryptoctf.com/team/" "Mozilla/5.0 (iPhone; CPU iPhone OS 9_3_2 like Mac OS X) AppleWebKit/601.1 (KHTML, like Gecko) CriOS/50.0.2661.95 Mobile/13F69 Safari/601.1.46"
173.245.52.90 - - [23/May/2016:10:23:05 -0400] "POST /login/ HTTP/1.1" 302 219 "http://game.cryptoctf.com/login/" "Mozilla/5.0 (iPhone; CPU iPhone OS 9_3_2 like Mac OS X) AppleWebKit/601.1 (KHTML, like Gecko) CriOS/50.0.2661.95 Mobile/13F69 Safari/601.1.46"
173.245.52.90 - - [23/May/2016:10:23:05 -0400] "GET /team/ HTTP/1.1" 200 3906 "http://game.cryptoctf.com/login/" "Mozilla/5.0 (iPhone; CPU iPhone OS 9_3_2 like Mac OS X) AppleWebKit/601.1 (KHTML, like Gecko) CriOS/50.0.2661.95 Mobile/13F69 Safari/601.1.46"
173.245.52.90 - - [23/May/2016:10:23:10 -0400] "GET /challenges/ HTTP/1.1" 200 16702 "http://game.cryptoctf.com/team/" "Mozilla/5.0 (iPhone; CPU iPhone OS 9_3_2 like Mac OS X) AppleWebKit/601.1 (KHTML, like Gecko) CriOS/50.0.2661.95 Mobile/13F69 Safari/601.1.46"
108.162.238.232 - - [23/May/2016:10:23:19 -0400] "GET /static/repetitions_5de862df34a49cb2291480d121a1c9f71f4866f77b2f843c741e6df1ea5296e7.txt HTTP/1.1" 200 180 "http://game.cryptoctf.com/challenges/" "Mozilla/5.0 (Windows NT 10.0; Win64; x64) AppleWebKit/537.36 (KHTML, like Gecko) Chrome/52.0.2739.0 Safari/537.36"
108.162.238.231 - - [23/May/2016:10:24:38 -0400] "POST /api/submit/15.json HTTP/1.1" 200 44 "http://game.cryptoctf.com/challenges/" "Mozilla/5.0 (Macintosh; Intel Mac OS X 10_11_2) AppleWebKit/537.36 (KHTML, like Gecko) Chrome/50.0.2661.102 Safari/537.36"
108.162.238.231 - - [23/May/2016:10:24:38 -0400] "POST /api/submit/15.json HTTP/1.1" 200 62 "http://game.cryptoctf.com/challenges/" "Mozilla/5.0 (Macintosh; Intel Mac OS X 10_11_2) AppleWebKit/537.36 (KHTML, like Gecko) Chrome/50.0.2661.102 Safari/537.36"
108.162.238.231 - - [23/May/2016:10:24:38 -0400] "POST /api/submit/15.json HTTP/1.1" 200 62 "http://game.cryptoctf.com/challenges/" "Mozilla/5.0 (Macintosh; Intel Mac OS X 10_11_2) AppleWebKit/537.36 (KHTML, like Gecko) Chrome/50.0.2661.102 Safari/537.36"
108.162.238.231 - - [23/May/2016:10:24:38 -0400] "POST /api/submit/15.json HTTP/1.1" 200 62 "http://game.cryptoctf.com/challenges/" "Mozilla/5.0 (Macintosh; Intel Mac OS X 10_11_2) AppleWebKit/537.36 (KHTML, like Gecko) Chrome/50.0.2661.102 Safari/537.36"
108.162.238.232 - - [23/May/2016:10:25:01 -0400] "GET /static/alltexthaystack_8bb2bd553f9da7d3ca06dce6faf61de5f3ba38043a505736c1d95889f8ea263d.txt HTTP/1.1" 200 15036222 "http://game.cryptoctf.com/challenges/" "Mozilla/5.0 (Windows NT 10.0; Win64; x64) AppleWebKit/537.36 (KHTML, like Gecko) Chrome/52.0.2739.0 Safari/537.36"
172.68.27.17 - - [23/May/2016:10:25:02 -0400] "GET /scoreboard/ HTTP/1.1" 200 13837 "-" "Mozilla/5.0 (Macintosh; Intel Mac OS X 10_10_5) AppleWebKit/537.36 (KHTML, like Gecko) Chrome/50.0.2661.94 Safari/537.36 OPR/37.0.2178.43"
172.68.27.14 - - [23/May/2016:10:25:08 -0400] "GET /favicon.ico HTTP/1.1" 404 209 "http://game.cryptoctf.com/scoreboard/" "Mozilla/5.0 (Macintosh; Intel Mac OS X 10_10_5) AppleWebKit/537.36 (KHTML, like Gecko) Chrome/50.0.2661.94 Safari/537.36 OPR/37.0.2178.43"
172.68.27.17 - - [23/May/2016:10:25:58 -0400] "GET /register/ HTTP/1.1" 200 1867 "http://game.cryptoctf.com/scoreboard/" "Mozilla/5.0 (Macintosh; Intel Mac OS X 10_10_5) AppleWebKit/537.36 (KHTML, like Gecko) Chrome/50.0.2661.94 Safari/537.36 OPR/37.0.2178.43"
172.68.27.17 - - [23/May/2016:10:26:21 -0400] "POST /register/ HTTP/1.1" 302 219 "http://game.cryptoctf.com/register/" "Mozilla/5.0 (Macintosh; Intel Mac OS X 10_10_5) AppleWebKit/537.36 (KHTML, like Gecko) Chrome/50.0.2661.94 Safari/537.36 OPR/37.0.2178.43"
172.68.27.17 - - [23/May/2016:10:26:22 -0400] "GET /team/ HTTP/1.1" 200 3180 "http://game.cryptoctf.com/register/" "Mozilla/5.0 (Macintosh; Intel Mac OS X 10_10_5) AppleWebKit/537.36 (KHTML, like Gecko) Chrome/50.0.2661.94 Safari/537.36 OPR/37.0.2178.43"
162.158.184.83 - - [23/May/2016:10:26:35 -0400] "GET / HTTP/1.1" 200 3597 "-" "Mozilla/5.0 (Windows NT 6.3; WOW64) AppleWebKit/537.36 (KHTML, like Gecko) Chrome/50.0.2661.102 Safari/537.36"
108.162.238.227 - - [23/May/2016:10:26:36 -0400] "GET /favicon.ico HTTP/1.1" 404 208 "http://cryptoctf.com/" "Mozilla/5.0 (Windows NT 6.3; WOW64) AppleWebKit/537.36 (KHTML, like Gecko) Chrome/50.0.2661.102 Safari/537.36"
108.162.238.227 - - [23/May/2016:10:26:37 -0400] "GET /login/ HTTP/1.1" 200 1439 "http://cryptoctf.com/" "Mozilla/5.0 (Windows NT 6.3; WOW64) AppleWebKit/537.36 (KHTML, like Gecko) Chrome/50.0.2661.102 Safari/537.36"
108.162.238.197 - - [23/May/2016:10:26:38 -0400] "GET /favicon.ico HTTP/1.1" 404 209 "http://game.cryptoctf.com/login/" "Mozilla/5.0 (Windows NT 6.3; WOW64) AppleWebKit/537.36 (KHTML, like Gecko) Chrome/50.0.2661.102 Safari/537.36"
162.158.184.65 - - [23/May/2016:10:26:51 -0400] "GET / HTTP/1.1" 200 3597 "-" "Mozilla/5.0 (Windows NT 6.1; WOW64) AppleWebKit/537.36 (KHTML, like Gecko) Chrome/50.0.2661.102 Safari/537.36"
108.162.238.231 - - [23/May/2016:10:26:53 -0400] "GET /login/ HTTP/1.1" 200 1441 "http://cryptoctf.com/" "Mozilla/5.0 (Windows NT 6.1; WOW64) AppleWebKit/537.36 (KHTML, like Gecko) Chrome/50.0.2661.102 Safari/537.36"
108.162.238.231 - - [23/May/2016:10:26:58 -0400] "GET /scoreboard/ HTTP/1.1" 200 13839 "http://game.cryptoctf.com/login/" "Mozilla/5.0 (Windows NT 6.1; WOW64) AppleWebKit/537.36 (KHTML, like Gecko) Chrome/50.0.2661.102 Safari/537.36"
108.162.238.231 - - [23/May/2016:10:27:00 -0400] "POST /api/submit/21.json HTTP/1.1" 200 44 "http://game.cryptoctf.com/challenges/" "Mozilla/5.0 (Macintosh; Intel Mac OS X 10_11_2) AppleWebKit/537.36 (KHTML, like Gecko) Chrome/50.0.2661.102 Safari/537.36"
162.158.184.65 - - [23/May/2016:10:27:09 -0400] "GET /static/flag_439531431927152ff51511d82b07f2ada2d2d164bf415acc6e96cd8ae2f80a6c.zip HTTP/1.1" 200 3887678 "-" "Mozilla/5.0 (Macintosh; Intel Mac OS X 10_11_2) AppleWebKit/537.36 (KHTML, like Gecko) Chrome/50.0.2661.102 Safari/537.36 Vivaldi/1.1.453.59"
172.68.27.17 - - [23/May/2016:10:27:11 -0400] "POST /confirm_email/ HTTP/1.1" 302 219 "http://game.cryptoctf.com/team/" "Mozilla/5.0 (Macintosh; Intel Mac OS X 10_10_5) AppleWebKit/537.36 (KHTML, like Gecko) Chrome/50.0.2661.94 Safari/537.36 OPR/37.0.2178.43"
172.68.27.17 - - [23/May/2016:10:27:11 -0400] "GET /team/ HTTP/1.1" 200 2902 "http://game.cryptoctf.com/team/" "Mozilla/5.0 (Macintosh; Intel Mac OS X 10_10_5) AppleWebKit/537.36 (KHTML, like Gecko) Chrome/50.0.2661.94 Safari/537.36 OPR/37.0.2178.43"
172.68.27.17 - - [23/May/2016:10:27:16 -0400] "GET /challenges/ HTTP/1.1" 200 16940 "http://game.cryptoctf.com/team/" "Mozilla/5.0 (Macintosh; Intel Mac OS X 10_10_5) AppleWebKit/537.36 (KHTML, like Gecko) Chrome/50.0.2661.94 Safari/537.36 OPR/37.0.2178.43"
172.68.27.17 - - [23/May/2016:10:27:20 -0400] "GET /scoreboard/ HTTP/1.1" 200 13867 "http://game.cryptoctf.com/challenges/" "Mozilla/5.0 (Macintosh; Intel Mac OS X 10_10_5) AppleWebKit/537.36 (KHTML, like Gecko) Chrome/50.0.2661.94 Safari/537.36 OPR/37.0.2178.43"
108.162.238.231 - - [23/May/2016:10:27:25 -0400] "GET /challenges/9/solves/ HTTP/1.1" 200 1479 "-" "Mozilla/5.0 (Macintosh; Intel Mac OS X 10_11_2) AppleWebKit/537.36 (KHTML, like Gecko) Chrome/50.0.2661.102 Safari/537.36 Vivaldi/1.1.453.59"
162.158.184.83 - - [23/May/2016:10:27:27 -0400] "GET / HTTP/1.1" 200 3597 "-" "Mozilla/5.0 (Windows NT 6.3; WOW64) AppleWebKit/537.36 (KHTML, like Gecko) Chrome/50.0.2661.102 Safari/537.36"
172.68.27.17 - - [23/May/2016:10:27:27 -0400] "POST /api/submit/25.json HTTP/1.1" 200 34 "http://game.cryptoctf.com/challenges/" "Mozilla/5.0 (Macintosh; Intel Mac OS X 10_10_5) AppleWebKit/537.36 (KHTML, like Gecko) Chrome/50.0.2661.94 Safari/537.36 OPR/37.0.2178.43"
108.162.238.227 - - [23/May/2016:10:27:29 -0400] "GET /login/ HTTP/1.1" 200 1441 "http://cryptoctf.com/" "Mozilla/5.0 (Windows NT 6.3; WOW64) AppleWebKit/537.36 (KHTML, like Gecko) Chrome/50.0.2661.102 Safari/537.36"
162.158.184.65 - - [23/May/2016:10:27:34 -0400] "GET /static/flag_439531431927152ff51511d82b07f2ada2d2d164bf415acc6e96cd8ae2f80a6c.zip HTTP/1.1" 200 3887678 "-" "Mozilla/5.0 (Macintosh; Intel Mac OS X 10_11_2) AppleWebKit/537.36 (KHTML, like Gecko) Chrome/50.0.2661.102 Safari/537.36 Vivaldi/1.1.453.59"
108.162.238.231 - - [23/May/2016:10:27:39 -0400] "GET /login/ HTTP/1.1" 200 1441 "http://cryptoctf.com/" "Mozilla/5.0 (Macintosh; Intel Mac OS X 10_11_2) AppleWebKit/601.3.9 (KHTML, like Gecko) Version/9.0.2 Safari/601.3.9"
108.162.238.231 - - [23/May/2016:10:27:40 -0400] "GET /challenges/ HTTP/1.1" 200 16860 "http://game.cryptoctf.com/team/" "Mozilla/5.0 (Macintosh; Intel Mac OS X 10_11_2) AppleWebKit/537.36 (KHTML, like Gecko) Chrome/50.0.2661.102 Safari/537.36"
108.162.238.231 - - [23/May/2016:10:27:41 -0400] "GET /register HTTP/1.1" 301 269 "http://game.cryptoctf.com/login/" "Mozilla/5.0 (Macintosh; Intel Mac OS X 10_11_2) AppleWebKit/601.3.9 (KHTML, like Gecko) Version/9.0.2 Safari/601.3.9"
108.162.238.231 - - [23/May/2016:10:27:41 -0400] "GET /register/ HTTP/1.1" 200 1871 "http://game.cryptoctf.com/login/" "Mozilla/5.0 (Macintosh; Intel Mac OS X 10_11_2) AppleWebKit/601.3.9 (KHTML, like Gecko) Version/9.0.2 Safari/601.3.9"
108.162.238.227 - - [23/May/2016:10:28:06 -0400] "POST /login/ HTTP/1.1" 302 219 "http://game.cryptoctf.com/login/" "Mozilla/5.0 (Windows NT 6.3; WOW64) AppleWebKit/537.36 (KHTML, like Gecko) Chrome/50.0.2661.102 Safari/537.36"
108.162.238.227 - - [23/May/2016:10:28:06 -0400] "GET /team/ HTTP/1.1" 200 4483 "http://game.cryptoctf.com/login/" "Mozilla/5.0 (Windows NT 6.3; WOW64) AppleWebKit/537.36 (KHTML, like Gecko) Chrome/50.0.2661.102 Safari/537.36"
162.158.184.65 - - [23/May/2016:10:28:08 -0400] "GET /static/threefold_a3866e928709a0c758541779639c345dafaacc47c64426356b7a7e45ce0f4169 HTTP/1.1" 200 92274688 "http://game.cryptoctf.com/challenges/" "Mozilla/5.0 (Macintosh; Intel Mac OS X 10_11_2) AppleWebKit/537.36 (KHTML, like Gecko) Chrome/50.0.2661.102 Safari/537.36"
108.162.238.231 - - [23/May/2016:10:28:15 -0400] "GET /scoreboard/ HTTP/1.1" 200 13894 "http://game.cryptoctf.com/team/" "Mozilla/5.0 (Macintosh; Intel Mac OS X 10_11_2) AppleWebKit/537.36 (KHTML, like Gecko) Chrome/50.0.2661.102 Safari/537.36"
108.162.238.231 - - [23/May/2016:10:28:17 -0400] "GET /chat/ HTTP/1.1" 200 1319 "http://game.cryptoctf.com/scoreboard/" "Mozilla/5.0 (Macintosh; Intel Mac OS X 10_11_2) AppleWebKit/537.36 (KHTML, like Gecko) Chrome/50.0.2661.102 Safari/537.36"
162.158.184.65 - - [23/May/2016:10:28:19 -0400] "GET /static/txt_5820330758569b4bc5cf536cff7ea0c14b1877d5628b62cd0bd246a9649257b6.txt HTTP/1.1" 200 31 "http://game.cryptoctf.com/challenges/" "Mozilla/5.0 (Macintosh; Intel Mac OS X 10_11_3) AppleWebKit/537.36 (KHTML, like Gecko) Chrome/45.0.2454.85 Safari/537.36"
108.162.238.227 - - [23/May/2016:10:28:20 -0400] "POST /login/ HTTP/1.1" 302 219 "http://game.cryptoctf.com/login/" "Mozilla/5.0 (Windows NT 6.3; WOW64) AppleWebKit/537.36 (KHTML, like Gecko) Chrome/50.0.2661.102 Safari/537.36"
108.162.238.227 - - [23/May/2016:10:28:20 -0400] "GET /team/ HTTP/1.1" 200 4481 "http://game.cryptoctf.com/login/" "Mozilla/5.0 (Windows NT 6.3; WOW64) AppleWebKit/537.36 (KHTML, like Gecko) Chrome/50.0.2661.102 Safari/537.36"
108.162.238.231 - - [23/May/2016:10:28:21 -0400] "POST /register/ HTTP/1.1" 302 219 "http://game.cryptoctf.com/register/" "Mozilla/5.0 (Macintosh; Intel Mac OS X 10_11_2) AppleWebKit/601.3.9 (KHTML, like Gecko) Version/9.0.2 Safari/601.3.9"
108.162.238.231 - - [23/May/2016:10:28:21 -0400] "GET /team/ HTTP/1.1" 200 3195 "http://game.cryptoctf.com/register/" "Mozilla/5.0 (Macintosh; Intel Mac OS X 10_11_2) AppleWebKit/601.3.9 (KHTML, like Gecko) Version/9.0.2 Safari/601.3.9"
108.162.238.227 - - [23/May/2016:10:28:22 -0400] "GET /scoreboard/ HTTP/1.1" 200 13893 "http://game.cryptoctf.com/team/" "Mozilla/5.0 (Windows NT 6.3; WOW64) AppleWebKit/537.36 (KHTML, like Gecko) Chrome/50.0.2661.102 Safari/537.36"
108.162.238.227 - - [23/May/2016:10:28:23 -0400] "GET /challenges/ HTTP/1.1" 200 16253 "http://game.cryptoctf.com/team/" "Mozilla/5.0 (Windows NT 6.3; WOW64) AppleWebKit/537.36 (KHTML, like Gecko) Chrome/50.0.2661.102 Safari/537.36"
108.162.238.227 - - [23/May/2016:10:28:25 -0400] "GET /chat/ HTTP/1.1" 200 1311 "http://game.cryptoctf.com/challenges/" "Mozilla/5.0 (Windows NT 6.3; WOW64) AppleWebKit/537.36 (KHTML, like Gecko) Chrome/50.0.2661.102 Safari/537.36"
108.162.238.227 - - [23/May/2016:10:28:30 -0400] "GET /challenges/ HTTP/1.1" 200 16249 "http://game.cryptoctf.com/team/" "Mozilla/5.0 (Windows NT 6.3; WOW64) AppleWebKit/537.36 (KHTML, like Gecko) Chrome/50.0.2661.102 Safari/537.36"
172.68.27.17 - - [23/May/2016:10:28:30 -0400] "POST /api/submit/14.json HTTP/1.1" 200 34 "http://game.cryptoctf.com/challenges/" "Mozilla/5.0 (Macintosh; Intel Mac OS X 10_10_5) AppleWebKit/537.36 (KHTML, like Gecko) Chrome/50.0.2661.94 Safari/537.36 OPR/37.0.2178.43"
108.162.238.227 - - [23/May/2016:10:28:31 -0400] "GET /challenges/ HTTP/1.1" 200 16254 "http://game.cryptoctf.com/team/" "Mozilla/5.0 (Windows NT 6.3; WOW64) AppleWebKit/537.36 (KHTML, like Gecko) Chrome/50.0.2661.102 Safari/537.36"
172.68.27.14 - - [23/May/2016:10:28:36 -0400] "GET /static/super_secure_db4e55ceadfd12d67ce68f98bafb25b9a3e8692d7289bb1b11a90f0033dfea8f.txt HTTP/1.1" 200 97 "http://game.cryptoctf.com/challenges/" "Mozilla/5.0 (Macintosh; Intel Mac OS X 10_10_5) AppleWebKit/537.36 (KHTML, like Gecko) Chrome/50.0.2661.94 Safari/537.36 OPR/37.0.2178.43"
172.68.26.229 - - [23/May/2016:10:28:36 -0400] "GET /favicon.ico HTTP/1.1" 404 208 "http://cryptoctf.com/static/super_secure_db4e55ceadfd12d67ce68f98bafb25b9a3e8692d7289bb1b11a90f0033dfea8f.txt" "Mozilla/5.0 (Macintosh; Intel Mac OS X 10_10_5) AppleWebKit/537.36 (KHTML, like Gecko) Chrome/50.0.2661.94 Safari/537.36 OPR/37.0.2178.43"
162.158.184.83 - - [23/May/2016:10:28:38 -0400] "GET /static/psychic3_4ba3830feaededaa4f08fa7d476ff317fa3175aa8d9acf9d02bc81a75ef4808d.zip HTTP/1.1" 200 12017 "http://game.cryptoctf.com/challenges/" "Mozilla/5.0 (Windows NT 6.3; WOW64) AppleWebKit/537.36 (KHTML, like Gecko) Chrome/50.0.2661.102 Safari/537.36"
108.162.238.231 - - [23/May/2016:10:28:48 -0400] "GET /chat/ HTTP/1.1" 200 1317 "http://game.cryptoctf.com/challenges/" "Mozilla/5.0 (Macintosh; Intel Mac OS X 10_11_2) AppleWebKit/537.36 (KHTML, like Gecko) Chrome/50.0.2661.102 Safari/537.36"
172.68.27.17 - - [23/May/2016:10:28:51 -0400] "POST /api/submit/15.json HTTP/1.1" 200 34 "http://game.cryptoctf.com/challenges/" "Mozilla/5.0 (Macintosh; Intel Mac OS X 10_10_5) AppleWebKit/537.36 (KHTML, like Gecko) Chrome/50.0.2661.94 Safari/537.36 OPR/37.0.2178.43"
108.162.238.231 - - [23/May/2016:10:28:53 -0400] "GET /chat/ HTTP/1.1" 200 1318 "http://game.cryptoctf.com/challenges/" "Mozilla/5.0 (Macintosh; Intel Mac OS X 10_11_2) AppleWebKit/537.36 (KHTML, like Gecko) Chrome/50.0.2661.102 Safari/537.36 Vivaldi/1.1.453.59"
172.68.27.221 - - [23/May/2016:10:28:53 -0400] "GET / HTTP/1.1" 302 231 "-" "Mozilla/5.0 (X11; Ubuntu; Linux x86_64; rv:46.0) Gecko/20100101 Firefox/46.0"
172.68.27.14 - - [23/May/2016:10:28:53 -0400] "GET /static/log_rules_2571b3d0c0cc307bf1acbddded64ab87893c6b6922a3f66317da4abec33e4e73.txt HTTP/1.1" 200 339 "http://game.cryptoctf.com/challenges/" "Mozilla/5.0 (Macintosh; Intel Mac OS X 10_10_5) AppleWebKit/537.36 (KHTML, like Gecko) Chrome/50.0.2661.94 Safari/537.36 OPR/37.0.2178.43"
172.68.27.221 - - [23/May/2016:10:28:54 -0400] "GET /scoreboard/ HTTP/1.1" 200 13920 "-" "Mozilla/5.0 (X11; Ubuntu; Linux x86_64; rv:46.0) Gecko/20100101 Firefox/46.0"
172.68.27.221 - - [23/May/2016:10:29:03 -0400] "GET /logout/ HTTP/1.1" 302 209 "http://game.cryptoctf.com/scoreboard/" "Mozilla/5.0 (X11; Ubuntu; Linux x86_64; rv:46.0) Gecko/20100101 Firefox/46.0"
172.68.27.221 - - [23/May/2016:10:29:03 -0400] "GET / HTTP/1.1" 302 231 "http://game.cryptoctf.com/scoreboard/" "Mozilla/5.0 (X11; Ubuntu; Linux x86_64; rv:46.0) Gecko/20100101 Firefox/46.0"
172.68.27.221 - - [23/May/2016:10:29:04 -0400] "GET /scoreboard/ HTTP/1.1" 200 13908 "http://game.cryptoctf.com/scoreboard/" "Mozilla/5.0 (X11; Ubuntu; Linux x86_64; rv:46.0) Gecko/20100101 Firefox/46.0"
108.162.238.231 - - [23/May/2016:10:29:08 -0400] "GET / HTTP/1.1" 302 231 "-" "Mozilla/5.0 (Macintosh; Intel Mac OS X 10_11_2) AppleWebKit/601.3.9 (KHTML, like Gecko) Version/9.0.2 Safari/601.3.9"
172.68.27.17 - - [23/May/2016:10:29:17 -0400] "GET /challenges/10/solves/ HTTP/1.1" 200 2586 "http://game.cryptoctf.com/challenges/" "Mozilla/5.0 (Macintosh; Intel Mac OS X 10_10_5) AppleWebKit/537.36 (KHTML, like Gecko) Chrome/50.0.2661.94 Safari/537.36 OPR/37.0.2178.43"
108.162.219.172 - - [23/May/2016:10:29:35 -0400] "GET /static/psychic3_4ba3830feaededaa4f08fa7d476ff317fa3175aa8d9acf9d02bc81a75ef4808d.zip HTTP/1.1" 200 12017 "http://game.cryptoctf.com/challenges/" "Mozilla/5.0 (iPhone; CPU iPhone OS 9_3_2 like Mac OS X) AppleWebKit/601.1 (KHTML, like Gecko) CriOS/50.0.2661.95 Mobile/13F69 Safari/601.1.46"
108.162.219.172 - - [23/May/2016:10:29:36 -0400] "HEAD /static/psychic3_4ba3830feaededaa4f08fa7d476ff317fa3175aa8d9acf9d02bc81a75ef4808d.zip HTTP/1.1" 200 0 "-" "Mozilla/5.0 (iPhone; CPU iPhone OS 9_3_2 like Mac OS X) AppleWebKit/601.1 (KHTML, like Gecko) CriOS/50.0.2661.95 Mobile/13F69 Safari/601.1.46"
162.158.184.83 - - [23/May/2016:10:29:40 -0400] "GET /static/multi_fb079f355fb1aeef7b2fab4a34894495b8cf0a1a09f7f47e2928adaa5749dda3.pad HTTP/1.1" 200 1454 "http://game.cryptoctf.com/challenges/" "Mozilla/5.0 (Windows NT 6.3; WOW64) AppleWebKit/537.36 (KHTML, like Gecko) Chrome/50.0.2661.102 Safari/537.36"
162.158.184.65 - - [23/May/2016:10:29:40 -0400] "GET /static/decryptme_4f145949fa5e76e3b809eb0b75fea21d2ce00d30dd9cb9149b7541f20519e4cd HTTP/1.1" 200 153 "http://game.cryptoctf.com/challenges/" "Mozilla/5.0 (Macintosh; Intel Mac OS X 10_11_2) AppleWebKit/537.36 (KHTML, like Gecko) Chrome/50.0.2661.102 Safari/537.36"
162.158.184.65 - - [23/May/2016:10:29:57 -0400] "GET /static/alltexthaystack_8bb2bd553f9da7d3ca06dce6faf61de5f3ba38043a505736c1d95889f8ea263d.txt HTTP/1.1" 200 15036222 "http://game.cryptoctf.com/challenges/" "Mozilla/5.0 (Macintosh; Intel Mac OS X 10_11_2) AppleWebKit/537.36 (KHTML, like Gecko) Chrome/50.0.2661.102 Safari/537.36"
162.158.184.65 - - [23/May/2016:10:29:58 -0400] "GET /static/log_rules_2571b3d0c0cc307bf1acbddded64ab87893c6b6922a3f66317da4abec33e4e73.txt HTTP/1.1" 200 339 "http://game.cryptoctf.com/challenges/" "Mozilla/5.0 (Macintosh; Intel Mac OS X 10_11_3) AppleWebKit/537.36 (KHTML, like Gecko) Chrome/50.0.2661.102 Safari/537.36"
108.162.238.231 - - [23/May/2016:10:30:09 -0400] "POST /api/submit/10.json HTTP/1.1" 200 44 "http://game.cryptoctf.com/challenges/" "Mozilla/5.0 (Macintosh; Intel Mac OS X 10_11_3) AppleWebKit/537.36 (KHTML, like Gecko) Chrome/50.0.2661.102 Safari/537.36"
172.68.27.14 - - [23/May/2016:10:30:17 -0400] "GET /static/so_many_ff10c8108aa4b470a0da0d0b268a92166020bbb9d6c569faf1baf5f5cb7ff3ee HTTP/1.1" 200 1243 "http://game.cryptoctf.com/challenges/" "Mozilla/5.0 (Macintosh; Intel Mac OS X 10_10_5) AppleWebKit/537.36 (KHTML, like Gecko) Chrome/50.0.2661.94 Safari/537.36 OPR/37.0.2178.43"
108.162.238.227 - - [23/May/2016:10:30:40 -0400] "GET /chat/ HTTP/1.1" 200 1314 "http://game.cryptoctf.com/challenges/" "Mozilla/5.0 (Windows NT 6.3; WOW64) AppleWebKit/537.36 (KHTML, like Gecko) Chrome/50.0.2661.102 Safari/537.36"
108.162.238.231 - - [23/May/2016:10:30:49 -0400] "POST /api/submit/45.json HTTP/1.1" 200 44 "http://game.cryptoctf.com/challenges/" "Mozilla/5.0 (Macintosh; Intel Mac OS X 10_11_2) AppleWebKit/537.36 (KHTML, like Gecko) Chrome/50.0.2661.102 Safari/537.36"
162.158.184.83 - - [23/May/2016:10:31:17 -0400] "GET /static/psychic050801_4e8ce18887c9aa304e242c16b6acf6479238fe6918b74b7d8fe5e72e94e14d58 HTTP/1.1" 200 1000 "http://game.cryptoctf.com/challenges/" "Mozilla/5.0 (Windows NT 6.3; WOW64) AppleWebKit/537.36 (KHTML, like Gecko) Chrome/50.0.2661.102 Safari/537.36"
162.158.184.65 - - [23/May/2016:10:31:22 -0400] "GET /static/repetitions_5de862df34a49cb2291480d121a1c9f71f4866f77b2f843c741e6df1ea5296e7.txt HTTP/1.1" 200 180 "http://game.cryptoctf.com/challenges/" "Mozilla/5.0 (Macintosh; Intel Mac OS X 10_11_2) AppleWebKit/537.36 (KHTML, like Gecko) Chrome/50.0.2661.102 Safari/537.36"
162.158.184.65 - - [23/May/2016:10:31:22 -0400] "GET /static/log_rules_2571b3d0c0cc307bf1acbddded64ab87893c6b6922a3f66317da4abec33e4e73.txt HTTP/1.1" 200 339 "http://game.cryptoctf.com/challenges/" "Mozilla/5.0 (Macintosh; Intel Mac OS X 10_11_4) AppleWebKit/537.36 (KHTML, like Gecko) Chrome/50.0.2661.102 Safari/537.36"
162.158.184.65 - - [23/May/2016:10:31:31 -0400] "GET /static/flag_439531431927152ff51511d82b07f2ada2d2d164bf415acc6e96cd8ae2f80a6c.zip HTTP/1.1" 200 3887678 "http://game.cryptoctf.com/challenges/" "Mozilla/5.0 (Macintosh; Intel Mac OS X 10_11_2) AppleWebKit/537.36 (KHTML, like Gecko) Chrome/50.0.2661.102 Safari/537.36"
108.162.238.231 - - [23/May/2016:10:31:31 -0400] "GET /challenges/ HTTP/1.1" 200 16981 "-" "Mozilla/5.0 (Macintosh; Intel Mac OS X 10_11_2) AppleWebKit/537.36 (KHTML, like Gecko) Chrome/50.0.2661.102 Safari/537.36"
108.162.238.231 - - [23/May/2016:10:32:35 -0400] "GET /login/ HTTP/1.1" 200 1441 "http://game.cryptoctf.com/scoreboard/" "Mozilla/5.0 (Windows NT 6.1; WOW64) AppleWebKit/537.36 (KHTML, like Gecko) Chrome/50.0.2661.102 Safari/537.36"
108.162.238.231 - - [23/May/2016:10:32:46 -0400] "GET /scoreboard/ HTTP/1.1" 200 13930 "http://game.cryptoctf.com/challenges/" "Mozilla/5.0 (Macintosh; Intel Mac OS X 10_11_2) AppleWebKit/537.36 (KHTML, like Gecko) Chrome/50.0.2661.102 Safari/537.36"
162.158.184.83 - - [23/May/2016:10:32:47 -0400] "GET /static/decryptme_4f145949fa5e76e3b809eb0b75fea21d2ce00d30dd9cb9149b7541f20519e4cd HTTP/1.1" 200 153 "http://game.cryptoctf.com/challenges/" "Mozilla/5.0 (Windows NT 6.3; WOW64) AppleWebKit/537.36 (KHTML, like Gecko) Chrome/50.0.2661.102 Safari/537.36"
108.162.221.175 - - [23/May/2016:10:32:48 -0400] "GET /team/ HTTP/1.1" 200 3639 "http://game.cryptoctf.com/scoreboard/" "Mozilla/5.0 (Macintosh; Intel Mac OS X 10_11_2) AppleWebKit/537.36 (KHTML, like Gecko) Chrome/50.0.2661.102 Safari/537.36"
108.162.221.175 - - [23/May/2016:10:32:55 -0400] "POST /login/ HTTP/1.1" 302 219 "http://game.cryptoctf.com/login/" "Mozilla/5.0 (Windows NT 6.1; WOW64) AppleWebKit/537.36 (KHTML, like Gecko) Chrome/50.0.2661.102 Safari/537.36"
108.162.221.175 - - [23/May/2016:10:32:55 -0400] "GET /team/ HTTP/1.1" 200 3673 "http://game.cryptoctf.com/login/" "Mozilla/5.0 (Windows NT 6.1; WOW64) AppleWebKit/537.36 (KHTML, like Gecko) Chrome/50.0.2661.102 Safari/537.36"
108.162.221.175 - - [23/May/2016:10:32:58 -0400] "GET /challenges/ HTTP/1.1" 200 16871 "http://game.cryptoctf.com/team/" "Mozilla/5.0 (Windows NT 6.1; WOW64) AppleWebKit/537.36 (KHTML, like Gecko) Chrome/50.0.2661.102 Safari/537.36"
141.101.66.143 - - [23/May/2016:10:33:15 -0400] "POST /api/submit/3.json HTTP/1.1" 200 34 "http://game.cryptoctf.com/challenges/" "Mozilla/5.0 (Macintosh; Intel Mac OS X 10.9; rv:46.0) Gecko/20100101 Firefox/46.0"
108.162.221.175 - - [23/May/2016:10:33:29 -0400] "GET /login/ HTTP/1.1" 200 1493 "http://cryptoctf.com/" "Mozilla/5.0 (Macintosh; Intel Mac OS X 10_11_2) AppleWebKit/601.3.9 (KHTML, like Gecko) Version/9.0.2 Safari/601.3.9"
173.245.50.171 - - [23/May/2016:10:33:30 -0400] "GET /static/super_secure_db4e55ceadfd12d67ce68f98bafb25b9a3e8692d7289bb1b11a90f0033dfea8f.txt HTTP/1.1" 200 97 "http://game.cryptoctf.com/challenges/" "Mozilla/5.0 (Macintosh; Intel Mac OS X 10_11_2) AppleWebKit/537.36 (KHTML, like Gecko) Chrome/50.0.2661.102 Safari/537.36"
108.162.221.175 - - [23/May/2016:10:33:31 -0400] "GET /register HTTP/1.1" 301 269 "http://game.cryptoctf.com/login/" "Mozilla/5.0 (Macintosh; Intel Mac OS X 10_11_2) AppleWebKit/601.3.9 (KHTML, like Gecko) Version/9.0.2 Safari/601.3.9"
108.162.221.175 - - [23/May/2016:10:33:31 -0400] "GET /register/ HTTP/1.1" 200 1917 "http://game.cryptoctf.com/login/" "Mozilla/5.0 (Macintosh; Intel Mac OS X 10_11_2) AppleWebKit/601.3.9 (KHTML, like Gecko) Version/9.0.2 Safari/601.3.9"
108.162.221.175 - - [23/May/2016:10:33:38 -0400] "GET /challenges/ HTTP/1.1" 200 16856 "http://game.cryptoctf.com/chat/" "Mozilla/5.0 (Macintosh; Intel Mac OS X 10_11_2) AppleWebKit/537.36 (KHTML, like Gecko) Chrome/50.0.2661.102 Safari/537.36"
172.68.27.17 - - [23/May/2016:10:33:41 -0400] "POST /api/submit/11.json HTTP/1.1" 200 34 "http://game.cryptoctf.com/challenges/" "Mozilla/5.0 (Macintosh; Intel Mac OS X 10_10_5) AppleWebKit/537.36 (KHTML, like Gecko) Chrome/50.0.2661.94 Safari/537.36 OPR/37.0.2178.43"
172.68.27.17 - - [23/May/2016:10:33:45 -0400] "GET /scoreboard/ HTTP/1.1" 200 13913 "http://game.cryptoctf.com/challenges/" "Mozilla/5.0 (Macintosh; Intel Mac OS X 10_10_5) AppleWebKit/537.36 (KHTML, like Gecko) Chrome/50.0.2661.94 Safari/537.36 OPR/37.0.2178.43"
108.162.221.175 - - [23/May/2016:10:33:51 -0400] "POST /api/submit/10.json HTTP/1.1" 200 44 "http://game.cryptoctf.com/challenges/" "Mozilla/5.0 (Macintosh; Intel Mac OS X 10_11_3) AppleWebKit/537.36 (KHTML, like Gecko) Chrome/50.0.2661.102 Safari/537.36"
108.162.221.175 - - [23/May/2016:10:33:52 -0400] "POST /login/ HTTP/1.1" 302 219 "http://game.cryptoctf.com/login/" "Mozilla/5.0 (Macintosh; Intel Mac OS X 10_11_2) AppleWebKit/601.3.9 (KHTML, like Gecko) Version/9.0.2 Safari/601.3.9"
108.162.221.175 - - [23/May/2016:10:33:52 -0400] "GET /team/ HTTP/1.1" 200 3179 "http://game.cryptoctf.com/login/" "Mozilla/5.0 (Macintosh; Intel Mac OS X 10_11_2) AppleWebKit/601.3.9 (KHTML, like Gecko) Version/9.0.2 Safari/601.3.9"
172.68.27.14 - - [23/May/2016:10:33:52 -0400] "GET /static/yellow_submarine_cc2b1310ec86a98e6bf883d40fb1130a293e83c0d3c06d6fc903034e1be2a65a.txt HTTP/1.1" 200 226 "http://game.cryptoctf.com/challenges/" "Mozilla/5.0 (Macintosh; Intel Mac OS X 10_10_5) AppleWebKit/537.36 (KHTML, like Gecko) Chrome/50.0.2661.94 Safari/537.36 OPR/37.0.2178.43"
173.245.50.171 - - [23/May/2016:10:34:00 -0400] "GET /static/so_many_ff10c8108aa4b470a0da0d0b268a92166020bbb9d6c569faf1baf5f5cb7ff3ee HTTP/1.1" 200 1243 "http://game.cryptoctf.com/challenges/" "Mozilla/5.0 (Macintosh; Intel Mac OS X 10_11_2) AppleWebKit/537.36 (KHTML, like Gecko) Chrome/50.0.2661.102 Safari/537.36"
108.162.245.228 - - [23/May/2016:10:34:06 -0400] "GET /static/magiceye_7960265f84be69da342595b2e4cbefa179ade22b63a19fe11995f206eee5bb7f.png HTTP/1.1" 200 186994 "-" "Mozilla/5.0 (iPad; CPU OS 9_3_1 like Mac OS X) AppleWebKit/601.1.46 (KHTML, like Gecko) Mobile/13E238"
108.162.221.175 - - [23/May/2016:10:34:09 -0400] "GET / HTTP/1.1" 499 0 "-" "Mozilla/5.0 (Macintosh; Intel Mac OS X 10_11_2) AppleWebKit/601.3.9 (KHTML, like Gecko) Version/9.0.2 Safari/601.3.9"
173.245.50.171 - - [23/May/2016:10:34:28 -0400] "GET /static/tap_tap_039bb5ce8897044031dc62876d7b39e8b573654fdb0a274b18ad5877654bc52a.txt HTTP/1.1" 200 119 "http://game.cryptoctf.com/challenges/" "Mozilla/5.0 (Macintosh; Intel Mac OS X 10_11_2) AppleWebKit/537.36 (KHTML, like Gecko) Chrome/50.0.2661.102 Safari/537.36"
108.162.221.175 - - [23/May/2016:10:35:15 -0400] "POST /confirm_email/ HTTP/1.1" 302 219 "http://game.cryptoctf.com/team/" "Mozilla/5.0 (Macintosh; Intel Mac OS X 10_11_2) AppleWebKit/601.3.9 (KHTML, like Gecko) Version/9.0.2 Safari/601.3.9"
108.162.221.175 - - [23/May/2016:10:35:15 -0400] "GET /team/ HTTP/1.1" 200 2914 "http://game.cryptoctf.com/team/" "Mozilla/5.0 (Macintosh; Intel Mac OS X 10_11_2) AppleWebKit/601.3.9 (KHTML, like Gecko) Version/9.0.2 Safari/601.3.9"
108.162.229.128 - - [23/May/2016:10:35:31 -0400] "GET /static/repetitions_5de862df34a49cb2291480d121a1c9f71f4866f77b2f843c741e6df1ea5296e7.txt HTTP/1.1" 200 180 "http://game.cryptoctf.com/challenges/" "Mozilla/5.0 (Macintosh; Intel Mac OS X 10.9; rv:46.0) Gecko/20100101 Firefox/46.0"
108.162.221.175 - - [23/May/2016:10:35:35 -0400] "GET /scoreboard/ HTTP/1.1" 200 13900 "http://game.cryptoctf.com/team/" "Mozilla/5.0 (Macintosh; Intel Mac OS X 10_11_2) AppleWebKit/601.3.9 (KHTML, like Gecko) Version/9.0.2 Safari/601.3.9"
108.162.221.175 - - [23/May/2016:10:35:38 -0400] "GET /team/ HTTP/1.1" 200 2884 "http://game.cryptoctf.com/scoreboard/" "Mozilla/5.0 (Macintosh; Intel Mac OS X 10_11_2) AppleWebKit/601.3.9 (KHTML, like Gecko) Version/9.0.2 Safari/601.3.9"
108.162.221.175 - - [23/May/2016:10:35:43 -0400] "GET /challenges/ HTTP/1.1" 200 16950 "http://game.cryptoctf.com/team/" "Mozilla/5.0 (Macintosh; Intel Mac OS X 10_11_2) AppleWebKit/601.3.9 (KHTML, like Gecko) Version/9.0.2 Safari/601.3.9"
172.68.27.17 - - [23/May/2016:10:36:00 -0400] "GET /challenges/ HTTP/1.1" 302 221 "-" "Mozilla/5.0 (Macintosh; Intel Mac OS X 10_10_5) AppleWebKit/537.36 (KHTML, like Gecko) Chrome/50.0.2661.94 Safari/537.36 OPR/37.0.2178.43"
172.68.27.17 - - [23/May/2016:10:36:00 -0400] "GET /login/ HTTP/1.1" 200 1439 "-" "Mozilla/5.0 (Macintosh; Intel Mac OS X 10_10_5) AppleWebKit/537.36 (KHTML, like Gecko) Chrome/50.0.2661.94 Safari/537.36 OPR/37.0.2178.43"
172.68.27.14 - - [23/May/2016:10:36:00 -0400] "GET /favicon.ico HTTP/1.1" 404 209 "-" "Mozilla/5.0 (Macintosh; Intel Mac OS X 10_10_5) AppleWebKit/537.36 (KHTML, like Gecko) Chrome/50.0.2661.94 Safari/537.36 OPR/37.0.2178.43"
172.68.26.229 - - [23/May/2016:10:36:01 -0400] "GET /favicon.ico HTTP/1.1" 404 208 "-" "Mozilla/5.0 (Macintosh; Intel Mac OS X 10_10_5) AppleWebKit/537.36 (KHTML, like Gecko) Chrome/50.0.2661.94 Safari/537.36 OPR/37.0.2178.43"
108.162.221.175 - - [23/May/2016:10:36:04 -0400] "GET /challenges/25/solves/ HTTP/1.1" 200 7200 "http://game.cryptoctf.com/challenges/" "Mozilla/5.0 (Macintosh; Intel Mac OS X 10_11_2) AppleWebKit/601.3.9 (KHTML, like Gecko) Version/9.0.2 Safari/601.3.9"
162.158.166.45 - - [23/May/2016:10:36:21 -0400] "GET /favicon.ico HTTP/1.1" 404 209 "-" "Mozilla/5.0 (Windows NT 6.1; WOW64; rv:46.0) Gecko/20100101 Firefox/46.0"
108.162.229.236 - - [23/May/2016:10:36:50 -0400] "GET /static/bad_fc54e063baafc26e4e571ce12d5741cb13e480aaefb61604a48cf0f1de53a1af.jpg HTTP/1.1" 200 1423559 "http://game.cryptoctf.com/challenges/" "Mozilla/5.0 (Macintosh; Intel Mac OS X 10.9; rv:46.0) Gecko/20100101 Firefox/46.0"
173.245.50.171 - - [23/May/2016:10:37:19 -0400] "GET /static/secure_data_7500314f2b1386d495d610436a5ad8c2a405ef8f05856222df1fea664b5a6054 HTTP/1.1" 200 746 "http://game.cryptoctf.com/challenges/" "Mozilla/5.0 (Macintosh; Intel Mac OS X 10_11_2) AppleWebKit/537.36 (KHTML, like Gecko) Chrome/50.0.2661.102 Safari/537.36"
173.245.50.171 - - [23/May/2016:10:38:00 -0400] "GET /static/multi_fb079f355fb1aeef7b2fab4a34894495b8cf0a1a09f7f47e2928adaa5749dda3.pad HTTP/1.1" 200 1454 "http://game.cryptoctf.com/challenges/" "Mozilla/5.0 (Macintosh; Intel Mac OS X 10_11_2) AppleWebKit/537.36 (KHTML, like Gecko) Chrome/50.0.2661.102 Safari/537.36"
108.162.221.175 - - [23/May/2016:10:38:02 -0400] "POST /api/submit/21.json HTTP/1.1" 200 44 "http://game.cryptoctf.com/challenges/" "Mozilla/5.0 (Macintosh; Intel Mac OS X 10_11_2) AppleWebKit/537.36 (KHTML, like Gecko) Chrome/50.0.2661.102 Safari/537.36"
108.162.221.175 - - [23/May/2016:10:38:12 -0400] "POST /api/submit/21.json HTTP/1.1" 200 44 "http://game.cryptoctf.com/challenges/" "Mozilla/5.0 (Macintosh; Intel Mac OS X 10_11_2) AppleWebKit/537.36 (KHTML, like Gecko) Chrome/50.0.2661.102 Safari/537.36"
108.162.221.175 - - [23/May/2016:10:38:16 -0400] "POST /api/submit/21.json HTTP/1.1" 200 44 "http://game.cryptoctf.com/challenges/" "Mozilla/5.0 (Macintosh; Intel Mac OS X 10_11_2) AppleWebKit/537.36 (KHTML, like Gecko) Chrome/50.0.2661.102 Safari/537.36"
108.162.221.175 - - [23/May/2016:10:38:19 -0400] "POST /api/submit/21.json HTTP/1.1" 200 44 "http://game.cryptoctf.com/challenges/" "Mozilla/5.0 (Macintosh; Intel Mac OS X 10_11_2) AppleWebKit/537.36 (KHTML, like Gecko) Chrome/50.0.2661.102 Safari/537.36"
108.162.238.227 - - [23/May/2016:10:38:23 -0400] "GET /chat/ HTTP/1.1" 200 1311 "http://game.cryptoctf.com/challenges/" "Mozilla/5.0 (Windows NT 6.3; WOW64) AppleWebKit/537.36 (KHTML, like Gecko) Chrome/50.0.2661.102 Safari/537.36"
108.162.238.239 - - [23/May/2016:10:38:23 -0400] "GET /static/logo.png HTTP/1.1" 304 0 "http://game.cryptoctf.com/static/cryptoctf.css" "Mozilla/5.0 (Windows NT 6.3; WOW64) AppleWebKit/537.36 (KHTML, like Gecko) Chrome/50.0.2661.102 Safari/537.36"
108.162.221.175 - - [23/May/2016:10:38:25 -0400] "POST /api/submit/15.json HTTP/1.1" 200 44 "http://game.cryptoctf.com/challenges/" "Mozilla/5.0 (Macintosh; Intel Mac OS X 10_11_2) AppleWebKit/537.36 (KHTML, like Gecko) Chrome/50.0.2661.102 Safari/537.36"
108.162.221.175 - - [23/May/2016:10:38:29 -0400] "POST /api/submit/25.json HTTP/1.1" 200 34 "http://game.cryptoctf.com/challenges/" "Mozilla/5.0 (Macintosh; Intel Mac OS X 10_11_2) AppleWebKit/601.3.9 (KHTML, like Gecko) Version/9.0.2 Safari/601.3.9"
108.162.221.175 - - [23/May/2016:10:38:37 -0400] "GET /team/ HTTP/1.1" 200 3638 "http://game.cryptoctf.com/challenges/" "Mozilla/5.0 (Macintosh; Intel Mac OS X 10_11_2) AppleWebKit/537.36 (KHTML, like Gecko) Chrome/50.0.2661.102 Safari/537.36"
162.158.184.83 - - [23/May/2016:10:38:40 -0400] "GET /static/secure_data_7500314f2b1386d495d610436a5ad8c2a405ef8f05856222df1fea664b5a6054 HTTP/1.1" 200 746 "http://game.cryptoctf.com/challenges/" "Mozilla/5.0 (Windows NT 6.3; WOW64) AppleWebKit/537.36 (KHTML, like Gecko) Chrome/50.0.2661.102 Safari/537.36"
108.162.221.175 - - [23/May/2016:10:38:51 -0400] "GET /challenges/ HTTP/1.1" 200 16866 "http://game.cryptoctf.com/team/" "Mozilla/5.0 (Macintosh; Intel Mac OS X 10_11_2) AppleWebKit/537.36 (KHTML, like Gecko) Chrome/50.0.2661.102 Safari/537.36"
108.162.221.175 - - [23/May/2016:10:38:52 -0400] "GET /tickets/ HTTP/1.1" 200 1215 "http://game.cryptoctf.com/challenges/" "Mozilla/5.0 (Macintosh; Intel Mac OS X 10_11_2) AppleWebKit/537.36 (KHTML, like Gecko) Chrome/50.0.2661.102 Safari/537.36"
108.162.221.175 - - [23/May/2016:10:38:53 -0400] "GET /chat/ HTTP/1.1" 200 1319 "http://game.cryptoctf.com/tickets/" "Mozilla/5.0 (Macintosh; Intel Mac OS X 10_11_2) AppleWebKit/537.36 (KHTML, like Gecko) Chrome/50.0.2661.102 Safari/537.36"
162.158.184.83 - - [23/May/2016:10:38:56 -0400] "GET /static/another_haystack_80c5ecb26b73d50f55f16b566d1624bac2d1da5237c5e709ee265e8ff3247454 HTTP/1.1" 200 24835787 "http://game.cryptoctf.com/challenges/" "Mozilla/5.0 (Windows NT 6.3; WOW64) AppleWebKit/537.36 (KHTML, like Gecko) Chrome/50.0.2661.102 Safari/537.36"
108.162.221.175 - - [23/May/2016:10:39:00 -0400] "POST /api/submit/21.json HTTP/1.1" 200 44 "http://game.cryptoctf.com/challenges/" "Mozilla/5.0 (Macintosh; Intel Mac OS X 10_11_2) AppleWebKit/537.36 (KHTML, like Gecko) Chrome/50.0.2661.102 Safari/537.36"
108.162.221.175 - - [23/May/2016:10:39:02 -0400] "GET /team/ HTTP/1.1" 200 3638 "http://game.cryptoctf.com/chat/" "Mozilla/5.0 (Macintosh; Intel Mac OS X 10_11_2) AppleWebKit/537.36 (KHTML, like Gecko) Chrome/50.0.2661.102 Safari/537.36"
108.162.221.175 - - [23/May/2016:10:39:27 -0400] "GET /scoreboard/ HTTP/1.1" 200 13928 "http://game.cryptoctf.com/team/" "Mozilla/5.0 (Macintosh; Intel Mac OS X 10_11_2) AppleWebKit/537.36 (KHTML, like Gecko) Chrome/50.0.2661.102 Safari/537.36"
172.68.27.14 - - [23/May/2016:10:39:38 -0400] "GET /static/baby_haystack_3388b3788d3890ab5dd47e55da66a0c7f05923ca8fc3f97908bd6a5286c8c011 HTTP/1.1" 200 224804589 "http://game.cryptoctf.com/challenges/" "Mozilla/5.0 (Macintosh; Intel Mac OS X 10_10_5) AppleWebKit/537.36 (KHTML, like Gecko) Chrome/50.0.2661.94 Safari/537.36 OPR/37.0.2178.43"
173.245.50.171 - - [23/May/2016:10:39:44 -0400] "GET /static/another_haystack_80c5ecb26b73d50f55f16b566d1624bac2d1da5237c5e709ee265e8ff3247454 HTTP/1.1" 200 1227154782 "http://game.cryptoctf.com/challenges/" "Mozilla/5.0 (Macintosh; Intel Mac OS X 10_11_2) AppleWebKit/537.36 (KHTML, like Gecko) Chrome/50.0.2661.102 Safari/537.36"
108.162.221.175 - - [23/May/2016:10:39:52 -0400] "POST /api/submit/21.json HTTP/1.1" 200 44 "http://game.cryptoctf.com/challenges/" "Mozilla/5.0 (Macintosh; Intel Mac OS X 10_11_2) AppleWebKit/537.36 (KHTML, like Gecko) Chrome/50.0.2661.102 Safari/537.36"
