173.245.50.171 - - [23/May/2016:12:09:47 -0400] "GET /static/pulitzer_winner_835c6f0c9b8ab6ea66f969c6b2cf9336ba63a2bbfbb0561d51ea75f1a9f4bc3c.txt HTTP/1.1" 200 962 "http://game.cryptoctf.com/challenges/" "Mozilla/5.0 (Macintosh; Intel Mac OS X 10_11_4) AppleWebKit/601.5.17 (KHTML, like Gecko) Version/9.1 Safari/601.5.17"
162.158.91.15 - - [23/May/2016:12:10:19 -0400] "GET /challenges/ HTTP/1.1" 200 16875 "http://game.cryptoctf.com/team/" "Mozilla/5.0 (Windows NT 6.3; Win64; x64; rv:49.0) Gecko/20100101 Firefox/49.0"
162.158.91.15 - - [23/May/2016:12:10:19 -0400] "GET / HTTP/1.1" 302 231 "http://game.cryptoctf.com/" "Mozilla/5.0 (Windows NT 6.3; Win64; x64; rv:49.0) Gecko/20100101 Firefox/49.0"
162.158.91.15 - - [23/May/2016:12:10:20 -0400] "GET /scoreboard/ HTTP/1.1" 200 13965 "http://game.cryptoctf.com/" "Mozilla/5.0 (Windows NT 6.3; Win64; x64; rv:49.0) Gecko/20100101 Firefox/49.0"
173.245.50.171 - - [23/May/2016:12:10:41 -0400] "GET / HTTP/1.1" 200 3597 "-" "Mozilla/5.0 (Macintosh; Intel Mac OS X 10_11_3) AppleWebKit/537.36 (KHTML, like Gecko) Chrome/45.0.2454.85 Safari/537.36"
108.162.215.112 - - [23/May/2016:12:10:41 -0400] "GET /static/baby_haystack_3388b3788d3890ab5dd47e55da66a0c7f05923ca8fc3f97908bd6a5286c8c011 HTTP/1.1" 200 224804589 "http://game.cryptoctf.com/challenges/" "Mozilla/5.0 (Windows NT 6.1; WOW64) AppleWebKit/537.36 (KHTML, like Gecko) Chrome/50.0.2661.94 Safari/537.36"
108.162.221.176 - - [23/May/2016:12:10:41 -0400] "GET /assets/css/main.css HTTP/1.1" 304 0 "http://cryptoctf.com/" "Mozilla/5.0 (Macintosh; Intel Mac OS X 10_11_3) AppleWebKit/537.36 (KHTML, like Gecko) Chrome/45.0.2454.85 Safari/537.36"
108.162.221.203 - - [23/May/2016:12:10:41 -0400] "GET /assets/js/skel.min.js HTTP/1.1" 304 0 "http://cryptoctf.com/" "Mozilla/5.0 (Macintosh; Intel Mac OS X 10_11_3) AppleWebKit/537.36 (KHTML, like Gecko) Chrome/45.0.2454.85 Safari/537.36"
108.162.221.173 - - [23/May/2016:12:10:41 -0400] "GET /assets/js/jquery.min.js HTTP/1.1" 304 0 "http://cryptoctf.com/" "Mozilla/5.0 (Macintosh; Intel Mac OS X 10_11_3) AppleWebKit/537.36 (KHTML, like Gecko) Chrome/45.0.2454.85 Safari/537.36"
108.162.221.176 - - [23/May/2016:12:10:41 -0400] "GET /assets/js/jquery.scrolly.min.js HTTP/1.1" 304 0 "http://cryptoctf.com/" "Mozilla/5.0 (Macintosh; Intel Mac OS X 10_11_3) AppleWebKit/537.36 (KHTML, like Gecko) Chrome/45.0.2454.85 Safari/537.36"
108.162.221.204 - - [23/May/2016:12:10:41 -0400] "GET /assets/js/jquery.scrollex.min.js HTTP/1.1" 304 0 "http://cryptoctf.com/" "Mozilla/5.0 (Macintosh; Intel Mac OS X 10_11_3) AppleWebKit/537.36 (KHTML, like Gecko) Chrome/45.0.2454.85 Safari/537.36"
108.162.221.195 - - [23/May/2016:12:10:41 -0400] "GET /assets/js/util.js HTTP/1.1" 304 0 "http://cryptoctf.com/" "Mozilla/5.0 (Macintosh; Intel Mac OS X 10_11_3) AppleWebKit/537.36 (KHTML, like Gecko) Chrome/45.0.2454.85 Safari/537.36"
108.162.221.149 - - [23/May/2016:12:10:41 -0400] "GET /assets/js/main.js HTTP/1.1" 304 0 "http://cryptoctf.com/" "Mozilla/5.0 (Macintosh; Intel Mac OS X 10_11_3) AppleWebKit/537.36 (KHTML, like Gecko) Chrome/45.0.2454.85 Safari/537.36"
108.162.221.147 - - [23/May/2016:12:10:41 -0400] "GET /assets/css/font-awesome.min.css HTTP/1.1" 304 0 "http://cryptoctf.com/" "Mozilla/5.0 (Macintosh; Intel Mac OS X 10_11_3) AppleWebKit/537.36 (KHTML, like Gecko) Chrome/45.0.2454.85 Safari/537.36"
173.245.50.151 - - [23/May/2016:12:10:42 -0400] "GET /assets/css/images/intro.svg HTTP/1.1" 304 0 "http://cryptoctf.com/assets/css/main.css" "Mozilla/5.0 (Macintosh; Intel Mac OS X 10_11_3) AppleWebKit/537.36 (KHTML, like Gecko) Chrome/45.0.2454.85 Safari/537.36"
108.162.221.145 - - [23/May/2016:12:10:42 -0400] "GET /assets/fonts/fontawesome-webfont.woff2?v=4.4.0 HTTP/1.1" 304 0 "http://cryptoctf.com/assets/css/font-awesome.min.css" "Mozilla/5.0 (Macintosh; Intel Mac OS X 10_11_3) AppleWebKit/537.36 (KHTML, like Gecko) Chrome/45.0.2454.85 Safari/537.36"
108.162.221.175 - - [23/May/2016:12:10:44 -0400] "GET / HTTP/1.1" 302 231 "http://cryptoctf.com/" "Mozilla/5.0 (Macintosh; Intel Mac OS X 10_11_3) AppleWebKit/537.36 (KHTML, like Gecko) Chrome/45.0.2454.85 Safari/537.36"
108.162.221.175 - - [23/May/2016:12:10:44 -0400] "GET /scoreboard/ HTTP/1.1" 200 13970 "http://cryptoctf.com/" "Mozilla/5.0 (Macintosh; Intel Mac OS X 10_11_3) AppleWebKit/537.36 (KHTML, like Gecko) Chrome/45.0.2454.85 Safari/537.36"
108.162.221.175 - - [23/May/2016:12:10:58 -0400] "POST /api/submit/49.json HTTP/1.1" 200 44 "http://game.cryptoctf.com/challenges/" "Mozilla/5.0 (Macintosh; Intel Mac OS X 10_11_2) AppleWebKit/537.36 (KHTML, like Gecko) Chrome/45.0.2454.99 Safari/537.36"
108.162.221.175 - - [23/May/2016:12:10:59 -0400] "GET /challenges/ HTTP/1.1" 200 16877 "http://game.cryptoctf.com/scoreboard/" "Mozilla/5.0 (Macintosh; Intel Mac OS X 10_11_3) AppleWebKit/537.36 (KHTML, like Gecko) Chrome/45.0.2454.85 Safari/537.36"
162.158.91.15 - - [23/May/2016:12:11:07 -0400] "GET /challenges/ HTTP/1.1" 200 16875 "http://game.cryptoctf.com/team/" "Mozilla/5.0 (Windows NT 6.3; Win64; x64; rv:49.0) Gecko/20100101 Firefox/49.0"
162.158.91.15 - - [23/May/2016:12:11:07 -0400] "GET / HTTP/1.1" 302 231 "http://game.cryptoctf.com/" "Mozilla/5.0 (Windows NT 6.3; Win64; x64; rv:49.0) Gecko/20100101 Firefox/49.0"
162.158.91.15 - - [23/May/2016:12:11:07 -0400] "GET /scoreboard/ HTTP/1.1" 200 13965 "http://game.cryptoctf.com/" "Mozilla/5.0 (Windows NT 6.3; Win64; x64; rv:49.0) Gecko/20100101 Firefox/49.0"
162.158.91.63 - - [23/May/2016:12:11:14 -0400] "POST /api/submit/32.json HTTP/1.1" 200 44 "http://game.cryptoctf.com/challenges/" "Mozilla/5.0 (Windows NT 6.1; WOW64; rv:46.0) Gecko/20100101 Firefox/46.0"
108.162.238.199 - - [23/May/2016:12:11:20 -0400] "GET /challenges/ HTTP/1.1" 200 16790 "http://game.cryptoctf.com/scoreboard/" "Mozilla/5.0 (Windows NT 6.1; Win64; x64) AppleWebKit/537.36 (KHTML, like Gecko) Chrome/50.0.2661.102 Safari/537.36"
108.162.238.197 - - [23/May/2016:12:11:23 -0400] "GET /favicon.ico HTTP/1.1" 404 209 "http://game.cryptoctf.com/challenges/" "Mozilla/5.0 (Windows NT 6.1; Win64; x64) AppleWebKit/537.36 (KHTML, like Gecko) Chrome/50.0.2661.102 Safari/537.36"
162.158.184.71 - - [23/May/2016:12:11:23 -0400] "GET /static/jumbled_up_8c47efe3c24498a179b66f54f01d14c843e6a6d35c745bcad8b9203f69be1bdf.txt HTTP/1.1" 200 112 "http://game.cryptoctf.com/challenges/" "Mozilla/5.0 (Windows NT 6.1; Win64; x64) AppleWebKit/537.36 (KHTML, like Gecko) Chrome/50.0.2661.102 Safari/537.36"
108.162.238.227 - - [23/May/2016:12:11:23 -0400] "GET /favicon.ico HTTP/1.1" 404 208 "http://cryptoctf.com/static/jumbled_up_8c47efe3c24498a179b66f54f01d14c843e6a6d35c745bcad8b9203f69be1bdf.txt" "Mozilla/5.0 (Windows NT 6.1; Win64; x64) AppleWebKit/537.36 (KHTML, like Gecko) Chrome/50.0.2661.102 Safari/537.36"
173.245.50.171 - - [23/May/2016:12:11:43 -0400] "GET /static/mia_1_1c1c58dbf3d072f5181a8cbcdbb4e2f2b862e42acb20a1357d57866ac34a8ec2.zip HTTP/1.1" 200 7638 "http://game.cryptoctf.com/challenges/" "Mozilla/5.0 (Macintosh; Intel Mac OS X 10_11_4) AppleWebKit/601.5.17 (KHTML, like Gecko) Version/9.1 Safari/601.5.17"
173.245.52.91 - - [23/May/2016:12:13:02 -0400] "GET /favicon.ico HTTP/1.1" 404 233 "-" "Mozilla/5.0 (X11; Ubuntu; Linux x86_64; rv:45.0) Gecko/20100101 Firefox/45.0"
162.158.91.63 - - [23/May/2016:12:13:17 -0400] "POST /api/submit/32.json HTTP/1.1" 200 44 "http://game.cryptoctf.com/challenges/" "Mozilla/5.0 (Windows NT 6.1; WOW64; rv:46.0) Gecko/20100101 Firefox/46.0"
162.158.91.63 - - [23/May/2016:12:13:26 -0400] "POST /api/submit/32.json HTTP/1.1" 200 44 "http://game.cryptoctf.com/challenges/" "Mozilla/5.0 (Windows NT 6.1; WOW64; rv:46.0) Gecko/20100101 Firefox/46.0"
162.158.91.15 - - [23/May/2016:12:13:40 -0400] "POST /api/submit/32.json HTTP/1.1" 200 44 "http://game.cryptoctf.com/challenges/" "Mozilla/5.0 (Windows NT 6.3; Win64; x64; rv:49.0) Gecko/20100101 Firefox/49.0"
173.245.50.171 - - [23/May/2016:12:15:14 -0400] "GET /static/leakyencryption_2257a546dfdcfbd43b3627b21f7acf988cd3be0016ce462972808fc1b1f4987e.out HTTP/1.1" 200 1493 "http://game.cryptoctf.com/challenges/" "Mozilla/5.0 (Macintosh; Intel Mac OS X 10_11_4) AppleWebKit/537.36 (KHTML, like Gecko) Chrome/50.0.2661.94 Safari/537.36"
108.162.221.175 - - [23/May/2016:12:15:40 -0400] "POST /api/submit/49.json HTTP/1.1" 200 44 "http://game.cryptoctf.com/challenges/" "Mozilla/5.0 (Macintosh; Intel Mac OS X 10_11_2) AppleWebKit/537.36 (KHTML, like Gecko) Chrome/45.0.2454.99 Safari/537.36"
108.162.221.175 - - [23/May/2016:12:15:46 -0400] "POST /api/submit/49.json HTTP/1.1" 200 44 "http://game.cryptoctf.com/challenges/" "Mozilla/5.0 (Macintosh; Intel Mac OS X 10_11_2) AppleWebKit/537.36 (KHTML, like Gecko) Chrome/45.0.2454.99 Safari/537.36"
108.162.219.157 - - [23/May/2016:12:15:47 -0400] "GET /assets/fonts/fontawesome-webfont.woff?v=4.4.0 HTTP/1.1" 304 0 "http://cryptoctf.com/" "Mozilla/5.0 (iPhone; CPU iPhone OS 9_3_2 like Mac OS X) AppleWebKit/601.1.46 (KHTML, like Gecko) Version/9.0 Mobile/13F69 Safari/601.1"
162.158.91.15 - - [23/May/2016:12:15:52 -0400] "POST /api/submit/32.json HTTP/1.1" 200 44 "http://game.cryptoctf.com/challenges/" "Mozilla/5.0 (Windows NT 6.3; Win64; x64; rv:49.0) Gecko/20100101 Firefox/49.0"
162.158.91.15 - - [23/May/2016:12:15:56 -0400] "POST /api/submit/32.json HTTP/1.1" 200 44 "http://game.cryptoctf.com/challenges/" "Mozilla/5.0 (Windows NT 6.3; Win64; x64; rv:49.0) Gecko/20100101 Firefox/49.0"
162.158.91.15 - - [23/May/2016:12:16:04 -0400] "POST /api/submit/32.json HTTP/1.1" 200 44 "http://game.cryptoctf.com/challenges/" "Mozilla/5.0 (Windows NT 6.3; Win64; x64; rv:49.0) Gecko/20100101 Firefox/49.0"
162.158.57.101 - - [23/May/2016:12:16:08 -0400] "POST /api/submit/47.json HTTP/1.1" 200 34 "http://game.cryptoctf.com/challenges/" "Mozilla/5.0 (Windows NT 6.1; WOW64) AppleWebKit/537.36 (KHTML, like Gecko) Chrome/50.0.2661.94 Safari/537.36"
162.158.57.101 - - [23/May/2016:12:16:27 -0400] "GET /scoreboard/ HTTP/1.1" 200 13986 "http://game.cryptoctf.com/challenges/" "Mozilla/5.0 (Windows NT 6.1; WOW64) AppleWebKit/537.36 (KHTML, like Gecko) Chrome/50.0.2661.102 Safari/537.36"
162.158.91.15 - - [23/May/2016:12:16:32 -0400] "POST /api/submit/32.json HTTP/1.1" 200 44 "http://game.cryptoctf.com/challenges/" "Mozilla/5.0 (Windows NT 6.3; Win64; x64; rv:49.0) Gecko/20100101 Firefox/49.0"
108.162.215.112 - - [23/May/2016:12:16:52 -0400] "GET /static/log_rules_2571b3d0c0cc307bf1acbddded64ab87893c6b6922a3f66317da4abec33e4e73.txt HTTP/1.1" 200 339 "http://game.cryptoctf.com/challenges/" "Mozilla/5.0 (Windows NT 6.1; WOW64) AppleWebKit/537.36 (KHTML, like Gecko) Chrome/50.0.2661.102 Safari/537.36"
162.158.57.101 - - [23/May/2016:12:17:04 -0400] "POST /api/submit/10.json HTTP/1.1" 200 44 "http://game.cryptoctf.com/challenges/" "Mozilla/5.0 (Windows NT 6.1; WOW64) AppleWebKit/537.36 (KHTML, like Gecko) Chrome/50.0.2661.102 Safari/537.36"
173.245.50.171 - - [23/May/2016:12:17:31 -0400] "GET /static/pulitzer_winner_835c6f0c9b8ab6ea66f969c6b2cf9336ba63a2bbfbb0561d51ea75f1a9f4bc3c.txt HTTP/1.1" 200 962 "http://game.cryptoctf.com/challenges/" "Mozilla/5.0 (Macintosh; Intel Mac OS X 10_11_2) AppleWebKit/537.36 (KHTML, like Gecko) Chrome/50.0.2661.102 Safari/537.36"
108.162.215.112 - - [23/May/2016:12:17:49 -0400] "GET /static/so_many_ff10c8108aa4b470a0da0d0b268a92166020bbb9d6c569faf1baf5f5cb7ff3ee HTTP/1.1" 304 0 "http://game.cryptoctf.com/challenges/" "Mozilla/5.0 (Windows NT 6.1; WOW64) AppleWebKit/537.36 (KHTML, like Gecko) Chrome/50.0.2661.102 Safari/537.36"
108.162.221.175 - - [23/May/2016:12:18:01 -0400] "GET /team/ HTTP/1.1" 200 3350 "http://game.cryptoctf.com/login/" "Mozilla/5.0 (Macintosh; Intel Mac OS X 10_11_2) AppleWebKit/537.36 (KHTML, like Gecko) Chrome/50.0.2661.102 Safari/537.36"
108.162.221.157 - - [23/May/2016:12:18:16 -0400] "GET /challenges/ HTTP/1.1" 200 16995 "http://game.cryptoctf.com/team/" "Mozilla/5.0 (Windows NT 6.1) AppleWebKit/537.36 (KHTML, like Gecko) Chrome/50.0.2661.94 Safari/537.36"
108.162.221.157 - - [23/May/2016:12:18:54 -0400] "GET /challenges/10/solves/ HTTP/1.1" 200 2587 "http://game.cryptoctf.com/challenges/" "Mozilla/5.0 (Windows NT 6.1) AppleWebKit/537.36 (KHTML, like Gecko) Chrome/50.0.2661.94 Safari/537.36"
108.162.221.157 - - [23/May/2016:12:19:03 -0400] "GET /challenges/ HTTP/1.1" 200 16995 "http://game.cryptoctf.com/challenges/10/solves/" "Mozilla/5.0 (Windows NT 6.1) AppleWebKit/537.36 (KHTML, like Gecko) Chrome/50.0.2661.94 Safari/537.36"
108.162.221.175 - - [23/May/2016:12:19:20 -0400] "POST /api/submit/19.json HTTP/1.1" 200 44 "http://game.cryptoctf.com/challenges/" "Mozilla/5.0 (Macintosh; Intel Mac OS X 10_11_4) AppleWebKit/601.5.17 (KHTML, like Gecko) Version/9.1 Safari/601.5.17"
108.162.229.169 - - [23/May/2016:12:19:30 -0400] "GET /register HTTP/1.1" 301 269 "-" "Mozilla/5.0 (Linux; Android 4.4.2; GT-I9190 Build/KOT49H) AppleWebKit/537.36 (KHTML, like Gecko) Chrome/50.0.2661.89 Mobile Safari/537.36"
162.158.192.5 - - [23/May/2016:12:19:31 -0400] "GET /register/ HTTP/1.1" 200 5834 "-" "Mozilla/5.0 (Linux; Android 4.4.2; GT-I9190 Build/KOT49H) AppleWebKit/537.36 (KHTML, like Gecko) Chrome/50.0.2661.89 Mobile Safari/537.36"
108.162.229.182 - - [23/May/2016:12:19:33 -0400] "GET /static/logo.png HTTP/1.1" 304 0 "http://game.cryptoctf.com/static/cryptoctf.css" "Mozilla/5.0 (Linux; Android 4.4.2; GT-I9190 Build/KOT49H) AppleWebKit/537.36 (KHTML, like Gecko) Chrome/50.0.2661.89 Mobile Safari/537.36"
173.245.49.79 - - [23/May/2016:12:19:36 -0400] "GET /favicon.ico HTTP/1.1" 404 233 "http://game.cryptoctf.com/register/" "Mozilla/5.0 (Linux; Android 4.4.2; GT-I9190 Build/KOT49H) AppleWebKit/537.36 (KHTML, like Gecko) Chrome/50.0.2661.89 Mobile Safari/537.36"
108.162.221.175 - - [23/May/2016:12:19:41 -0400] "POST /api/submit/19.json HTTP/1.1" 200 44 "http://game.cryptoctf.com/challenges/" "Mozilla/5.0 (Macintosh; Intel Mac OS X 10_11_4) AppleWebKit/601.5.17 (KHTML, like Gecko) Version/9.1 Safari/601.5.17"
108.162.221.175 - - [23/May/2016:12:19:50 -0400] "POST /api/submit/19.json HTTP/1.1" 200 44 "http://game.cryptoctf.com/challenges/" "Mozilla/5.0 (Macintosh; Intel Mac OS X 10_11_4) AppleWebKit/601.5.17 (KHTML, like Gecko) Version/9.1 Safari/601.5.17"
108.162.221.175 - - [23/May/2016:12:19:59 -0400] "POST /api/submit/19.json HTTP/1.1" 200 44 "http://game.cryptoctf.com/challenges/" "Mozilla/5.0 (Macintosh; Intel Mac OS X 10_11_4) AppleWebKit/601.5.17 (KHTML, like Gecko) Version/9.1 Safari/601.5.17"
173.245.50.162 - - [23/May/2016:12:20:00 -0400] "GET /static/txt_5820330758569b4bc5cf536cff7ea0c14b1877d5628b62cd0bd246a9649257b6.txt HTTP/1.1" 200 31 "http://game.cryptoctf.com/challenges/" "Mozilla/5.0 (Windows NT 6.1) AppleWebKit/537.36 (KHTML, like Gecko) Chrome/50.0.2661.94 Safari/537.36"
108.162.221.175 - - [23/May/2016:12:20:11 -0400] "POST /api/submit/19.json HTTP/1.1" 200 44 "http://game.cryptoctf.com/challenges/" "Mozilla/5.0 (Macintosh; Intel Mac OS X 10_11_4) AppleWebKit/601.5.17 (KHTML, like Gecko) Version/9.1 Safari/601.5.17"
173.245.52.92 - - [23/May/2016:12:20:21 -0400] "POST /api/submit/38.json HTTP/1.1" 200 44 "http://game.cryptoctf.com/challenges/" "Mozilla/5.0 (X11; Linux x86_64; rv:48.0) Gecko/20100101 Firefox/48.0"
173.245.52.92 - - [23/May/2016:12:20:26 -0400] "POST /api/submit/38.json HTTP/1.1" 200 34 "http://game.cryptoctf.com/challenges/" "Mozilla/5.0 (X11; Linux x86_64; rv:48.0) Gecko/20100101 Firefox/48.0"
162.158.91.15 - - [23/May/2016:12:20:42 -0400] "POST /api/submit/32.json HTTP/1.1" 200 44 "http://game.cryptoctf.com/challenges/" "Mozilla/5.0 (Windows NT 6.3; Win64; x64; rv:49.0) Gecko/20100101 Firefox/49.0"
162.158.91.15 - - [23/May/2016:12:20:46 -0400] "POST /api/submit/32.json HTTP/1.1" 200 44 "http://game.cryptoctf.com/challenges/" "Mozilla/5.0 (Windows NT 6.3; Win64; x64; rv:49.0) Gecko/20100101 Firefox/49.0"
162.158.91.15 - - [23/May/2016:12:20:49 -0400] "POST /api/submit/32.json HTTP/1.1" 200 44 "http://game.cryptoctf.com/challenges/" "Mozilla/5.0 (Windows NT 6.3; Win64; x64; rv:49.0) Gecko/20100101 Firefox/49.0"
162.158.91.15 - - [23/May/2016:12:20:53 -0400] "POST /api/submit/32.json HTTP/1.1" 200 44 "http://game.cryptoctf.com/challenges/" "Mozilla/5.0 (Windows NT 6.3; Win64; x64; rv:49.0) Gecko/20100101 Firefox/49.0"
173.245.52.83 - - [23/May/2016:12:21:02 -0400] "POST /api/submit/18.json HTTP/1.1" 200 44 "http://game.cryptoctf.com/challenges/" "Mozilla/5.0 (X11; Ubuntu; Linux x86_64; rv:45.0) Gecko/20100101 Firefox/45.0"
173.245.52.83 - - [23/May/2016:12:21:03 -0400] "POST /api/submit/18.json HTTP/1.1" 200 62 "http://game.cryptoctf.com/challenges/" "Mozilla/5.0 (X11; Ubuntu; Linux x86_64; rv:45.0) Gecko/20100101 Firefox/45.0"
173.245.52.83 - - [23/May/2016:12:21:12 -0400] "POST /api/submit/18.json HTTP/1.1" 200 44 "http://game.cryptoctf.com/challenges/" "Mozilla/5.0 (X11; Ubuntu; Linux x86_64; rv:45.0) Gecko/20100101 Firefox/45.0"
173.245.52.83 - - [23/May/2016:12:21:13 -0400] "GET /challenges/ HTTP/1.1" 200 109573 "http://game.cryptoctf.com/team/" "Mozilla/5.0 (X11; Ubuntu; Linux x86_64; rv:45.0) Gecko/20100101 Firefox/45.0"
162.158.192.5 - - [23/May/2016:12:21:16 -0400] "POST /register/ HTTP/1.1" 200 5920 "http://game.cryptoctf.com/register/" "Mozilla/5.0 (Linux; Android 4.4.2; GT-I9190 Build/KOT49H) AppleWebKit/537.36 (KHTML, like Gecko) Chrome/50.0.2661.89 Mobile Safari/537.36"
173.245.52.83 - - [23/May/2016:12:21:17 -0400] "POST /api/submit/18.json HTTP/1.1" 200 44 "http://game.cryptoctf.com/challenges/" "Mozilla/5.0 (X11; Ubuntu; Linux x86_64; rv:45.0) Gecko/20100101 Firefox/45.0"
173.245.52.90 - - [23/May/2016:12:21:46 -0400] "GET /static/blind_dc4f0beed887f29f597d6466aae4128440bffc80fe0c37064a531936479e2c71.zip HTTP/1.1" 200 501523 "http://game.cryptoctf.com/challenges/" "Mozilla/5.0 (X11; Linux x86_64; rv:48.0) Gecko/20100101 Firefox/48.0"
108.162.229.128 - - [23/May/2016:12:21:47 -0400] "GET /static/den_so_wave_e953d8f5c6e394b8749e93368b7796eb0ecbfc1e3793efcba9936ed17e61cefb.txt HTTP/1.1" 200 22500 "http://game.cryptoctf.com/challenges/" "Mozilla/5.0 (Macintosh; Intel Mac OS X 10.9; rv:46.0) Gecko/20100101 Firefox/46.0"
173.245.52.83 - - [23/May/2016:12:21:58 -0400] "GET /chat/ HTTP/1.1" 200 4424 "http://game.cryptoctf.com/challenges/" "Mozilla/5.0 (X11; Ubuntu; Linux x86_64; rv:45.0) Gecko/20100101 Firefox/45.0"
108.162.219.169 - - [23/May/2016:12:22:52 -0400] "GET /static/primey_rsa_455d2faa8de089762f1925239ac943dc3039f80254c10f1ee5231fdce7bb9646 HTTP/1.1" 200 1714 "http://game.cryptoctf.com/challenges/" "Mozilla/5.0 (X11; Ubuntu; Linux x86_64; rv:45.0) Gecko/20100101 Firefox/45.0"
173.245.50.162 - - [23/May/2016:12:23:38 -0400] "GET /static/baby_haystack_3388b3788d3890ab5dd47e55da66a0c7f05923ca8fc3f97908bd6a5286c8c011 HTTP/1.1" 200 224804589 "http://game.cryptoctf.com/challenges/" "Mozilla/5.0 (Windows NT 6.1) AppleWebKit/537.36 (KHTML, like Gecko) Chrome/50.0.2661.94 Safari/537.36"
162.158.91.15 - - [23/May/2016:12:25:11 -0400] "POST /api/submit/32.json HTTP/1.1" 200 44 "http://game.cryptoctf.com/challenges/" "Mozilla/5.0 (Windows NT 6.3; Win64; x64; rv:49.0) Gecko/20100101 Firefox/49.0"
162.158.91.15 - - [23/May/2016:12:25:20 -0400] "POST /api/submit/32.json HTTP/1.1" 200 44 "http://game.cryptoctf.com/challenges/" "Mozilla/5.0 (Windows NT 6.3; Win64; x64; rv:49.0) Gecko/20100101 Firefox/49.0"
162.158.57.101 - - [23/May/2016:12:25:22 -0400] "POST /api/submit/10.json HTTP/1.1" 200 44 "http://game.cryptoctf.com/challenges/" "Mozilla/5.0 (Windows NT 6.1; WOW64) AppleWebKit/537.36 (KHTML, like Gecko) Chrome/50.0.2661.102 Safari/537.36"
173.245.52.129 - - [23/May/2016:12:25:24 -0400] "POST /api/submit/18.json HTTP/1.1" 200 34 "http://game.cryptoctf.com/challenges/" "Mozilla/5.0 (X11; Ubuntu; Linux x86_64; rv:45.0) Gecko/20100101 Firefox/45.0"
162.158.91.15 - - [23/May/2016:12:25:24 -0400] "POST /api/submit/32.json HTTP/1.1" 200 44 "http://game.cryptoctf.com/challenges/" "Mozilla/5.0 (Windows NT 6.3; Win64; x64; rv:49.0) Gecko/20100101 Firefox/49.0"
162.158.91.15 - - [23/May/2016:12:25:28 -0400] "POST /api/submit/32.json HTTP/1.1" 200 44 "http://game.cryptoctf.com/challenges/" "Mozilla/5.0 (Windows NT 6.3; Win64; x64; rv:49.0) Gecko/20100101 Firefox/49.0"
162.158.91.15 - - [23/May/2016:12:25:32 -0400] "POST /api/submit/32.json HTTP/1.1" 200 44 "http://game.cryptoctf.com/challenges/" "Mozilla/5.0 (Windows NT 6.3; Win64; x64; rv:49.0) Gecko/20100101 Firefox/49.0"
162.158.91.15 - - [23/May/2016:12:25:37 -0400] "POST /api/submit/32.json HTTP/1.1" 200 44 "http://game.cryptoctf.com/challenges/" "Mozilla/5.0 (Windows NT 6.3; Win64; x64; rv:49.0) Gecko/20100101 Firefox/49.0"
162.158.57.101 - - [23/May/2016:12:25:37 -0400] "POST /api/submit/11.json HTTP/1.1" 200 44 "http://game.cryptoctf.com/challenges/" "Mozilla/5.0 (Windows NT 6.1; WOW64) AppleWebKit/537.36 (KHTML, like Gecko) Chrome/50.0.2661.102 Safari/537.36"
162.158.91.15 - - [23/May/2016:12:25:41 -0400] "POST /api/submit/32.json HTTP/1.1" 200 44 "http://game.cryptoctf.com/challenges/" "Mozilla/5.0 (Windows NT 6.3; Win64; x64; rv:49.0) Gecko/20100101 Firefox/49.0"
108.162.215.112 - - [23/May/2016:12:25:46 -0400] "GET /static/yellow_submarine_cc2b1310ec86a98e6bf883d40fb1130a293e83c0d3c06d6fc903034e1be2a65a.txt HTTP/1.1" 200 226 "http://game.cryptoctf.com/challenges/" "Mozilla/5.0 (Windows NT 6.1; WOW64) AppleWebKit/537.36 (KHTML, like Gecko) Chrome/50.0.2661.102 Safari/537.36"
162.158.91.15 - - [23/May/2016:12:25:51 -0400] "POST /api/submit/32.json HTTP/1.1" 200 44 "http://game.cryptoctf.com/challenges/" "Mozilla/5.0 (Windows NT 6.3; Win64; x64; rv:49.0) Gecko/20100101 Firefox/49.0"
173.245.52.129 - - [23/May/2016:12:26:04 -0400] "GET /scoreboard/ HTTP/1.1" 200 13978 "http://game.cryptoctf.com/challenges/" "Mozilla/5.0 (X11; Ubuntu; Linux x86_64; rv:45.0) Gecko/20100101 Firefox/45.0"
173.245.56.184 - - [23/May/2016:12:26:05 -0400] "GET / HTTP/1.1" 200 3597 "-" "Mozilla/5.0 (X11; Linux x86_64) AppleWebKit/537.36 (KHTML, like Gecko) Chrome/47.0.2526.106 Safari/537.36"
173.245.56.175 - - [23/May/2016:12:26:05 -0400] "GET /assets/fonts/fontawesome-webfont.woff2?v=4.4.0 HTTP/1.1" 304 0 "http://cryptoctf.com/assets/css/font-awesome.min.css" "Mozilla/5.0 (X11; Linux x86_64) AppleWebKit/537.36 (KHTML, like Gecko) Chrome/47.0.2526.106 Safari/537.36"
173.245.54.173 - - [23/May/2016:12:26:05 -0400] "GET /favicon.ico HTTP/1.1" 404 208 "http://cryptoctf.com/" "Mozilla/5.0 (X11; Linux x86_64) AppleWebKit/537.36 (KHTML, like Gecko) Chrome/47.0.2526.106 Safari/537.36"
108.162.229.131 - - [23/May/2016:12:26:11 -0400] "GET /static/pixels_75cbe4530f8fb8f92d8d4f6bf2e831ebbbfe15d9156c1a3faa5f3df51bccddb2.png HTTP/1.1" 200 45300 "http://game.cryptoctf.com/challenges/" "Mozilla/5.0 (Macintosh; Intel Mac OS X 10.9; rv:46.0) Gecko/20100101 Firefox/46.0"
173.245.54.213 - - [23/May/2016:12:26:11 -0400] "GET /login/ HTTP/1.1" 200 1442 "http://cryptoctf.com/" "Mozilla/5.0 (X11; Linux x86_64) AppleWebKit/537.36 (KHTML, like Gecko) Chrome/47.0.2526.106 Safari/537.36"
173.245.56.153 - - [23/May/2016:12:26:12 -0400] "GET /favicon.ico HTTP/1.1" 404 209 "http://game.cryptoctf.com/login/" "Mozilla/5.0 (X11; Linux x86_64) AppleWebKit/537.36 (KHTML, like Gecko) Chrome/47.0.2526.106 Safari/537.36"
173.245.54.213 - - [23/May/2016:12:26:14 -0400] "GET /register HTTP/1.1" 301 269 "http://game.cryptoctf.com/login/" "Mozilla/5.0 (X11; Linux x86_64) AppleWebKit/537.36 (KHTML, like Gecko) Chrome/47.0.2526.106 Safari/537.36"
173.245.54.213 - - [23/May/2016:12:26:14 -0400] "GET /register/ HTTP/1.1" 200 1871 "http://game.cryptoctf.com/login/" "Mozilla/5.0 (X11; Linux x86_64) AppleWebKit/537.36 (KHTML, like Gecko) Chrome/47.0.2526.106 Safari/537.36"
173.245.54.213 - - [23/May/2016:12:26:18 -0400] "GET /login/ HTTP/1.1" 200 1442 "http://game.cryptoctf.com/login/" "Mozilla/5.0 (X11; Linux x86_64) AppleWebKit/537.36 (KHTML, like Gecko) Chrome/47.0.2526.106 Safari/537.36"
162.158.91.15 - - [23/May/2016:12:26:20 -0400] "POST /api/submit/32.json HTTP/1.1" 200 44 "http://game.cryptoctf.com/challenges/" "Mozilla/5.0 (Windows NT 6.3; Win64; x64; rv:49.0) Gecko/20100101 Firefox/49.0"
162.158.91.15 - - [23/May/2016:12:26:24 -0400] "POST /api/submit/32.json HTTP/1.1" 200 44 "http://game.cryptoctf.com/challenges/" "Mozilla/5.0 (Windows NT 6.3; Win64; x64; rv:49.0) Gecko/20100101 Firefox/49.0"
162.158.91.63 - - [23/May/2016:12:26:28 -0400] "POST /api/submit/32.json HTTP/1.1" 200 44 "http://game.cryptoctf.com/challenges/" "Mozilla/5.0 (Windows NT 6.1; WOW64; rv:46.0) Gecko/20100101 Firefox/46.0"
162.158.91.63 - - [23/May/2016:12:26:38 -0400] "POST /api/submit/32.json HTTP/1.1" 200 44 "http://game.cryptoctf.com/challenges/" "Mozilla/5.0 (Windows NT 6.1; WOW64; rv:46.0) Gecko/20100101 Firefox/46.0"
108.162.221.157 - - [23/May/2016:12:26:39 -0400] "POST /api/submit/10.json HTTP/1.1" 200 44 "http://game.cryptoctf.com/challenges/" "Mozilla/5.0 (Windows NT 6.1) AppleWebKit/537.36 (KHTML, like Gecko) Chrome/50.0.2661.102 Safari/537.36"
108.162.221.157 - - [23/May/2016:12:26:42 -0400] "POST /api/submit/10.json HTTP/1.1" 200 44 "http://game.cryptoctf.com/challenges/" "Mozilla/5.0 (Windows NT 6.1) AppleWebKit/537.36 (KHTML, like Gecko) Chrome/50.0.2661.102 Safari/537.36"
108.162.221.157 - - [23/May/2016:12:26:43 -0400] "POST /api/submit/10.json HTTP/1.1" 200 62 "http://game.cryptoctf.com/challenges/" "Mozilla/5.0 (Windows NT 6.1) AppleWebKit/537.36 (KHTML, like Gecko) Chrome/50.0.2661.102 Safari/537.36"
108.162.221.157 - - [23/May/2016:12:27:11 -0400] "POST /api/submit/10.json HTTP/1.1" 200 44 "http://game.cryptoctf.com/challenges/" "Mozilla/5.0 (Windows NT 6.1) AppleWebKit/537.36 (KHTML, like Gecko) Chrome/50.0.2661.102 Safari/537.36"
108.162.229.128 - - [23/May/2016:12:27:12 -0400] "GET /static/another_haystack_80c5ecb26b73d50f55f16b566d1624bac2d1da5237c5e709ee265e8ff3247454 HTTP/1.1" 200 22343567 "http://game.cryptoctf.com/challenges/" "Mozilla/5.0 (Macintosh; Intel Mac OS X 10.9; rv:46.0) Gecko/20100101 Firefox/46.0"
162.158.91.15 - - [23/May/2016:12:27:14 -0400] "POST /api/submit/32.json HTTP/1.1" 200 44 "http://game.cryptoctf.com/challenges/" "Mozilla/5.0 (Windows NT 6.3; Win64; x64; rv:49.0) Gecko/20100101 Firefox/49.0"
108.162.221.157 - - [23/May/2016:12:27:14 -0400] "POST /api/submit/10.json HTTP/1.1" 200 44 "http://game.cryptoctf.com/challenges/" "Mozilla/5.0 (Windows NT 6.1) AppleWebKit/537.36 (KHTML, like Gecko) Chrome/50.0.2661.102 Safari/537.36"
162.158.91.15 - - [23/May/2016:12:27:17 -0400] "POST /api/submit/32.json HTTP/1.1" 200 44 "http://game.cryptoctf.com/challenges/" "Mozilla/5.0 (Windows NT 6.3; Win64; x64; rv:49.0) Gecko/20100101 Firefox/49.0"
108.162.221.157 - - [23/May/2016:12:27:17 -0400] "POST /api/submit/10.json HTTP/1.1" 200 44 "http://game.cryptoctf.com/challenges/" "Mozilla/5.0 (Windows NT 6.1) AppleWebKit/537.36 (KHTML, like Gecko) Chrome/50.0.2661.102 Safari/537.36"
108.162.221.157 - - [23/May/2016:12:27:18 -0400] "POST /api/submit/10.json HTTP/1.1" 200 62 "http://game.cryptoctf.com/challenges/" "Mozilla/5.0 (Windows NT 6.1) AppleWebKit/537.36 (KHTML, like Gecko) Chrome/50.0.2661.102 Safari/537.36"
108.162.221.157 - - [23/May/2016:12:27:18 -0400] "POST /api/submit/10.json HTTP/1.1" 200 62 "http://game.cryptoctf.com/challenges/" "Mozilla/5.0 (Windows NT 6.1) AppleWebKit/537.36 (KHTML, like Gecko) Chrome/50.0.2661.102 Safari/537.36"
162.158.91.15 - - [23/May/2016:12:27:22 -0400] "POST /api/submit/32.json HTTP/1.1" 200 44 "http://game.cryptoctf.com/challenges/" "Mozilla/5.0 (Windows NT 6.3; Win64; x64; rv:49.0) Gecko/20100101 Firefox/49.0"
162.158.91.15 - - [23/May/2016:12:27:28 -0400] "POST /api/submit/32.json HTTP/1.1" 200 44 "http://game.cryptoctf.com/challenges/" "Mozilla/5.0 (Windows NT 6.3; Win64; x64; rv:49.0) Gecko/20100101 Firefox/49.0"
162.158.91.15 - - [23/May/2016:12:27:33 -0400] "POST /api/submit/32.json HTTP/1.1" 200 44 "http://game.cryptoctf.com/challenges/" "Mozilla/5.0 (Windows NT 6.3; Win64; x64; rv:49.0) Gecko/20100101 Firefox/49.0"
108.162.221.157 - - [23/May/2016:12:27:39 -0400] "POST /api/submit/30.json HTTP/1.1" 200 44 "http://game.cryptoctf.com/challenges/" "Mozilla/5.0 (Windows NT 6.1) AppleWebKit/537.36 (KHTML, like Gecko) Chrome/50.0.2661.102 Safari/537.36"
162.158.91.15 - - [23/May/2016:12:27:39 -0400] "POST /api/submit/32.json HTTP/1.1" 200 44 "http://game.cryptoctf.com/challenges/" "Mozilla/5.0 (Windows NT 6.3; Win64; x64; rv:49.0) Gecko/20100101 Firefox/49.0"
108.162.221.157 - - [23/May/2016:12:27:40 -0400] "POST /api/submit/30.json HTTP/1.1" 200 62 "http://game.cryptoctf.com/challenges/" "Mozilla/5.0 (Windows NT 6.1) AppleWebKit/537.36 (KHTML, like Gecko) Chrome/50.0.2661.102 Safari/537.36"
162.158.91.15 - - [23/May/2016:12:27:44 -0400] "POST /api/submit/32.json HTTP/1.1" 200 44 "http://game.cryptoctf.com/challenges/" "Mozilla/5.0 (Windows NT 6.3; Win64; x64; rv:49.0) Gecko/20100101 Firefox/49.0"
108.162.221.157 - - [23/May/2016:12:27:44 -0400] "POST /api/submit/30.json HTTP/1.1" 200 44 "http://game.cryptoctf.com/challenges/" "Mozilla/5.0 (Windows NT 6.1) AppleWebKit/537.36 (KHTML, like Gecko) Chrome/50.0.2661.102 Safari/537.36"
108.162.221.157 - - [23/May/2016:12:27:45 -0400] "POST /api/submit/30.json HTTP/1.1" 200 62 "http://game.cryptoctf.com/challenges/" "Mozilla/5.0 (Windows NT 6.1) AppleWebKit/537.36 (KHTML, like Gecko) Chrome/50.0.2661.102 Safari/537.36"
162.158.91.15 - - [23/May/2016:12:27:49 -0400] "POST /api/submit/32.json HTTP/1.1" 200 44 "http://game.cryptoctf.com/challenges/" "Mozilla/5.0 (Windows NT 6.3; Win64; x64; rv:49.0) Gecko/20100101 Firefox/49.0"
108.162.221.157 - - [23/May/2016:12:27:53 -0400] "POST /api/submit/30.json HTTP/1.1" 200 44 "http://game.cryptoctf.com/challenges/" "Mozilla/5.0 (Windows NT 6.1) AppleWebKit/537.36 (KHTML, like Gecko) Chrome/50.0.2661.102 Safari/537.36"
162.158.91.15 - - [23/May/2016:12:27:53 -0400] "POST /api/submit/32.json HTTP/1.1" 200 44 "http://game.cryptoctf.com/challenges/" "Mozilla/5.0 (Windows NT 6.3; Win64; x64; rv:49.0) Gecko/20100101 Firefox/49.0"
162.158.91.15 - - [23/May/2016:12:27:59 -0400] "POST /api/submit/32.json HTTP/1.1" 200 44 "http://game.cryptoctf.com/challenges/" "Mozilla/5.0 (Windows NT 6.3; Win64; x64; rv:49.0) Gecko/20100101 Firefox/49.0"
108.162.221.157 - - [23/May/2016:12:28:04 -0400] "POST /api/submit/30.json HTTP/1.1" 200 34 "http://game.cryptoctf.com/challenges/" "Mozilla/5.0 (Windows NT 6.1) AppleWebKit/537.36 (KHTML, like Gecko) Chrome/50.0.2661.102 Safari/537.36"
108.162.229.128 - - [23/May/2016:12:28:10 -0400] "GET /static/fibcrypted_ba5938d0d739167f880344d788918e1b1caddcdcbc4033678a1d688d7f137482.txt HTTP/1.1" 200 32 "http://game.cryptoctf.com/challenges/" "Mozilla/5.0 (Macintosh; Intel Mac OS X 10.9; rv:46.0) Gecko/20100101 Firefox/46.0"
108.162.229.128 - - [23/May/2016:12:28:18 -0400] "GET /static/fibcrypted_ba5938d0d739167f880344d788918e1b1caddcdcbc4033678a1d688d7f137482.txt HTTP/1.1" 200 32 "-" "Mozilla/5.0 (Macintosh; Intel Mac OS X 10.9; rv:46.0) Gecko/20100101 Firefox/46.0"
108.162.221.157 - - [23/May/2016:12:28:27 -0400] "GET /challenges/ HTTP/1.1" 200 16961 "http://game.cryptoctf.com/team/" "Mozilla/5.0 (Windows NT 6.1) AppleWebKit/537.36 (KHTML, like Gecko) Chrome/50.0.2661.102 Safari/537.36"
108.162.221.204 - - [23/May/2016:12:28:27 -0400] "GET /static/api.js HTTP/1.1" 304 0 "http://game.cryptoctf.com/challenges/" "Mozilla/5.0 (Windows NT 6.1) AppleWebKit/537.36 (KHTML, like Gecko) Chrome/50.0.2661.102 Safari/537.36"
173.245.50.162 - - [23/May/2016:12:28:32 -0400] "GET /static/log_rules_2571b3d0c0cc307bf1acbddded64ab87893c6b6922a3f66317da4abec33e4e73.txt HTTP/1.1" 200 339 "http://game.cryptoctf.com/challenges/" "Mozilla/5.0 (Windows NT 6.1) AppleWebKit/537.36 (KHTML, like Gecko) Chrome/50.0.2661.102 Safari/537.36"
108.162.229.128 - - [23/May/2016:12:28:34 -0400] "GET /static/fibcrypted_ba5938d0d739167f880344d788918e1b1caddcdcbc4033678a1d688d7f137482.txt HTTP/1.1" 200 32 "http://game.cryptoctf.com/challenges/" "Mozilla/5.0 (Macintosh; Intel Mac OS X 10.9; rv:46.0) Gecko/20100101 Firefox/46.0"
173.245.54.213 - - [23/May/2016:12:28:35 -0400] "POST /login/ HTTP/1.1" 302 219 "http://game.cryptoctf.com/login/" "Mozilla/5.0 (X11; Linux x86_64) AppleWebKit/537.36 (KHTML, like Gecko) Chrome/47.0.2526.106 Safari/537.36"
173.245.54.213 - - [23/May/2016:12:28:35 -0400] "GET /team/ HTTP/1.1" 200 3727 "http://game.cryptoctf.com/login/" "Mozilla/5.0 (X11; Linux x86_64) AppleWebKit/537.36 (KHTML, like Gecko) Chrome/47.0.2526.106 Safari/537.36"
108.162.221.157 - - [23/May/2016:12:28:36 -0400] "GET /challenges/10/solves/ HTTP/1.1" 200 2590 "http://game.cryptoctf.com/challenges/" "Mozilla/5.0 (Windows NT 6.1) AppleWebKit/537.36 (KHTML, like Gecko) Chrome/50.0.2661.102 Safari/537.36"
108.162.229.128 - - [23/May/2016:12:28:44 -0400] "GET /static/fibcrypt_3b20083b1632931b1bda261401628211db01366c8605130f1bb60b099cf4db05.py HTTP/1.1" 200 862 "http://game.cryptoctf.com/challenges/" "Mozilla/5.0 (Macintosh; Intel Mac OS X 10.9; rv:46.0) Gecko/20100101 Firefox/46.0"
173.245.54.213 - - [23/May/2016:12:28:47 -0400] "GET /challenges/ HTTP/1.1" 200 16919 "http://game.cryptoctf.com/team/" "Mozilla/5.0 (X11; Linux x86_64) AppleWebKit/537.36 (KHTML, like Gecko) Chrome/47.0.2526.106 Safari/537.36"
173.245.54.213 - - [23/May/2016:12:28:51 -0400] "GET /scoreboard/ HTTP/1.1" 200 13975 "http://game.cryptoctf.com/challenges/" "Mozilla/5.0 (X11; Linux x86_64) AppleWebKit/537.36 (KHTML, like Gecko) Chrome/47.0.2526.106 Safari/537.36"
173.245.54.213 - - [23/May/2016:12:28:52 -0400] "GET /scoreboard/ HTTP/1.1" 200 13975 "http://game.cryptoctf.com/challenges/" "Mozilla/5.0 (X11; Linux x86_64) AppleWebKit/537.36 (KHTML, like Gecko) Chrome/47.0.2526.106 Safari/537.36"
173.245.50.162 - - [23/May/2016:12:30:09 -0400] "GET /static/txt_5820330758569b4bc5cf536cff7ea0c14b1877d5628b62cd0bd246a9649257b6.txt HTTP/1.1" 200 31 "http://game.cryptoctf.com/challenges/" "Mozilla/5.0 (Windows NT 6.1) AppleWebKit/537.36 (KHTML, like Gecko) Chrome/50.0.2661.102 Safari/537.36"
108.162.221.157 - - [23/May/2016:12:30:27 -0400] "GET /scoreboard/ HTTP/1.1" 200 13976 "http://game.cryptoctf.com/challenges/" "Mozilla/5.0 (Windows NT 6.1) AppleWebKit/537.36 (KHTML, like Gecko) Chrome/50.0.2661.102 Safari/537.36"
108.162.215.112 - - [23/May/2016:12:31:08 -0400] "GET /static/alltexthaystack_8bb2bd553f9da7d3ca06dce6faf61de5f3ba38043a505736c1d95889f8ea263d.txt HTTP/1.1" 200 15036222 "http://game.cryptoctf.com/challenges/" "Mozilla/5.0 (Windows NT 6.1; WOW64) AppleWebKit/537.36 (KHTML, like Gecko) Chrome/50.0.2661.94 Safari/537.36"
162.158.57.53 - - [23/May/2016:12:31:32 -0400] "GET /favicon.ico HTTP/1.1" 404 208 "http://cryptoctf.com/" "Mozilla/5.0 (Windows NT 6.1; WOW64) AppleWebKit/537.36 (KHTML, like Gecko) Chrome/50.0.2661.102 Safari/537.36"
162.158.57.101 - - [23/May/2016:12:31:35 -0400] "GET /login/ HTTP/1.1" 200 1440 "http://cryptoctf.com/" "Mozilla/5.0 (Windows NT 6.1; WOW64) AppleWebKit/537.36 (KHTML, like Gecko) Chrome/50.0.2661.102 Safari/537.36"
162.158.57.179 - - [23/May/2016:12:31:35 -0400] "GET /favicon.ico HTTP/1.1" 404 209 "http://game.cryptoctf.com/login/" "Mozilla/5.0 (Windows NT 6.1; WOW64) AppleWebKit/537.36 (KHTML, like Gecko) Chrome/50.0.2661.102 Safari/537.36"
162.158.57.101 - - [23/May/2016:12:31:39 -0400] "POST /login/ HTTP/1.1" 302 219 "http://game.cryptoctf.com/login/" "Mozilla/5.0 (Windows NT 6.1; WOW64) AppleWebKit/537.36 (KHTML, like Gecko) Chrome/50.0.2661.102 Safari/537.36"
162.158.57.101 - - [23/May/2016:12:31:39 -0400] "GET /team/ HTTP/1.1" 200 3493 "http://game.cryptoctf.com/login/" "Mozilla/5.0 (Windows NT 6.1; WOW64) AppleWebKit/537.36 (KHTML, like Gecko) Chrome/50.0.2661.102 Safari/537.36"
162.158.91.15 - - [23/May/2016:12:31:44 -0400] "POST /api/submit/32.json HTTP/1.1" 200 44 "http://game.cryptoctf.com/challenges/" "Mozilla/5.0 (Windows NT 6.3; Win64; x64; rv:49.0) Gecko/20100101 Firefox/49.0"
162.158.57.101 - - [23/May/2016:12:31:45 -0400] "GET /challenges/ HTTP/1.1" 200 16981 "http://game.cryptoctf.com/team/" "Mozilla/5.0 (Windows NT 6.1; WOW64) AppleWebKit/537.36 (KHTML, like Gecko) Chrome/50.0.2661.102 Safari/537.36"
162.158.91.15 - - [23/May/2016:12:31:47 -0400] "POST /api/submit/32.json HTTP/1.1" 200 44 "http://game.cryptoctf.com/challenges/" "Mozilla/5.0 (Windows NT 6.3; Win64; x64; rv:49.0) Gecko/20100101 Firefox/49.0"
162.158.91.15 - - [23/May/2016:12:31:51 -0400] "POST /api/submit/32.json HTTP/1.1" 200 44 "http://game.cryptoctf.com/challenges/" "Mozilla/5.0 (Windows NT 6.3; Win64; x64; rv:49.0) Gecko/20100101 Firefox/49.0"
162.158.91.15 - - [23/May/2016:12:31:54 -0400] "POST /api/submit/32.json HTTP/1.1" 200 44 "http://game.cryptoctf.com/challenges/" "Mozilla/5.0 (Windows NT 6.3; Win64; x64; rv:49.0) Gecko/20100101 Firefox/49.0"
162.158.91.15 - - [23/May/2016:12:31:58 -0400] "POST /api/submit/32.json HTTP/1.1" 200 44 "http://game.cryptoctf.com/challenges/" "Mozilla/5.0 (Windows NT 6.3; Win64; x64; rv:49.0) Gecko/20100101 Firefox/49.0"
108.162.215.112 - - [23/May/2016:12:32:07 -0400] "GET /static/txt_5820330758569b4bc5cf536cff7ea0c14b1877d5628b62cd0bd246a9649257b6.txt HTTP/1.1" 200 31 "http://game.cryptoctf.com/challenges/" "Mozilla/5.0 (Windows NT 6.1; WOW64) AppleWebKit/537.36 (KHTML, like Gecko) Chrome/50.0.2661.102 Safari/537.36"
162.158.91.15 - - [23/May/2016:12:32:16 -0400] "POST /api/submit/32.json HTTP/1.1" 200 44 "http://game.cryptoctf.com/challenges/" "Mozilla/5.0 (Windows NT 6.3; Win64; x64; rv:49.0) Gecko/20100101 Firefox/49.0"
162.158.91.15 - - [23/May/2016:12:32:20 -0400] "POST /api/submit/32.json HTTP/1.1" 200 44 "http://game.cryptoctf.com/challenges/" "Mozilla/5.0 (Windows NT 6.3; Win64; x64; rv:49.0) Gecko/20100101 Firefox/49.0"
162.158.91.15 - - [23/May/2016:12:32:24 -0400] "POST /api/submit/32.json HTTP/1.1" 200 44 "http://game.cryptoctf.com/challenges/" "Mozilla/5.0 (Windows NT 6.3; Win64; x64; rv:49.0) Gecko/20100101 Firefox/49.0"
108.162.215.199 - - [23/May/2016:12:32:39 -0400] "GET /challenges/ HTTP/1.1" 200 16734 "-" "Mozilla/5.0 (Windows NT 10.0; WOW64) AppleWebKit/537.36 (KHTML, like Gecko) Chrome/50.0.2661.102 Safari/537.36"
173.245.54.213 - - [23/May/2016:12:33:10 -0400] "GET /scoreboard/ HTTP/1.1" 200 13993 "http://game.cryptoctf.com/scoreboard/" "Mozilla/5.0 (X11; Linux x86_64) AppleWebKit/537.36 (KHTML, like Gecko) Chrome/47.0.2526.106 Safari/537.36"
173.245.54.213 - - [23/May/2016:12:33:17 -0400] "GET /challenges/ HTTP/1.1" 200 16919 "http://game.cryptoctf.com/scoreboard/" "Mozilla/5.0 (X11; Linux x86_64) AppleWebKit/537.36 (KHTML, like Gecko) Chrome/47.0.2526.106 Safari/537.36"
173.245.56.184 - - [23/May/2016:12:33:24 -0400] "GET /static/log_rules_2571b3d0c0cc307bf1acbddded64ab87893c6b6922a3f66317da4abec33e4e73.txt HTTP/1.1" 200 339 "http://game.cryptoctf.com/challenges/" "Mozilla/5.0 (X11; Linux x86_64) AppleWebKit/537.36 (KHTML, like Gecko) Chrome/47.0.2526.106 Safari/537.36"
108.162.219.132 - - [23/May/2016:12:33:36 -0400] "GET /static/alltexthaystack_8bb2bd553f9da7d3ca06dce6faf61de5f3ba38043a505736c1d95889f8ea263d.txt HTTP/1.1" 200 15036222 "http://game.cryptoctf.com/challenges/" "Mozilla/5.0 (Windows NT 6.3; Win64; x64) AppleWebKit/537.36 (KHTML, like Gecko) Chrome/50.0.2661.102 Safari/537.36"
173.245.54.213 - - [23/May/2016:12:34:01 -0400] "GET /challenges/10/solves/ HTTP/1.1" 200 2617 "http://game.cryptoctf.com/challenges/" "Mozilla/5.0 (X11; Linux x86_64) AppleWebKit/537.36 (KHTML, like Gecko) Chrome/47.0.2526.106 Safari/537.36"
108.162.219.132 - - [23/May/2016:12:35:07 -0400] "GET /static/psychic3_4ba3830feaededaa4f08fa7d476ff317fa3175aa8d9acf9d02bc81a75ef4808d.zip HTTP/1.1" 200 12017 "http://game.cryptoctf.com/challenges/" "Mozilla/5.0 (Windows NT 6.3; Win64; x64) AppleWebKit/537.36 (KHTML, like Gecko) Chrome/50.0.2661.102 Safari/537.36"
162.158.91.15 - - [23/May/2016:12:35:52 -0400] "GET /scoreboard/ HTTP/1.1" 200 13991 "http://game.cryptoctf.com/challenges/" "Mozilla/5.0 (Windows NT 6.3; Win64; x64; rv:49.0) Gecko/20100101 Firefox/49.0"
162.158.91.15 - - [23/May/2016:12:35:52 -0400] "GET / HTTP/1.1" 302 231 "http://game.cryptoctf.com/" "Mozilla/5.0 (Windows NT 6.3; Win64; x64; rv:49.0) Gecko/20100101 Firefox/49.0"
162.158.91.15 - - [23/May/2016:12:35:52 -0400] "GET /scoreboard/ HTTP/1.1" 200 13991 "http://game.cryptoctf.com/" "Mozilla/5.0 (Windows NT 6.3; Win64; x64; rv:49.0) Gecko/20100101 Firefox/49.0"
108.162.215.112 - - [23/May/2016:12:35:58 -0400] "GET /static/so_many_ff10c8108aa4b470a0da0d0b268a92166020bbb9d6c569faf1baf5f5cb7ff3ee HTTP/1.1" 304 0 "http://game.cryptoctf.com/challenges/" "Mozilla/5.0 (Windows NT 6.1; WOW64) AppleWebKit/537.36 (KHTML, like Gecko) Chrome/50.0.2661.102 Safari/537.36"
173.245.56.184 - - [23/May/2016:12:36:09 -0400] "GET /static/txt_5820330758569b4bc5cf536cff7ea0c14b1877d5628b62cd0bd246a9649257b6.txt HTTP/1.1" 200 31 "http://game.cryptoctf.com/challenges/" "Mozilla/5.0 (X11; Linux x86_64) AppleWebKit/537.36 (KHTML, like Gecko) Chrome/47.0.2526.106 Safari/537.36"
108.162.219.132 - - [23/May/2016:12:36:14 -0400] "GET /static/decryptme_4f145949fa5e76e3b809eb0b75fea21d2ce00d30dd9cb9149b7541f20519e4cd HTTP/1.1" 200 153 "http://game.cryptoctf.com/challenges/" "Mozilla/5.0 (Windows NT 6.3; Win64; x64) AppleWebKit/537.36 (KHTML, like Gecko) Chrome/50.0.2661.102 Safari/537.36"
173.245.50.149 - - [23/May/2016:12:36:16 -0400] "GET /login/ HTTP/1.1" 200 1497 "http://cryptoctf.com/" "Mozilla/5.0 (Macintosh; Intel Mac OS X 10_11_5) AppleWebKit/537.36 (KHTML, like Gecko) Chrome/50.0.2661.102 Safari/537.36"
172.68.26.198 - - [23/May/2016:12:36:23 -0400] "GET / HTTP/1.1" 304 0 "-" "Mozilla/5.0 (Windows NT 6.1) AppleWebKit/537.36 (KHTML, like Gecko) Chrome/50.0.2661.102 Safari/537.36"
173.245.50.149 - - [23/May/2016:12:36:24 -0400] "POST /login/ HTTP/1.1" 302 219 "http://game.cryptoctf.com/login/" "Mozilla/5.0 (Macintosh; Intel Mac OS X 10_11_5) AppleWebKit/537.36 (KHTML, like Gecko) Chrome/50.0.2661.102 Safari/537.36"
173.245.50.149 - - [23/May/2016:12:36:24 -0400] "GET /team/ HTTP/1.1" 200 3548 "http://game.cryptoctf.com/login/" "Mozilla/5.0 (Macintosh; Intel Mac OS X 10_11_5) AppleWebKit/537.36 (KHTML, like Gecko) Chrome/50.0.2661.102 Safari/537.36"
172.68.26.229 - - [23/May/2016:12:36:25 -0400] "GET /favicon.ico HTTP/1.1" 404 579 "http://cryptoctf.com/" "Mozilla/5.0 (Windows NT 6.1) AppleWebKit/537.36 (KHTML, like Gecko) Chrome/50.0.2661.102 Safari/537.36"
172.68.26.241 - - [23/May/2016:12:36:29 -0400] "GET /login/ HTTP/1.1" 200 4959 "http://cryptoctf.com/" "Mozilla/5.0 (Windows NT 6.1) AppleWebKit/537.36 (KHTML, like Gecko) Chrome/50.0.2661.102 Safari/537.36"
172.68.27.14 - - [23/May/2016:12:36:30 -0400] "GET /favicon.ico HTTP/1.1" 404 233 "http://game.cryptoctf.com/login/" "Mozilla/5.0 (Windows NT 6.1) AppleWebKit/537.36 (KHTML, like Gecko) Chrome/50.0.2661.102 Safari/537.36"
172.68.26.241 - - [23/May/2016:12:36:33 -0400] "POST /login/ HTTP/1.1" 302 219 "http://game.cryptoctf.com/login/" "Mozilla/5.0 (Windows NT 6.1) AppleWebKit/537.36 (KHTML, like Gecko) Chrome/50.0.2661.102 Safari/537.36"
172.68.26.241 - - [23/May/2016:12:36:33 -0400] "GET /team/ HTTP/1.1" 200 10393 "http://game.cryptoctf.com/login/" "Mozilla/5.0 (Windows NT 6.1) AppleWebKit/537.36 (KHTML, like Gecko) Chrome/50.0.2661.102 Safari/537.36"
173.245.50.149 - - [23/May/2016:12:36:47 -0400] "GET /challenges/ HTTP/1.1" 200 16915 "http://game.cryptoctf.com/team/" "Mozilla/5.0 (Macintosh; Intel Mac OS X 10_11_5) AppleWebKit/537.36 (KHTML, like Gecko) Chrome/50.0.2661.102 Safari/537.36"
172.68.26.241 - - [23/May/2016:12:37:00 -0400] "GET /challenges/ HTTP/1.1" 200 128138 "http://game.cryptoctf.com/team/" "Mozilla/5.0 (Windows NT 6.1) AppleWebKit/537.36 (KHTML, like Gecko) Chrome/50.0.2661.102 Safari/537.36"
172.68.26.241 - - [23/May/2016:12:37:01 -0400] "GET /chat/ HTTP/1.1" 200 4427 "http://game.cryptoctf.com/challenges/" "Mozilla/5.0 (Windows NT 6.1) AppleWebKit/537.36 (KHTML, like Gecko) Chrome/50.0.2661.102 Safari/537.36"
172.68.26.241 - - [23/May/2016:12:37:01 -0400] "GET /challenges/ HTTP/1.1" 200 66225 "http://game.cryptoctf.com/challenges/" "Mozilla/5.0 (Windows NT 6.1) AppleWebKit/537.36 (KHTML, like Gecko) Chrome/50.0.2661.102 Safari/537.36"
172.68.26.241 - - [23/May/2016:12:37:05 -0400] "GET /chat/ HTTP/1.1" 200 4427 "http://game.cryptoctf.com/challenges/" "Mozilla/5.0 (Windows NT 6.1) AppleWebKit/537.36 (KHTML, like Gecko) Chrome/50.0.2661.102 Safari/537.36"
172.68.26.241 - - [23/May/2016:12:37:07 -0400] "GET /challenges/ HTTP/1.1" 200 128138 "http://game.cryptoctf.com/chat/" "Mozilla/5.0 (Windows NT 6.1) AppleWebKit/537.36 (KHTML, like Gecko) Chrome/50.0.2661.102 Safari/537.36"
162.158.184.59 - - [23/May/2016:12:38:34 -0400] "GET /challenges/ HTTP/1.1" 200 131616 "http://game.cryptoctf.com/scoreboard/" "Mozilla/5.0 (Windows NT 10.0; WOW64) AppleWebKit/537.36 (KHTML, like Gecko) Chrome/50.0.2661.102 Safari/537.36"
108.162.238.239 - - [23/May/2016:12:38:34 -0400] "GET /static/logo.png HTTP/1.1" 304 0 "http://game.cryptoctf.com/static/cryptoctf.css" "Mozilla/5.0 (Windows NT 10.0; WOW64) AppleWebKit/537.36 (KHTML, like Gecko) Chrome/50.0.2661.102 Safari/537.36"
108.162.219.171 - - [23/May/2016:12:38:50 -0400] "GET / HTTP/1.1" 200 3597 "http://www.traackr.com/" "Traackr.com"
108.162.219.171 - - [23/May/2016:12:38:50 -0400] "GET / HTTP/1.1" 200 3597 "http://www.traackr.com/" "Traackr.com"
108.162.219.171 - - [23/May/2016:12:38:50 -0400] "GET / HTTP/1.1" 200 3597 "http://www.traackr.com/" "Traackr.com"
162.158.57.101 - - [23/May/2016:12:39:37 -0400] "GET /login/ HTTP/1.1" 200 1496 "http://cryptoctf.com/" "Mozilla/5.0 (Windows NT 6.1; WOW64) AppleWebKit/537.36 (KHTML, like Gecko) Chrome/50.0.2661.102 Safari/537.36"
162.158.57.101 - - [23/May/2016:12:39:41 -0400] "POST /login/ HTTP/1.1" 302 219 "http://game.cryptoctf.com/login/" "Mozilla/5.0 (Windows NT 6.1; WOW64) AppleWebKit/537.36 (KHTML, like Gecko) Chrome/50.0.2661.102 Safari/537.36"
162.158.57.101 - - [23/May/2016:12:39:42 -0400] "GET /team/ HTTP/1.1" 200 3493 "http://game.cryptoctf.com/login/" "Mozilla/5.0 (Windows NT 6.1; WOW64) AppleWebKit/537.36 (KHTML, like Gecko) Chrome/50.0.2661.102 Safari/537.36"
162.158.57.101 - - [23/May/2016:12:40:00 -0400] "POST /team/ HTTP/1.1" 302 219 "http://game.cryptoctf.com/team/" "Mozilla/5.0 (Windows NT 6.1; WOW64) AppleWebKit/537.36 (KHTML, like Gecko) Chrome/50.0.2661.102 Safari/537.36"
162.158.57.101 - - [23/May/2016:12:40:00 -0400] "GET /team/ HTTP/1.1" 200 3496 "http://game.cryptoctf.com/team/" "Mozilla/5.0 (Windows NT 6.1; WOW64) AppleWebKit/537.36 (KHTML, like Gecko) Chrome/50.0.2661.102 Safari/537.36"
162.158.57.101 - - [23/May/2016:12:40:17 -0400] "GET /challenges/ HTTP/1.1" 200 16985 "http://game.cryptoctf.com/team/" "Mozilla/5.0 (Windows NT 6.1; WOW64) AppleWebKit/537.36 (KHTML, like Gecko) Chrome/50.0.2661.102 Safari/537.36"
162.158.57.101 - - [23/May/2016:12:41:15 -0400] "GET /challenges/54/solves/ HTTP/1.1" 200 1561 "http://game.cryptoctf.com/challenges/" "Mozilla/5.0 (Windows NT 6.1; WOW64) AppleWebKit/537.36 (KHTML, like Gecko) Chrome/50.0.2661.94 Safari/537.36"
172.68.26.198 - - [23/May/2016:12:41:16 -0400] "GET /static/letter_math_479892bce704647832f1547859b080197693f44a3478cccab5928b709e4c291f.txt HTTP/1.1" 200 531 "http://game.cryptoctf.com/challenges/" "Mozilla/5.0 (Windows NT 6.1) AppleWebKit/537.36 (KHTML, like Gecko) Chrome/50.0.2661.102 Safari/537.36"
162.158.184.71 - - [23/May/2016:12:41:31 -0400] "GET / HTTP/1.1" 304 0 "-" "Mozilla/5.0 (Windows NT 6.1; Win64; x64) AppleWebKit/537.36 (KHTML, like Gecko) Chrome/50.0.2661.102 Safari/537.36"
162.158.184.71 - - [23/May/2016:12:41:31 -0400] "GET /assets/js/jquery.scrollex.min.js HTTP/1.1" 304 0 "http://cryptoctf.com/" "Mozilla/5.0 (Windows NT 6.1; Win64; x64) AppleWebKit/537.36 (KHTML, like Gecko) Chrome/50.0.2661.102 Safari/537.36"
162.158.184.77 - - [23/May/2016:12:41:31 -0400] "GET /assets/css/main.css HTTP/1.1" 304 0 "http://cryptoctf.com/" "Mozilla/5.0 (Windows NT 6.1; Win64; x64) AppleWebKit/537.36 (KHTML, like Gecko) Chrome/50.0.2661.102 Safari/537.36"
108.162.238.194 - - [23/May/2016:12:41:31 -0400] "GET /assets/js/jquery.min.js HTTP/1.1" 304 0 "http://cryptoctf.com/" "Mozilla/5.0 (Windows NT 6.1; Win64; x64) AppleWebKit/537.36 (KHTML, like Gecko) Chrome/50.0.2661.102 Safari/537.36"
108.162.238.206 - - [23/May/2016:12:41:31 -0400] "GET /assets/js/skel.min.js HTTP/1.1" 304 0 "http://cryptoctf.com/" "Mozilla/5.0 (Windows NT 6.1; Win64; x64) AppleWebKit/537.36 (KHTML, like Gecko) Chrome/50.0.2661.102 Safari/537.36"
108.162.238.201 - - [23/May/2016:12:41:31 -0400] "GET /assets/js/util.js HTTP/1.1" 304 0 "http://cryptoctf.com/" "Mozilla/5.0 (Windows NT 6.1; Win64; x64) AppleWebKit/537.36 (KHTML, like Gecko) Chrome/50.0.2661.102 Safari/537.36"
108.162.238.254 - - [23/May/2016:12:41:31 -0400] "GET /assets/js/jquery.scrolly.min.js HTTP/1.1" 304 0 "http://cryptoctf.com/" "Mozilla/5.0 (Windows NT 6.1; Win64; x64) AppleWebKit/537.36 (KHTML, like Gecko) Chrome/50.0.2661.102 Safari/537.36"
108.162.238.203 - - [23/May/2016:12:41:31 -0400] "GET /assets/js/main.js HTTP/1.1" 304 0 "http://cryptoctf.com/" "Mozilla/5.0 (Windows NT 6.1; Win64; x64) AppleWebKit/537.36 (KHTML, like Gecko) Chrome/50.0.2661.102 Safari/537.36"
162.158.184.71 - - [23/May/2016:12:41:31 -0400] "GET /assets/css/font-awesome.min.css HTTP/1.1" 304 0 "http://cryptoctf.com/" "Mozilla/5.0 (Windows NT 6.1; Win64; x64) AppleWebKit/537.36 (KHTML, like Gecko) Chrome/50.0.2661.102 Safari/537.36"
162.158.184.41 - - [23/May/2016:12:41:31 -0400] "GET /assets/fonts/fontawesome-webfont.woff2?v=4.4.0 HTTP/1.1" 304 0 "http://cryptoctf.com/assets/css/font-awesome.min.css" "Mozilla/5.0 (Windows NT 6.1; Win64; x64) AppleWebKit/537.36 (KHTML, like Gecko) Chrome/50.0.2661.102 Safari/537.36"
162.158.184.113 - - [23/May/2016:12:41:31 -0400] "GET /assets/css/images/intro.svg HTTP/1.1" 304 0 "http://cryptoctf.com/assets/css/main.css" "Mozilla/5.0 (Windows NT 6.1; Win64; x64) AppleWebKit/537.36 (KHTML, like Gecko) Chrome/50.0.2661.102 Safari/537.36"
